11-30 15:30:09.072  3083  3083 I ps      : type=1400 audit(0.0:368): avc: denied { read } for name="cmdline" dev="proc" ino=8824 scontext=u:r:untrusted_app:s0:c512,c768 tcontext=u:r:init:s0 tclass=file permissive=1
11-30 15:30:09.072  3083  3083 I ps      : type=1400 audit(0.0:369): avc: denied { open } for path="/proc/1/cmdline" dev="proc" ino=8824 scontext=u:r:untrusted_app:s0:c512,c768 tcontext=u:r:init:s0 tclass=file permissive=1
11-30 15:30:09.072  3083  3083 I ps      : type=1400 audit(0.0:370): avc: denied { getattr } for path="/proc/2" dev="proc" ino=10325 scontext=u:r:untrusted_app:s0:c512,c768 tcontext=u:r:kernel:s0 tclass=dir permissive=1
11-30 15:30:09.072  3083  3083 I ps      : type=1400 audit(0.0:371): avc: denied { search } for name="2" dev="proc" ino=10325 scontext=u:r:untrusted_app:s0:c512,c768 tcontext=u:r:kernel:s0 tclass=dir permissive=1
11-30 15:30:09.072  3083  3083 I ps      : type=1400 audit(0.0:372): avc: denied { read } for name="cmdline" dev="proc" ino=10421 scontext=u:r:untrusted_app:s0:c512,c768 tcontext=u:r:kernel:s0 tclass=file permissive=1
11-30 15:30:09.072  3083  3083 I ps      : type=1400 audit(0.0:373): avc: denied { open } for path="/proc/2/cmdline" dev="proc" ino=10421 scontext=u:r:untrusted_app:s0:c512,c768 tcontext=u:r:kernel:s0 tclass=file permissive=1
11-30 15:30:11.251  2759  3049 V UpdateUI: Network: active, disconnected
11-30 15:30:11.255  2759  3049 I EventLoopManager: Lost connection while running OpMode: $Stop$Robot$
11-30 15:30:11.256  2759  3049 V NetworkConnectionHandler: Peer connection lost
11-30 15:30:11.378  2759  2869 V SoundInfo: construct(0x00bf691d)
11-30 15:30:11.400  2759  2868 I MediaCodec: callingProcessName:com.qualcomm.ftcrobotcontroller
11-30 15:30:11.402  2759  3098 I ACodec  : onAllocateComponent:6752 mSoftCodecPref:0 componentName:
11-30 15:30:11.403  2759  3098 I ACodec  : onAllocateComponent:6783 mSoftCodecPref:0 componentName:OMX.google.raw.decoder
11-30 15:30:11.430  2759  2794 D SoundPlayer: onLoadComplete(samp=3|ms=901, samp=3)=0
11-30 15:30:11.432  2759  2869 W AudioTrack: AUDIO_OUTPUT_FLAG_FAST denied by client; transfer 4, track 48000 Hz, output 44100 Hz
11-30 15:30:11.450  2759  2869 D SoundPlayer: playing volume=0.000000 samp=3|ms=901
11-30 15:30:11.779  2759  2883 V RobotCore: thread: ...terminating 'OpModeThread'
11-30 15:30:11.782  2759  2870 I RobotCore: Attempting to switch to OpMode $Stop$Robot$
11-30 15:30:11.783  2759  2870 D HardwareMap: Clearing which device instances have been retrieved
11-30 15:30:11.787  2759  3103 V RobotCore: thread: 'OpModeThread' starting...
11-30 15:30:14.007  2759  2859 V EventLoopManager: Setting authoritative wall clock based on connected DS.
11-30 15:30:14.007  2759  2859 D Uvc     : [time.cpp:64] Java_org_firstinspires_ftc_robotcore_internal_system_AppUtil_nativeSetCurrentTimeMillis()...
11-30 15:30:09.351  2759  2859 I JniTime : [time.cpp:83] settimeofday() succeeded
11-30 15:30:09.351  2759  2859 D Uvc     : [time.cpp:64] ...Java_org_firstinspires_ftc_robotcore_internal_system_AppUtil_nativeSetCurrentTimeMillis()
11-30 15:30:09.354  2759  2859 V AppUtil : attempted to set timezone: before=America/Chicago after=America/Chicago
11-30 15:30:09.354  2759  3049 V Robocol : Giving up on command CMD_PLAY_SOUND(586) after 0 attempts
11-30 15:30:09.354  2759  3049 V Robocol : sending CMD_NOTIFY_INIT_OP_MODE(595), attempt: 0
11-30 15:30:09.356  2759  3049 V Robocol : sending CMD_NOTIFY_RUN_OP_MODE(598), attempt: 0
11-30 15:30:09.364  2759  2857 V UpdateUI: Network: active, connected
11-30 15:30:09.365  2759  2857 D FTCService: Sending user device types and preferences to driver station
11-30 15:30:09.388  2759  2857 V NetDiscover_prefremrc: sendAllPreferences()
11-30 15:30:09.389  2759  2857 V NetDiscover_prefremrc: sending RC pref name=pref_wifip2p_remote_channel_change_works value=false
11-30 15:30:09.390  2759  2857 V NetDiscover_prefremrc: sending RC pref name=pref_device_name value=FTC-Rp5V
11-30 15:30:09.391  2759  2857 V NetDiscover_prefremrc: sending RC pref name=pref_warn_about_incorrect_clocks value=true
11-30 15:30:09.392  2759  2857 V NetDiscover_prefremrc: sending RC pref name=pref_warn_about_obsolete_software value=true
11-30 15:30:09.392  2759  2857 V NetDiscover_prefremrc: sending RC pref name=pref_has_speaker value=false
11-30 15:30:09.393  2759  2857 V NetDiscover_prefremrc: sending RC pref name=pref_warn_about_2_4_ghz_band value=true
11-30 15:30:09.393  2759  3049 V Robocol : sending CMD_NOTIFY_USER_DEVICE_LIST(623), attempt: 0
11-30 15:30:09.394  2759  2857 V NetDiscover_prefremrc: sending RC pref name=pref_has_independent_phone_battery value=false
11-30 15:30:09.395  2759  2857 V NetDiscover_prefremrc: sending RC pref name=pref_app_theme value=red
11-30 15:30:09.395  2759  2857 V NetDiscover_prefremrc: sending RC pref name=pref_warn_about_mismatched_app_versions value=true
11-30 15:30:09.396  2759  3049 V Robocol : sending CMD_ROBOT_CONTROLLER_PREFERENCE(624), attempt: 0
11-30 15:30:09.396  2759  2857 V NetDiscover_prefremrc: sending RC pref name=pref_sound_on_off value=false
11-30 15:30:09.397  2759  2857 V NetworkConnectionHandler: Peer connection established
11-30 15:30:09.397  2759  3049 V Robocol : sending CMD_ROBOT_CONTROLLER_PREFERENCE(625), attempt: 0
11-30 15:30:09.398  2759  3049 V Robocol : sending CMD_ROBOT_CONTROLLER_PREFERENCE(626), attempt: 0
11-30 15:30:09.399  2759  3049 V Robocol : sending CMD_ROBOT_CONTROLLER_PREFERENCE(627), attempt: 0
11-30 15:30:09.400  2759  3049 V Robocol : sending CMD_ROBOT_CONTROLLER_PREFERENCE(628), attempt: 0
11-30 15:30:09.419  2759  2857 V Robocol : packet processing took 56.4ms: type=PEER_DISCOVERY
11-30 15:30:09.433  2759  3049 V Robocol : sending CMD_ROBOT_CONTROLLER_PREFERENCE(629), attempt: 0
11-30 15:30:09.434  2759  3049 V Robocol : sending CMD_ROBOT_CONTROLLER_PREFERENCE(630), attempt: 0
11-30 15:30:09.435  2759  3049 V Robocol : sending CMD_ROBOT_CONTROLLER_PREFERENCE(631), attempt: 0
11-30 15:30:09.436  2759  3049 V Robocol : sending CMD_ROBOT_CONTROLLER_PREFERENCE(632), attempt: 0
11-30 15:30:09.437  2759  3049 V Robocol : sending CMD_ROBOT_CONTROLLER_PREFERENCE(633), attempt: 0
11-30 15:30:09.593  2759  3049 V Robocol : sending CMD_NOTIFY_INIT_OP_MODE(595), attempt: 1
11-30 15:30:09.595  2759  3049 V Robocol : sending CMD_NOTIFY_RUN_OP_MODE(598), attempt: 1
11-30 15:30:09.634  2759  3049 V Robocol : sending CMD_NOTIFY_USER_DEVICE_LIST(623), attempt: 1
11-30 15:30:09.638  2759  3049 V Robocol : sending CMD_ROBOT_CONTROLLER_PREFERENCE(624), attempt: 1
11-30 15:30:09.639  2759  3049 V Robocol : sending CMD_ROBOT_CONTROLLER_PREFERENCE(625), attempt: 1
11-30 15:30:09.641  2759  3049 V Robocol : sending CMD_ROBOT_CONTROLLER_PREFERENCE(626), attempt: 1
11-30 15:30:09.642  2759  3049 V Robocol : sending CMD_ROBOT_CONTROLLER_PREFERENCE(627), attempt: 1
11-30 15:30:09.644  2759  3049 V Robocol : sending CMD_ROBOT_CONTROLLER_PREFERENCE(628), attempt: 1
11-30 15:30:09.674  2759  3049 V Robocol : sending CMD_ROBOT_CONTROLLER_PREFERENCE(629), attempt: 1
11-30 15:30:09.675  2759  3049 V Robocol : sending CMD_ROBOT_CONTROLLER_PREFERENCE(630), attempt: 1
11-30 15:30:09.677  2759  3049 V Robocol : sending CMD_ROBOT_CONTROLLER_PREFERENCE(631), attempt: 1
11-30 15:30:09.678  2759  3049 V Robocol : sending CMD_ROBOT_CONTROLLER_PREFERENCE(632), attempt: 1
11-30 15:30:09.680  2759  3049 V Robocol : sending CMD_ROBOT_CONTROLLER_PREFERENCE(633), attempt: 1
11-30 15:30:09.681  2759  3049 V Robocol : sending CMD_NOTIFY_RUN_OP_MODE(638), attempt: 0
11-30 15:30:09.833  2759  3049 V Robocol : sending CMD_NOTIFY_INIT_OP_MODE(595), attempt: 2
11-30 15:30:09.835  2759  3049 V Robocol : sending CMD_NOTIFY_RUN_OP_MODE(598), attempt: 2
11-30 15:30:09.873  2759  3049 V Robocol : sending CMD_NOTIFY_USER_DEVICE_LIST(623), attempt: 2
11-30 15:30:09.878  2759  3049 V Robocol : sending CMD_ROBOT_CONTROLLER_PREFERENCE(624), attempt: 2
11-30 15:30:09.879  2759  3049 V Robocol : sending CMD_ROBOT_CONTROLLER_PREFERENCE(625), attempt: 2
11-30 15:30:09.881  2759  3049 V Robocol : sending CMD_ROBOT_CONTROLLER_PREFERENCE(626), attempt: 2
11-30 15:30:09.882  2759  3049 V Robocol : sending CMD_ROBOT_CONTROLLER_PREFERENCE(627), attempt: 2
11-30 15:30:09.884  2759  3049 V Robocol : sending CMD_ROBOT_CONTROLLER_PREFERENCE(628), attempt: 2
11-30 15:30:09.914  2759  3049 V Robocol : sending CMD_ROBOT_CONTROLLER_PREFERENCE(629), attempt: 2
11-30 15:30:09.915  2759  3049 V Robocol : sending CMD_ROBOT_CONTROLLER_PREFERENCE(630), attempt: 2
11-30 15:30:09.917  2759  3049 V Robocol : sending CMD_ROBOT_CONTROLLER_PREFERENCE(631), attempt: 2
11-30 15:30:09.919  2759  3049 V Robocol : sending CMD_ROBOT_CONTROLLER_PREFERENCE(632), attempt: 2
11-30 15:30:09.921  2759  3049 V Robocol : sending CMD_ROBOT_CONTROLLER_PREFERENCE(633), attempt: 2
11-30 15:30:09.923  2759  3049 V Robocol : sending CMD_NOTIFY_RUN_OP_MODE(638), attempt: 1
11-30 15:30:10.073  2759  3049 V Robocol : sending CMD_NOTIFY_INIT_OP_MODE(595), attempt: 3
11-30 15:30:10.075  2759  3049 V Robocol : sending CMD_NOTIFY_RUN_OP_MODE(598), attempt: 3
11-30 15:30:10.113  2759  3049 V Robocol : sending CMD_NOTIFY_USER_DEVICE_LIST(623), attempt: 3
11-30 15:30:10.117  2759  3049 V Robocol : sending CMD_ROBOT_CONTROLLER_PREFERENCE(624), attempt: 3
11-30 15:30:10.119  2759  3049 V Robocol : sending CMD_ROBOT_CONTROLLER_PREFERENCE(625), attempt: 3
11-30 15:30:10.120  2759  3049 V Robocol : sending CMD_ROBOT_CONTROLLER_PREFERENCE(626), attempt: 3
11-30 15:30:10.122  2759  3049 V Robocol : sending CMD_ROBOT_CONTROLLER_PREFERENCE(627), attempt: 3
11-30 15:30:10.124  2759  3049 V Robocol : sending CMD_ROBOT_CONTROLLER_PREFERENCE(628), attempt: 3
11-30 15:30:10.154  2759  3049 V Robocol : sending CMD_ROBOT_CONTROLLER_PREFERENCE(629), attempt: 3
11-30 15:30:10.155  2759  3049 V Robocol : sending CMD_ROBOT_CONTROLLER_PREFERENCE(630), attempt: 3
11-30 15:30:10.157  2759  3049 V Robocol : sending CMD_ROBOT_CONTROLLER_PREFERENCE(631), attempt: 3
11-30 15:30:10.159  2759  3049 V Robocol : sending CMD_ROBOT_CONTROLLER_PREFERENCE(632), attempt: 3
11-30 15:30:10.161  2759  3049 V Robocol : sending CMD_ROBOT_CONTROLLER_PREFERENCE(633), attempt: 3
11-30 15:30:10.162  2759  3049 V Robocol : sending CMD_NOTIFY_RUN_OP_MODE(638), attempt: 2
11-30 15:30:10.314  2759  3049 V Robocol : sending CMD_NOTIFY_INIT_OP_MODE(595), attempt: 4
11-30 15:30:10.315  2759  3049 V Robocol : sending CMD_NOTIFY_RUN_OP_MODE(598), attempt: 4
11-30 15:30:10.354  2759  3049 V Robocol : sending CMD_NOTIFY_USER_DEVICE_LIST(623), attempt: 4
11-30 15:30:10.358  2759  3049 V Robocol : sending CMD_ROBOT_CONTROLLER_PREFERENCE(624), attempt: 4
11-30 15:30:10.359  2759  3049 V Robocol : sending CMD_ROBOT_CONTROLLER_PREFERENCE(625), attempt: 4
11-30 15:30:10.361  2759  3049 V Robocol : sending CMD_ROBOT_CONTROLLER_PREFERENCE(626), attempt: 4
11-30 15:30:10.362  2759  3049 V Robocol : sending CMD_ROBOT_CONTROLLER_PREFERENCE(627), attempt: 4
11-30 15:30:10.364  2759  3049 V Robocol : sending CMD_ROBOT_CONTROLLER_PREFERENCE(628), attempt: 4
11-30 15:30:10.394  2759  3049 V Robocol : sending CMD_ROBOT_CONTROLLER_PREFERENCE(629), attempt: 4
11-30 15:30:10.396  2759  3049 V Robocol : sending CMD_ROBOT_CONTROLLER_PREFERENCE(630), attempt: 4
11-30 15:30:10.400  2759  3049 V Robocol : sending CMD_ROBOT_CONTROLLER_PREFERENCE(631), attempt: 4
11-30 15:30:10.403  2759  3049 V Robocol : sending CMD_ROBOT_CONTROLLER_PREFERENCE(632), attempt: 4
11-30 15:30:10.405  2759  3049 V Robocol : sending CMD_ROBOT_CONTROLLER_PREFERENCE(633), attempt: 4
11-30 15:30:10.407  2759  3049 V Robocol : sending CMD_NOTIFY_RUN_OP_MODE(638), attempt: 3
11-30 15:30:10.553  2759  3049 V Robocol : sending CMD_NOTIFY_INIT_OP_MODE(595), attempt: 5
11-30 15:30:10.555  2759  3049 V Robocol : sending CMD_NOTIFY_RUN_OP_MODE(598), attempt: 5
11-30 15:30:10.593  2759  3049 V Robocol : sending CMD_NOTIFY_USER_DEVICE_LIST(623), attempt: 5
11-30 15:30:10.598  2759  3049 V Robocol : sending CMD_ROBOT_CONTROLLER_PREFERENCE(624), attempt: 5
11-30 15:30:10.599  2759  3049 V Robocol : sending CMD_ROBOT_CONTROLLER_PREFERENCE(625), attempt: 5
11-30 15:30:10.601  2759  3049 V Robocol : sending CMD_ROBOT_CONTROLLER_PREFERENCE(626), attempt: 5
11-30 15:30:10.602  2759  3049 V Robocol : sending CMD_ROBOT_CONTROLLER_PREFERENCE(627), attempt: 5
11-30 15:30:10.604  2759  3049 V Robocol : sending CMD_ROBOT_CONTROLLER_PREFERENCE(628), attempt: 5
11-30 15:30:10.633  2759  3049 V Robocol : sending CMD_ROBOT_CONTROLLER_PREFERENCE(629), attempt: 5
11-30 15:30:10.634  2759  3049 V Robocol : sending CMD_ROBOT_CONTROLLER_PREFERENCE(630), attempt: 5
11-30 15:30:10.635  2759  3049 V Robocol : sending CMD_ROBOT_CONTROLLER_PREFERENCE(631), attempt: 5
11-30 15:30:10.637  2759  3049 V Robocol : sending CMD_ROBOT_CONTROLLER_PREFERENCE(632), attempt: 5
11-30 15:30:10.638  2759  3049 V Robocol : sending CMD_ROBOT_CONTROLLER_PREFERENCE(633), attempt: 5
11-30 15:30:10.639  2759  3049 V Robocol : sending CMD_NOTIFY_RUN_OP_MODE(638), attempt: 4
11-30 15:30:10.793  2759  3049 V Robocol : sending CMD_NOTIFY_INIT_OP_MODE(595), attempt: 6
11-30 15:30:10.794  2759  3049 V Robocol : sending CMD_NOTIFY_RUN_OP_MODE(598), attempt: 6
11-30 15:30:10.833  2759  3049 V Robocol : sending CMD_NOTIFY_USER_DEVICE_LIST(623), attempt: 6
11-30 15:30:10.836  2759  3049 V Robocol : sending CMD_ROBOT_CONTROLLER_PREFERENCE(624), attempt: 6
11-30 15:30:10.837  2759  3049 V Robocol : sending CMD_ROBOT_CONTROLLER_PREFERENCE(625), attempt: 6
11-30 15:30:10.838  2759  3049 V Robocol : sending CMD_ROBOT_CONTROLLER_PREFERENCE(626), attempt: 6
11-30 15:30:10.839  2759  3049 V Robocol : sending CMD_ROBOT_CONTROLLER_PREFERENCE(627), attempt: 6
11-30 15:30:10.840  2759  3049 V Robocol : sending CMD_ROBOT_CONTROLLER_PREFERENCE(628), attempt: 6
11-30 15:30:10.873  2759  3049 V Robocol : sending CMD_ROBOT_CONTROLLER_PREFERENCE(629), attempt: 6
11-30 15:30:10.874  2759  3049 V Robocol : sending CMD_ROBOT_CONTROLLER_PREFERENCE(630), attempt: 6
11-30 15:30:10.875  2759  3049 V Robocol : sending CMD_ROBOT_CONTROLLER_PREFERENCE(631), attempt: 6
11-30 15:30:10.877  2759  3049 V Robocol : sending CMD_ROBOT_CONTROLLER_PREFERENCE(632), attempt: 6
11-30 15:30:10.878  2759  3049 V Robocol : sending CMD_ROBOT_CONTROLLER_PREFERENCE(633), attempt: 6
11-30 15:30:10.879  2759  3049 V Robocol : sending CMD_NOTIFY_RUN_OP_MODE(638), attempt: 5
11-30 15:30:11.033  2759  3049 V Robocol : sending CMD_NOTIFY_INIT_OP_MODE(595), attempt: 7
11-30 15:30:11.035  2759  3049 V Robocol : sending CMD_NOTIFY_RUN_OP_MODE(598), attempt: 7
11-30 15:30:11.073  2759  3049 V Robocol : sending CMD_NOTIFY_USER_DEVICE_LIST(623), attempt: 7
11-30 15:30:11.077  2759  3049 V Robocol : sending CMD_ROBOT_CONTROLLER_PREFERENCE(624), attempt: 7
11-30 15:30:11.078  2759  3049 V Robocol : sending CMD_ROBOT_CONTROLLER_PREFERENCE(625), attempt: 7
11-30 15:30:11.080  2759  3049 V Robocol : sending CMD_ROBOT_CONTROLLER_PREFERENCE(626), attempt: 7
11-30 15:30:11.081  2759  3049 V Robocol : sending CMD_ROBOT_CONTROLLER_PREFERENCE(627), attempt: 7
11-30 15:30:11.083  2759  3049 V Robocol : sending CMD_ROBOT_CONTROLLER_PREFERENCE(628), attempt: 7
11-30 15:30:11.114  2759  3049 V Robocol : sending CMD_ROBOT_CONTROLLER_PREFERENCE(629), attempt: 7
11-30 15:30:11.115  2759  3049 V Robocol : sending CMD_ROBOT_CONTROLLER_PREFERENCE(630), attempt: 7
11-30 15:30:11.117  2759  3049 V Robocol : sending CMD_ROBOT_CONTROLLER_PREFERENCE(631), attempt: 7
11-30 15:30:11.118  2759  3049 V Robocol : sending CMD_ROBOT_CONTROLLER_PREFERENCE(632), attempt: 7
11-30 15:30:11.120  2759  3049 V Robocol : sending CMD_ROBOT_CONTROLLER_PREFERENCE(633), attempt: 7
11-30 15:30:11.121  2759  3049 V Robocol : sending CMD_NOTIFY_RUN_OP_MODE(638), attempt: 6
11-30 15:30:11.273  2759  3049 V Robocol : sending CMD_NOTIFY_INIT_OP_MODE(595), attempt: 8
11-30 15:30:11.275  2759  3049 V Robocol : sending CMD_NOTIFY_RUN_OP_MODE(598), attempt: 8
11-30 15:30:11.314  2759  3049 V Robocol : sending CMD_NOTIFY_USER_DEVICE_LIST(623), attempt: 8
11-30 15:30:11.318  2759  3049 V Robocol : sending CMD_ROBOT_CONTROLLER_PREFERENCE(624), attempt: 8
11-30 15:30:11.319  2759  3049 V Robocol : sending CMD_ROBOT_CONTROLLER_PREFERENCE(625), attempt: 8
11-30 15:30:11.320  2759  3049 V Robocol : sending CMD_ROBOT_CONTROLLER_PREFERENCE(626), attempt: 8
11-30 15:30:11.322  2759  3049 V Robocol : sending CMD_ROBOT_CONTROLLER_PREFERENCE(627), attempt: 8
11-30 15:30:11.323  2759  3049 V Robocol : sending CMD_ROBOT_CONTROLLER_PREFERENCE(628), attempt: 8
11-30 15:30:11.354  2759  3049 V Robocol : sending CMD_ROBOT_CONTROLLER_PREFERENCE(629), attempt: 8
11-30 15:30:11.355  2759  3049 V Robocol : sending CMD_ROBOT_CONTROLLER_PREFERENCE(630), attempt: 8
11-30 15:30:11.356  2759  3049 V Robocol : sending CMD_ROBOT_CONTROLLER_PREFERENCE(631), attempt: 8
11-30 15:30:11.358  2759  3049 V Robocol : sending CMD_ROBOT_CONTROLLER_PREFERENCE(632), attempt: 8
11-30 15:30:11.359  2759  3049 V Robocol : sending CMD_ROBOT_CONTROLLER_PREFERENCE(633), attempt: 8
11-30 15:30:11.361  2759  3049 V Robocol : sending CMD_NOTIFY_RUN_OP_MODE(638), attempt: 7
11-30 15:30:11.434  2759  3049 V UpdateUI: Network: active, disconnected
11-30 15:30:11.435  2759  3049 I EventLoopManager: Lost connection while running OpMode: $Stop$Robot$
11-30 15:30:11.435  2759  3049 V NetworkConnectionHandler: Peer connection lost
11-30 15:30:11.951  2759  3103 V RobotCore: thread: ...terminating 'OpModeThread'
11-30 15:30:11.953  2759  2870 I RobotCore: Attempting to switch to OpMode $Stop$Robot$
11-30 15:30:11.955  2759  2870 D HardwareMap: Clearing which device instances have been retrieved
11-30 15:30:11.961  2759  3111 V RobotCore: thread: 'OpModeThread' starting...
11-30 15:30:12.335  2759  3107 W AudioTrack: AUDIO_OUTPUT_FLAG_FAST denied by client; transfer 4, track 48000 Hz, output 44100 Hz
11-30 15:30:12.346  2759  3107 D SoundPlayer: playing volume=0.000000 samp=2|ms=757
11-30 15:30:12.353  2759  3107 W AudioTrack: AUDIO_OUTPUT_FLAG_FAST denied by client; transfer 4, track 48000 Hz, output 44100 Hz
11-30 15:30:12.358  2759  3107 D SoundPlayer: playing volume=0.000000 samp=3|ms=901
11-30 15:30:39.073  2759  2857 V UpdateUI: Network: active, connected
11-30 15:30:39.073  2759  3049 V Robocol : sending CMD_NOTIFY_INIT_OP_MODE(595), attempt: 9
11-30 15:30:39.074  2759  2857 D FTCService: Sending user device types and preferences to driver station
11-30 15:30:39.075  2759  3049 V Robocol : sending CMD_NOTIFY_RUN_OP_MODE(598), attempt: 9
11-30 15:30:39.077  2759  3049 V Robocol : sending CMD_NOTIFY_USER_DEVICE_LIST(623), attempt: 9
11-30 15:30:39.081  2759  2869 D SoundPlayer: playing volume=0.000000 samp=2|ms=757
11-30 15:30:39.082  2759  3049 V Robocol : sending CMD_ROBOT_CONTROLLER_PREFERENCE(624), attempt: 9
11-30 15:30:39.083  2759  3049 V Robocol : sending CMD_ROBOT_CONTROLLER_PREFERENCE(625), attempt: 9
11-30 15:30:39.084  2759  3049 V Robocol : sending CMD_ROBOT_CONTROLLER_PREFERENCE(626), attempt: 9
11-30 15:30:39.085  2759  3049 V Robocol : sending CMD_ROBOT_CONTROLLER_PREFERENCE(627), attempt: 9
11-30 15:30:39.087  2759  3049 V Robocol : sending CMD_ROBOT_CONTROLLER_PREFERENCE(628), attempt: 9
11-30 15:30:39.089  2759  3049 V Robocol : sending CMD_ROBOT_CONTROLLER_PREFERENCE(629), attempt: 9
11-30 15:30:39.090  2759  3049 V Robocol : sending CMD_ROBOT_CONTROLLER_PREFERENCE(630), attempt: 9
11-30 15:30:39.092  2759  3049 V Robocol : sending CMD_ROBOT_CONTROLLER_PREFERENCE(631), attempt: 9
11-30 15:30:39.093  2759  3049 V Robocol : sending CMD_ROBOT_CONTROLLER_PREFERENCE(632), attempt: 9
11-30 15:30:39.094  2759  3049 V Robocol : sending CMD_ROBOT_CONTROLLER_PREFERENCE(633), attempt: 9
11-30 15:30:39.095  2759  3049 V Robocol : sending CMD_NOTIFY_RUN_OP_MODE(638), attempt: 8
11-30 15:30:39.097  2759  3049 V Robocol : sending CMD_NOTIFY_INIT_OP_MODE(655), attempt: 0
11-30 15:30:39.098  2759  3049 V Robocol : Giving up on command CMD_PLAY_SOUND(657) after 0 attempts
11-30 15:30:39.100  2759  3049 V Robocol : Giving up on command CMD_PLAY_SOUND(658) after 0 attempts
11-30 15:30:39.101  2759  3049 V Robocol : sending CMD_NOTIFY_RUN_OP_MODE(660), attempt: 0
11-30 15:30:39.107  2759  2857 V NetDiscover_prefremrc: sendAllPreferences()
11-30 15:30:39.108  2759  2857 V NetDiscover_prefremrc: sending RC pref name=pref_wifip2p_remote_channel_change_works value=false
11-30 15:30:39.109  2759  2857 V NetDiscover_prefremrc: sending RC pref name=pref_device_name value=FTC-Rp5V
11-30 15:30:39.110  2759  2857 V NetDiscover_prefremrc: sending RC pref name=pref_warn_about_incorrect_clocks value=true
11-30 15:30:39.112  2759  2857 V NetDiscover_prefremrc: sending RC pref name=pref_warn_about_obsolete_software value=true
11-30 15:30:39.113  2759  2857 V NetDiscover_prefremrc: sending RC pref name=pref_has_speaker value=false
11-30 15:30:39.113  2759  3049 V Robocol : sending CMD_NOTIFY_RUN_OP_MODE(771), attempt: 0
11-30 15:30:39.114  2759  2857 V NetDiscover_prefremrc: sending RC pref name=pref_warn_about_2_4_ghz_band value=true
11-30 15:30:39.114  2759  3049 V Robocol : sending CMD_PLAY_SOUND(772), attempt: 0
11-30 15:30:39.115  2759  2857 V NetDiscover_prefremrc: sending RC pref name=pref_has_independent_phone_battery value=false
11-30 15:30:39.115  2759  3049 V Robocol : sending CMD_NOTIFY_USER_DEVICE_LIST(774), attempt: 0
11-30 15:30:39.116  2759  2857 V NetDiscover_prefremrc: sending RC pref name=pref_app_theme value=red
11-30 15:30:39.117  2759  2857 V NetDiscover_prefremrc: sending RC pref name=pref_warn_about_mismatched_app_versions value=true
11-30 15:30:39.118  2759  3049 V Robocol : sending CMD_ROBOT_CONTROLLER_PREFERENCE(775), attempt: 0
11-30 15:30:39.118  2759  2857 V NetDiscover_prefremrc: sending RC pref name=pref_sound_on_off value=false
11-30 15:30:39.119  2759  3049 V Robocol : sending CMD_ROBOT_CONTROLLER_PREFERENCE(776), attempt: 0
11-30 15:30:39.119  2759  2857 V NetworkConnectionHandler: Peer connection established
11-30 15:30:39.120  2759  3049 V Robocol : sending CMD_ROBOT_CONTROLLER_PREFERENCE(777), attempt: 0
11-30 15:30:39.121  2759  3049 V Robocol : sending CMD_ROBOT_CONTROLLER_PREFERENCE(778), attempt: 0
11-30 15:30:39.124  2759  2857 V Robocol : packet processing took 52.1ms: type=PEER_DISCOVERY
11-30 15:30:39.153  2759  3049 V Robocol : sending CMD_ROBOT_CONTROLLER_PREFERENCE(779), attempt: 0
11-30 15:30:39.154  2759  3049 V Robocol : sending CMD_ROBOT_CONTROLLER_PREFERENCE(780), attempt: 0
11-30 15:30:39.155  2759  3049 V Robocol : sending CMD_ROBOT_CONTROLLER_PREFERENCE(781), attempt: 0
11-30 15:30:39.156  2759  3049 V Robocol : sending CMD_ROBOT_CONTROLLER_PREFERENCE(782), attempt: 0
11-30 15:30:39.157  2759  3049 V Robocol : sending CMD_ROBOT_CONTROLLER_PREFERENCE(783), attempt: 0
11-30 15:30:39.158  2759  3049 V Robocol : sending CMD_ROBOT_CONTROLLER_PREFERENCE(784), attempt: 0
11-30 15:30:39.217  2759  2859 V EventLoopManager: Setting authoritative wall clock based on connected DS.
11-30 15:30:39.218  2759  2859 D Uvc     : [time.cpp:64] Java_org_firstinspires_ftc_robotcore_internal_system_AppUtil_nativeSetCurrentTimeMillis()...
11-30 15:30:43.873  2759  2859 I JniTime : [time.cpp:83] settimeofday() succeeded
11-30 15:30:43.873  2759  2859 D Uvc     : [time.cpp:64] ...Java_org_firstinspires_ftc_robotcore_internal_system_AppUtil_nativeSetCurrentTimeMillis()
11-30 15:30:43.875  2759  2859 V AppUtil : attempted to set timezone: before=America/Chicago after=America/Chicago
11-30 15:30:43.879  2759  2857 V Robocol : received command: CMD_REQUEST_ACTIVE_CONFIG(10001) 
11-30 15:30:43.881  2759  2857 V Robocol : received command: CMD_REQUEST_USER_DEVICE_TYPES(10002) 
11-30 15:30:43.882  2759  2857 V Robocol : received command: CMD_REQUEST_OP_MODE_LIST(10003) 
11-30 15:30:43.884  2759  2857 V Robocol : received command: CMD_ROBOT_CONTROLLER_PREFERENCE(10004) {"booleanValue":true,"prefName":"pref_ds_supports_5_ghz"}
11-30 15:30:43.885  2759  2857 V Robocol : received command: CMD_ROBOT_CONTROLLER_PREFERENCE(10005) {"intValue":21,"prefName":"pref_dh_os_version_code"}
11-30 15:30:43.928  2759  3049 V Robocol : sending CMD_NOTIFY_ACTIVE_CONFIGURATION(795), attempt: 0
11-30 15:30:43.930  2759  3049 V Robocol : sending CMD_NOTIFY_USER_DEVICE_LIST(798), attempt: 0
11-30 15:30:43.968  2759  3049 V Robocol : sending CMD_NOTIFY_INIT_OP_MODE(595), attempt: 10
11-30 15:30:43.969  2759  3049 V Robocol : sending CMD_NOTIFY_RUN_OP_MODE(598), attempt: 10
11-30 15:30:43.970  2759  3049 V Robocol : sending CMD_NOTIFY_USER_DEVICE_LIST(623), attempt: 10
11-30 15:30:43.974  2759  3049 V Robocol : sending CMD_ROBOT_CONTROLLER_PREFERENCE(624), attempt: 10
11-30 15:30:43.976  2759  3049 V Robocol : sending CMD_ROBOT_CONTROLLER_PREFERENCE(625), attempt: 10
11-30 15:30:43.978  2759  3049 V Robocol : sending CMD_ROBOT_CONTROLLER_PREFERENCE(626), attempt: 10
11-30 15:30:43.979  2759  3049 V Robocol : sending CMD_ROBOT_CONTROLLER_PREFERENCE(627), attempt: 10
11-30 15:30:43.980  2759  3049 V Robocol : sending CMD_ROBOT_CONTROLLER_PREFERENCE(628), attempt: 10
11-30 15:30:43.981  2759  3049 V Robocol : sending CMD_ROBOT_CONTROLLER_PREFERENCE(629), attempt: 10
11-30 15:30:43.983  2759  3049 V Robocol : sending CMD_ROBOT_CONTROLLER_PREFERENCE(630), attempt: 10
11-30 15:30:43.984  2759  3049 V Robocol : sending CMD_ROBOT_CONTROLLER_PREFERENCE(631), attempt: 10
11-30 15:30:43.985  2759  3049 V Robocol : sending CMD_ROBOT_CONTROLLER_PREFERENCE(632), attempt: 10
11-30 15:30:43.986  2759  3049 V Robocol : sending CMD_ROBOT_CONTROLLER_PREFERENCE(633), attempt: 10
11-30 15:30:43.988  2759  3049 V Robocol : sending CMD_NOTIFY_RUN_OP_MODE(638), attempt: 9
11-30 15:30:43.989  2759  3049 V Robocol : sending CMD_NOTIFY_INIT_OP_MODE(655), attempt: 1
11-30 15:30:43.989  2759  3049 V Robocol : sending CMD_NOTIFY_RUN_OP_MODE(660), attempt: 1
11-30 15:30:43.991  2759  3049 V Robocol : sending CMD_NOTIFY_OP_MODE_LIST(801), attempt: 0
11-30 15:30:44.008  2759  3049 V Robocol : Giving up on command CMD_NOTIFY_INIT_OP_MODE(595) after 11 attempts
11-30 15:30:44.009  2759  3049 V Robocol : Giving up on command CMD_NOTIFY_RUN_OP_MODE(598) after 11 attempts
11-30 15:30:44.009  2759  3049 V Robocol : Giving up on command CMD_NOTIFY_USER_DEVICE_LIST(623) after 11 attempts
11-30 15:30:44.010  2759  3049 V Robocol : Giving up on command CMD_ROBOT_CONTROLLER_PREFERENCE(624) after 11 attempts
11-30 15:30:44.011  2759  3049 V Robocol : Giving up on command CMD_ROBOT_CONTROLLER_PREFERENCE(625) after 11 attempts
11-30 15:30:44.011  2759  3049 V Robocol : Giving up on command CMD_ROBOT_CONTROLLER_PREFERENCE(626) after 11 attempts
11-30 15:30:44.012  2759  3049 V Robocol : Giving up on command CMD_ROBOT_CONTROLLER_PREFERENCE(627) after 11 attempts
11-30 15:30:44.012  2759  3049 V Robocol : Giving up on command CMD_ROBOT_CONTROLLER_PREFERENCE(628) after 11 attempts
11-30 15:30:44.013  2759  3049 V Robocol : Giving up on command CMD_ROBOT_CONTROLLER_PREFERENCE(629) after 11 attempts
11-30 15:30:44.013  2759  3049 V Robocol : Giving up on command CMD_ROBOT_CONTROLLER_PREFERENCE(630) after 11 attempts
11-30 15:30:44.014  2759  3049 V Robocol : Giving up on command CMD_ROBOT_CONTROLLER_PREFERENCE(631) after 11 attempts
11-30 15:30:44.014  2759  3049 V Robocol : Giving up on command CMD_ROBOT_CONTROLLER_PREFERENCE(632) after 11 attempts
11-30 15:30:44.015  2759  3049 V Robocol : Giving up on command CMD_ROBOT_CONTROLLER_PREFERENCE(633) after 11 attempts
11-30 15:30:44.016  2759  3049 V Robocol : sending CMD_NOTIFY_RUN_OP_MODE(771), attempt: 1
11-30 15:30:44.017  2759  3049 V Robocol : sending CMD_PLAY_SOUND(772), attempt: 1
11-30 15:30:44.018  2759  3049 V Robocol : sending CMD_NOTIFY_USER_DEVICE_LIST(774), attempt: 1
11-30 15:30:44.020  2759  3049 V Robocol : sending CMD_ROBOT_CONTROLLER_PREFERENCE(775), attempt: 1
11-30 15:30:44.021  2759  3049 V Robocol : sending CMD_ROBOT_CONTROLLER_PREFERENCE(776), attempt: 1
11-30 15:30:44.022  2759  3049 V Robocol : sending CMD_ROBOT_CONTROLLER_PREFERENCE(777), attempt: 1
11-30 15:30:44.023  2759  3049 V Robocol : sending CMD_ROBOT_CONTROLLER_PREFERENCE(778), attempt: 1
11-30 15:30:47.231  2759  2857 V Robocol : received command: CMD_INIT_OP_MODE(10098) $Stop$Robot$
11-30 15:30:47.266  2759  3111 V RobotCore: thread: ...terminating 'OpModeThread'
11-30 15:30:47.269  2759  2870 I RobotCore: Attempting to switch to OpMode $Stop$Robot$
11-30 15:30:47.270  2759  2870 D HardwareMap: Clearing which device instances have been retrieved
11-30 15:30:47.273  2759  3161 V RobotCore: thread: 'OpModeThread' starting...
11-30 15:30:47.288  2759  3049 V Robocol : sending CMD_NOTIFY_INIT_OP_MODE(891), attempt: 0
11-30 15:30:47.289  2759  3049 V Robocol : sending CMD_NOTIFY_RUN_OP_MODE(892), attempt: 0
11-30 15:31:08.836  2759  2857 V Robocol : received command: CMD_INIT_OP_MODE(10395) $Stop$Robot$
11-30 15:31:08.872  2759  3161 V RobotCore: thread: ...terminating 'OpModeThread'
11-30 15:31:08.873  2759  2870 I RobotCore: Attempting to switch to OpMode $Stop$Robot$
11-30 15:31:08.873  2759  2870 D HardwareMap: Clearing which device instances have been retrieved
11-30 15:31:08.876  2759  3191 V RobotCore: thread: 'OpModeThread' starting...
11-30 15:31:08.888  2759  3049 V Robocol : sending CMD_NOTIFY_INIT_OP_MODE(1196), attempt: 0
11-30 15:31:08.889  2759  3049 V Robocol : sending CMD_NOTIFY_RUN_OP_MODE(1197), attempt: 0
11-30 15:31:13.070  2759  2857 V Robocol : received command: CMD_SET_MATCH_NUMBER(10460) 0
11-30 15:31:13.072  2759  2857 V Robocol : received command: CMD_INIT_OP_MODE(10461) MoveToAprilTag
11-30 15:31:13.106  2759  3191 V RobotCore: thread: ...terminating 'OpModeThread'
11-30 15:31:13.110  2759  2870 I RobotCore: Attempting to switch to OpMode MoveToAprilTag
11-30 15:31:13.112  2759  2870 I RobotCore: ******************** START - OPMODE MoveToAprilTag ********************
11-30 15:31:13.284  2759  2870 D HardwareMap: Clearing which device instances have been retrieved
11-30 15:31:13.287  2759  3201 V RobotCore: thread: 'OpModeThread' starting...
11-30 15:31:13.288  2759  3049 V Robocol : sending CMD_NOTIFY_INIT_OP_MODE(1272), attempt: 0
11-30 15:31:13.292  2759  3201 I System.out: AprilTag plugin v2.0.0
11-30 15:31:13.296  2759  3201 D AprilTagDetectorJNI: Creating 36h11 tag family
11-30 15:31:13.296  2759  3201 D AprilTagDetectorJNI: Initializing april tag detector
11-30 15:31:13.436  2759  3201 I System.out: OpenCvCameraBase ctor: EasyOpenCV version 1.7.0
11-30 15:31:13.440  2759  3202 D CameraManager: doOpenCamera()...
11-30 15:31:13.440  2759  3202 D CameraManager: requesting permission for camera: Webcam(25C90B40)
11-30 15:31:13.445  2759  3202 D WebcamNameImpl: requesting permission for /dev/bus/usb/003/004
11-30 15:31:13.446  2759  3202 V WebcamNameImpl: asyncRequestUsbPermission()...
11-30 15:31:13.448  2759  3049 V Robocol : sending CMD_STREAM_CHANGE(1275), attempt: 0
11-30 15:31:13.448  2759  3202 D WebcamNameImpl: permission already available for /dev/bus/usb/003/004
11-30 15:31:13.450  2759  3202 V WebcamNameImpl: ...asyncRequestUsbPermission()
11-30 15:31:13.450  2759  3202 D ContinuationSynchronizer: awaiting(camera open)...
11-30 15:31:13.450  2759  3203 D WebcamNameImpl: permission for /dev/bus/usb/003/004=true
11-30 15:31:13.451  2759  3203 D CameraManager: permission granted for camera: Webcam(25C90B40)
11-30 15:31:13.452  2759  3203 D CameraManager: asyncOpenCamera(Webcam(25C90B40))...
11-30 15:31:13.453  2759  3203 D CameraManager: asyncOpenWebcam(Webcam(25C90B40))...
11-30 15:31:13.454  2759  3203 V UsbResiliantWebcam: construct(0x029e73cb)
11-30 15:31:13.456  2759  3203 D UsbResiliantWebcam: openAssumingPermission()...
11-30 15:31:13.459  2759  3203 D UvcContext: found webcam: usbPath=/dev/bus/usb/003/004 vid=0x46D pid=0x825 serial=25C90B40 product=null
11-30 15:31:13.456  2759  2759 I com.qualcomm.ftcrobotcontroller: type=1400 audit(0.0:379): avc: denied { read } for comm=64656661756C742074687265616470 name="devices" dev="sysfs" ino=7258 scontext=u:r:untrusted_app:s0:c512,c768 tcontext=u:object_r:sysfs:s0 tclass=dir permissive=1
11-30 15:31:13.456  2759  2759 I com.qualcomm.ftcrobotcontroller: type=1400 audit(0.0:380): avc: denied { open } for comm=64656661756C742074687265616470 path="/sys/bus/usb/devices" dev="sysfs" ino=7258 scontext=u:r:untrusted_app:s0:c512,c768 tcontext=u:object_r:sysfs:s0 tclass=dir permissive=1
11-30 15:31:13.460  2759  3203 D Uvc     : [jni_context.cpp:120] Java_org_firstinspires_ftc_robotcore_internal_camera_libuvc_nativeobject_UvcContext_nativeCreateUvcDevice()...
11-30 15:31:13.460  2759  3203 V Uvc     : API: Java_org_firstinspires_ftc_robotcore_internal_camera_libuvc_nativeobject_UvcContext_nativeCreateUvcDevice: enter...
11-30 15:31:13.461  2759  3203 D libusb  : [279.648765] [00000c83] libusb: debug [op_create] op_create: szUsbPath=/dev/bus/usb/003/004 szSysfsDir=3-1.4
11-30 15:31:13.461  2759  3203 D libusb  : [279.648915] [00000c83] libusb: debug [initialize_device] initialize_device(szUsbPath=/dev/bus/usb/003/004 szSysfsDir=3-1.4)
11-30 15:31:13.461  2759  3203 D libusb  : [279.649207] [00000c83] libusb: debug [initialize_device] initialize_device(szUsbPath=(null) szSysfsDir=3-1)
11-30 15:31:13.461  2759  3203 E libusb  : [279.649355] [00000c83] libusb: error [initialize_device] unable to open serial number sysfs; error ignored
11-30 15:31:13.462  2759  3203 D libusb  : [279.649474] [00000c83] libusb: debug [initialize_device] initialize_device(szUsbPath=(null) szSysfsDir=usb3)
11-30 15:31:13.462  2759  3203 D Uvc     : [device.cpp:613] uvc_create_uvc_device()...
11-30 15:31:13.462  2759  3203 D Uvc     : [libuvc/libuvc_internal.h:347] uvc_device::uvc_device()...
11-30 15:31:13.462  2759  3203 D Uvc     : [libuvc/libuvc_internal.h:376] acquired vid=1133 & pid=2085
11-30 15:31:13.462  2759  3203 D Uvc     : [libuvc/libuvc_internal.h:347] ...uvc_device::uvc_device()
11-30 15:31:13.462  2759  3203 D Uvc     : [device.cpp:613] ...uvc_create_uvc_device() rc=0
11-30 15:31:13.462  2759  3203 V Uvc     : API: Java_org_firstinspires_ftc_robotcore_internal_camera_libuvc_nativeobject_UvcContext_nativeCreateUvcDevice: ...exit
11-30 15:31:13.462  2759  3203 D Uvc     : [jni_context.cpp:120] ...Java_org_firstinspires_ftc_robotcore_internal_camera_libuvc_nativeobject_UvcContext_nativeCreateUvcDevice()
11-30 15:31:13.462  2759  3203 V UvcDevice: construct(pointer=0x71c1f926c0|null)
11-30 15:31:13.463  2759  3203 D Uvc     : [jni_device.cpp:108] Java_org_firstinspires_ftc_robotcore_internal_camera_libuvc_nativeobject_UvcDevice_nativeGetLibUsbDevice()...
11-30 15:31:13.463  2759  3203 D Uvc     : [jni_device.cpp:108] ...Java_org_firstinspires_ftc_robotcore_internal_camera_libuvc_nativeobject_UvcDevice_nativeGetLibUsbDevice()
11-30 15:31:13.464  2759  3203 V LibUsbDevice: construct(pointer=0x71c1fe1800)
11-30 15:31:13.464  2759  3203 D UvcContext: usb device is *not* UVC compatible, /dev/bus/usb/003/003
11-30 15:31:13.468  2759  3203 D UvcDevice: open()...
11-30 15:31:13.471  2759  3203 D Uvc     : [jni_device.cpp:50] Java_org_firstinspires_ftc_robotcore_internal_camera_libuvc_nativeobject_UvcDevice_nativeSetUsbDeviceInfo()...
11-30 15:31:13.471  2759  3203 D Uvc     : [jni_device.cpp:50] ...Java_org_firstinspires_ftc_robotcore_internal_camera_libuvc_nativeobject_UvcDevice_nativeSetUsbDeviceInfo()
11-30 15:31:13.472  2759  3203 D Uvc     : [jni_device.cpp:233] Java_org_firstinspires_ftc_robotcore_internal_camera_libuvc_nativeobject_UvcDevice_nativeOpenDeviceHandle()...
11-30 15:31:13.472  2759  3203 V Uvc     : API: Java_org_firstinspires_ftc_robotcore_internal_camera_libuvc_nativeobject_UvcDevice_nativeOpenDeviceHandle: enter...
11-30 15:31:13.472  2759  3203 D Uvc     : [device.cpp:279] uvc_open()...
11-30 15:31:13.472  2759  3203 D Uvc     : [libuvc/libuvc_internal.h:357] uvc_device::open()...
11-30 15:31:13.472  2759  3203 D libusb  : [279.659797] [00000c83] libusb: debug [op_open] op_open: szUsbPath=/dev/bus/usb/003/004
11-30 15:31:13.472  2759  3203 D Uvc     : [libuvc/libuvc_internal.h:357] ...uvc_device::open() rc=0
11-30 15:31:13.472  2759  3203 D Uvc     : [device.cpp:295] calling libusb_reset_device()...
11-30 15:31:13.974  2759  3203 D Uvc     : [device.cpp:303] ...libusb_reset_device() called
11-30 15:31:13.974  2759  3203 D Uvc     : [device.cpp:311] libusb_open() = 0
11-30 15:31:13.974  2759  3203 D Uvc     : [libuvc/libuvc_internal.h:733] uvc_device_handle::uvc_device_handle()...
11-30 15:31:13.974  2759  3203 D Uvc     : [libuvc/libuvc_internal.h:733] ...uvc_device_handle::uvc_device_handle()
11-30 15:31:13.974  2759  3203 D Uvc     : [device.cpp:386] uvc_get_device_info()...
11-30 15:31:13.975  2759  3203 D libusb  : [280.162370] [00000c83] libusb: debug [op_get_config_descriptor] op_get_config_descriptor: config_index=0
11-30 15:31:13.975  2759  3203 D libusb  : [280.162457] [00000c83] libusb: debug [op_get_config_descriptor] op_get_config_descriptor: config_index=0
11-30 15:31:13.975  2759  3203 D Uvc     : [device.cpp:986] uvc_scan_control()...
11-30 15:31:13.975  2759  3203 D Uvc     : [device.cpp:1041] uvc_parse_vc_header()...
11-30 15:31:13.975  2759  3203 D Uvc     : [device.cpp:1284] uvc_scan_streaming()...
11-30 15:31:13.975  2759  3203 D Uvc     : [device.cpp:1340] uvc_parse_vs_input_header()...
11-30 15:31:13.975  2759  3203 D Uvc     : [device.cpp:1340] ...uvc_parse_vs_input_header() rc=0
11-30 15:31:13.975  2759  3203 D Uvc     : [device.cpp:1389] uvc_parse_vs_format_uncompressed()...
11-30 15:31:13.975  2759  3203 D Uvc     : [device.cpp:1389] ...uvc_parse_vs_format_uncompressed() rc=0
11-30 15:31:13.975  2759  3203 V Uvc     : [device.cpp:1630] unsupported descriptor subtype: 13 UVC_VS_COLORFORMAT
11-30 15:31:13.975  2759  3203 D Uvc     : [device.cpp:1449] uvc_parse_vs_format_mjpeg()...
11-30 15:31:13.975  2759  3203 D Uvc     : [device.cpp:1449] ...uvc_parse_vs_format_mjpeg() rc=0
11-30 15:31:13.976  2759  3203 V Uvc     : [device.cpp:1630] unsupported descriptor subtype: 13 UVC_VS_COLORFORMAT
11-30 15:31:13.976  2759  3203 D Uvc     : [device.cpp:1284] ...uvc_scan_streaming() rc=0
11-30 15:31:13.976  2759  3203 D Uvc     : [device.cpp:1041] ...uvc_parse_vc_header() rc=0
11-30 15:31:13.976  2759  3203 D Uvc     : [device.cpp:1083] uvc_parse_vc_input_terminal()...
11-30 15:31:13.976  2759  3203 D Uvc     : [device.cpp:1083] ...uvc_parse_vc_input_terminal() rc=0
11-30 15:31:13.976  2759  3203 D Uvc     : [device.cpp:1156] uvc_parse_vc_processing_unit()...
11-30 15:31:13.976  2759  3203 D Uvc     : [device.cpp:1156] ...uvc_parse_vc_processing_unit() rc=0
11-30 15:31:13.976  2759  3203 D Uvc     : [device.cpp:986] ...uvc_scan_control() rc=0
11-30 15:31:13.976  2759  3203 D Uvc     : [device.cpp:386] ...uvc_get_device_info() rc=0
11-30 15:31:13.976  2759  3203 D Uvc     : [device.cpp:326] claiming control interface 0
11-30 15:31:13.976  2759  3203 D Uvc     : [libuvc/libuvc_internal.h:771] uvc_device_handle::claimInterface(idx=0)...
11-30 15:31:13.977  2759  3203 D UvcDevice: claimInterface(0)
11-30 15:31:14.119  2759  3203 D UvcDevice: claimInterface(0) succeeded
11-30 15:31:14.119  2759  3203 D Uvc     : [libuvc/libuvc_internal.h:784] claimInterface(0) succeeded
11-30 15:31:14.119  2759  3203 D Uvc     : [libuvc/libuvc_internal.h:771] ...uvc_device_handle::claimInterface() rc=0
11-30 15:31:14.120  2759  3203 D Uvc     : [device.cpp:279] ...uvc_open() rc=0
11-30 15:31:14.120  2759  3203 V Uvc     : API: Java_org_firstinspires_ftc_robotcore_internal_camera_libuvc_nativeobject_UvcDevice_nativeOpenDeviceHandle: ...exit
11-30 15:31:14.120  2759  3203 D Uvc     : [jni_device.cpp:233] ...Java_org_firstinspires_ftc_robotcore_internal_camera_libuvc_nativeobject_UvcDevice_nativeOpenDeviceHandle()
11-30 15:31:14.121  2759  3203 V UvcDeviceHandle: construct(pointer=0x71c1f961e0)
11-30 15:31:14.122  2759  3203 V CameraImpl: construct(0x04f7b2c1)
11-30 15:31:14.124  2759  3203 D UsbResiliantWebcam.InterveningStateCallback: onOpened() camera=CameraImpl(UvcDeviceHandle(pointer=0x71c1f961e0|UvcDevice(/dev/bus/usb/003/004)))...
11-30 15:31:14.126  2759  3203 D UsbResiliantWebcam: changeDelegatedCamera(null->CameraImpl(UvcDeviceHandle(pointer=0x71c1f961e0|UvcDevice(/dev/bus/usb/003/004))))...
11-30 15:31:14.127  2759  3203 D UvcApiFocusControl: isModeSupported(Auto)...
11-30 15:31:14.130  2759  3203 D UvcApiFocusControl: ...isModeSupported(Auto): false
11-30 15:31:14.130  2759  3203 D UvcApiFocusControl: isModeSupported(ContinuousAuto)...
11-30 15:31:14.130  2759  3203 D UvcApiFocusControl: ...isModeSupported(ContinuousAuto): false
11-30 15:31:14.131  2759  3203 D UvcApiFocusControl: isModeSupported(Macro)...
11-30 15:31:14.132  2759  3203 D UvcApiFocusControl: ...isModeSupported(Macro): false
11-30 15:31:14.132  2759  3203 D UvcApiFocusControl: isModeSupported(Infinity)...
11-30 15:31:14.133  2759  3203 D UvcApiFocusControl: ...isModeSupported(Infinity): false
11-30 15:31:14.133  2759  3203 D UvcApiFocusControl: isModeSupported(Fixed)...
11-30 15:31:14.134  2759  3203 D UvcApiFocusControl: ...isModeSupported(Fixed): true
11-30 15:31:14.134  2759  3203 D UvcApiFocusControl: isFocusLengthSupported...
11-30 15:31:14.136  2759  3203 D UvcApiFocusControl: ...isFocusLengthSupported: false
11-30 15:31:14.142  2759  3203 D CachingExposureControl: onCameraChanged(null->CameraImpl(UvcDeviceHandle(pointer=0x71c1f961e0|UvcDevice(/dev/bus/usb/003/004))))...
11-30 15:31:14.143  2759  3203 D UvcApiExposureControl: isModeSupported(Auto)...
11-30 15:31:14.147  2759  3203 D UvcApiExposureControl: ...isModeSupported(Auto): false
11-30 15:31:14.148  2759  3203 D UvcApiExposureControl: isModeSupported(ContinuousAuto)...
11-30 15:31:14.150  2759  3203 D UvcApiExposureControl: ...isModeSupported(ContinuousAuto): false
11-30 15:31:14.150  2759  3203 D UvcApiExposureControl: isModeSupported(Manual)...
11-30 15:31:14.152  2759  3203 D UvcApiExposureControl: ...isModeSupported(Manual): true
11-30 15:31:14.153  2759  3203 D UvcApiExposureControl: isModeSupported(ShutterPriority)...
11-30 15:31:14.155  2759  3203 D UvcApiExposureControl: ...isModeSupported(ShutterPriority): false
11-30 15:31:14.155  2759  3203 D UvcApiExposureControl: isModeSupported(AperturePriority)...
11-30 15:31:14.157  2759  3203 D UvcApiExposureControl: ...isModeSupported(AperturePriority): true
11-30 15:31:14.158  2759  3203 D UvcApiExposureControl: isExposureSupported()...
11-30 15:31:14.159  2759  3203 D UvcApiExposureControl: ...isExposureSupported(): true
11-30 15:31:14.160  2759  3203 D UvcApiExposureControl: getMinExposure(NANOSECONDS)...
11-30 15:31:14.161  2759  3203 D Uvc     : [jni_devicehandle.cpp:654] Java_org_firstinspires_ftc_robotcore_internal_camera_libuvc_nativeobject_UvcDeviceHandle_nativeGetMinExposure()...
11-30 15:31:14.163  2759  3203 D Uvc     : [jni_devicehandle.cpp:654] ...Java_org_firstinspires_ftc_robotcore_internal_camera_libuvc_nativeobject_UvcDeviceHandle_nativeGetMinExposure()
11-30 15:31:14.163  2759  3203 D UvcApiExposureControl: ...getMinExposure(NANOSECONDS): 100000
11-30 15:31:14.164  2759  3203 D UvcApiExposureControl: getMaxExposure(NANOSECONDS)...
11-30 15:31:14.167  2759  3203 D UvcApiExposureControl: ...getMaxExposure(NANOSECONDS): 1000000000
11-30 15:31:14.168  2759  3203 D UvcApiExposureControl: getMode()...
11-30 15:31:14.169  2759  3203 D Uvc     : [jni_devicehandle.cpp:502] Java_org_firstinspires_ftc_robotcore_internal_camera_libuvc_nativeobject_UvcDeviceHandle_nativeGetExposureModeId()...
11-30 15:31:14.171  2759  3203 D Uvc     : [jni_devicehandle.cpp:502] ...Java_org_firstinspires_ftc_robotcore_internal_camera_libuvc_nativeobject_UvcDeviceHandle_nativeGetExposureModeId()
11-30 15:31:14.171  2759  3203 D UvcApiExposureControl: ...getMode(): AperturePriority
11-30 15:31:14.175  2759  3203 D CachingExposureControl: ...onCameraChanged(null->CameraImpl(UvcDeviceHandle(pointer=0x71c1f961e0|UvcDevice(/dev/bus/usb/003/004))))
11-30 15:31:14.175  2759  3203 D UvcApiPtzControl: getMinZoom()...
11-30 15:31:14.178  2759  3203 E UvcDeviceHandle: [jni_devicehandle.cpp:218] Failed to get min zoom : error -9
11-30 15:31:14.178  2759  3203 D UvcApiPtzControl: ...getMinZoom(): 0
11-30 15:31:14.178  2759  3203 D UvcApiPtzControl: getMaxZoom()...
11-30 15:31:14.181  2759  3203 E UvcDeviceHandle: [jni_devicehandle.cpp:241] Failed to get max zoom : error -9
11-30 15:31:14.181  2759  3203 D UvcApiPtzControl: ...getMaxZoom(): 0
11-30 15:31:14.181  2759  3203 D UvcApiPtzControl: getMinPanTilt()...
11-30 15:31:14.183  2759  3203 E UvcDeviceHandle: [jni_devicehandle.cpp:364] Failed to get min pan/tilt : error -9
11-30 15:31:14.184  2759  3203 D UvcApiPtzControl: ...getMinPanTilt(): org.firstinspires.ftc.robotcore.external.hardware.camera.controls.PtzControl$PanTiltHolder@3960bec
11-30 15:31:14.184  2759  3203 D UvcApiPtzControl: getMaxPanTilt()...
11-30 15:31:14.187  2759  3203 E UvcDeviceHandle: [jni_devicehandle.cpp:332] Failed to get max pan/tilt : error -9
11-30 15:31:14.187  2759  3203 D UvcApiPtzControl: ...getMaxPanTilt(): org.firstinspires.ftc.robotcore.external.hardware.camera.controls.PtzControl$PanTiltHolder@30d2bb5
11-30 15:31:14.188  2759  3203 D UvcApiPtzControl: getZoom()...
11-30 15:31:14.190  2759  3203 E UvcDeviceHandle: [jni_devicehandle.cpp:195] Failed to get zoom : error -9
11-30 15:31:14.190  2759  3203 D UvcApiPtzControl: ...getZoom(): 0
11-30 15:31:14.191  2759  3203 D UvcApiPtzControl: getPanTilt()...
11-30 15:31:14.193  2759  3203 E UvcDeviceHandle: [jni_devicehandle.cpp:300] Failed to get pan/tilt : error -9
11-30 15:31:14.193  2759  3203 D UvcApiPtzControl: ...getPanTilt(): org.firstinspires.ftc.robotcore.external.hardware.camera.controls.PtzControl$PanTiltHolder@2eaf24a
11-30 15:31:14.193  2759  3203 D UvcApiGainControl: getMinGain()...
11-30 15:31:14.194  2759  3203 D Uvc     : [jni_devicehandle.cpp:903] Java_org_firstinspires_ftc_robotcore_internal_camera_libuvc_nativeobject_UvcDeviceHandle_nativeGetMinGain()...
11-30 15:31:14.197  2759  3203 D Uvc     : [jni_devicehandle.cpp:903] ...Java_org_firstinspires_ftc_robotcore_internal_camera_libuvc_nativeobject_UvcDeviceHandle_nativeGetMinGain()
11-30 15:31:14.197  2759  3203 D UvcApiGainControl: ...getMinGain(): 0
11-30 15:31:14.197  2759  3203 D UvcApiGainControl: getMaxGain()...
11-30 15:31:14.198  2759  3203 D Uvc     : [jni_devicehandle.cpp:926] Java_org_firstinspires_ftc_robotcore_internal_camera_libuvc_nativeobject_UvcDeviceHandle_nativeGetMaxGain()...
11-30 15:31:14.200  2759  3203 D Uvc     : [jni_devicehandle.cpp:926] ...Java_org_firstinspires_ftc_robotcore_internal_camera_libuvc_nativeobject_UvcDeviceHandle_nativeGetMaxGain()
11-30 15:31:14.200  2759  3203 D UvcApiGainControl: ...getMaxGain(): 255
11-30 15:31:14.201  2759  3203 D UvcApiGainControl: getGain()...
11-30 15:31:14.202  2759  3203 D Uvc     : [jni_devicehandle.cpp:949] Java_org_firstinspires_ftc_robotcore_internal_camera_libuvc_nativeobject_UvcDeviceHandle_nativeGetGain()...
11-30 15:31:14.204  2759  3203 D Uvc     : [jni_devicehandle.cpp:949] ...Java_org_firstinspires_ftc_robotcore_internal_camera_libuvc_nativeobject_UvcDeviceHandle_nativeGetGain()
11-30 15:31:14.204  2759  3203 D UvcApiGainControl: ...getGain(): 64
11-30 15:31:14.204  2759  3203 D UvcApiWhiteBalanceControl: getMinWhiteBalanceTemperature()...
11-30 15:31:14.205  2759  3203 D Uvc     : [jni_devicehandle.cpp:735] Java_org_firstinspires_ftc_robotcore_internal_camera_libuvc_nativeobject_UvcDeviceHandle_nativeGetMinWhiteBalanceTemperature()...
11-30 15:31:14.207  2759  3203 D Uvc     : [jni_devicehandle.cpp:735] ...Java_org_firstinspires_ftc_robotcore_internal_camera_libuvc_nativeobject_UvcDeviceHandle_nativeGetMinWhiteBalanceTemperature()
11-30 15:31:14.208  2759  3203 D UvcApiWhiteBalanceControl: ...getMinWhiteBalanceTemperature(): 0
11-30 15:31:14.208  2759  3203 D UvcApiWhiteBalanceControl: getMaxWhiteBalanceTemperature()...
11-30 15:31:14.209  2759  3203 D Uvc     : [jni_devicehandle.cpp:757] Java_org_firstinspires_ftc_robotcore_internal_camera_libuvc_nativeobject_UvcDeviceHandle_nativeGetMaxWhiteBalanceTemperature()...
11-30 15:31:14.211  2759  3203 D Uvc     : [jni_devicehandle.cpp:757] ...Java_org_firstinspires_ftc_robotcore_internal_camera_libuvc_nativeobject_UvcDeviceHandle_nativeGetMaxWhiteBalanceTemperature()
11-30 15:31:14.212  2759  3203 D UvcApiWhiteBalanceControl: ...getMaxWhiteBalanceTemperature(): 10000
11-30 15:31:14.212  2759  3203 D UvcApiWhiteBalanceControl: getWhiteBalanceTemperature()...
11-30 15:31:14.213  2759  3203 D Uvc     : [jni_devicehandle.cpp:802] Java_org_firstinspires_ftc_robotcore_internal_camera_libuvc_nativeobject_UvcDeviceHandle_nativeGetWhiteBalanceTemperature()...
11-30 15:31:14.215  2759  3203 D Uvc     : [jni_devicehandle.cpp:802] ...Java_org_firstinspires_ftc_robotcore_internal_camera_libuvc_nativeobject_UvcDeviceHandle_nativeGetWhiteBalanceTemperature()
11-30 15:31:14.215  2759  3203 D UvcApiWhiteBalanceControl: ...getWhiteBalanceTemperature(): 4000
11-30 15:31:14.215  2759  3203 D UsbResiliantWebcam: ...changeDelegatedCamera(null->CameraImpl(UvcDeviceHandle(pointer=0x71c1f961e0|UvcDevice(/dev/bus/usb/003/004))))
11-30 15:31:14.215  2759  3203 D UsbResiliantWebcam: openSelfAndReport()...
11-30 15:31:14.216  2759  3203 V CameraImpl: construct(0x0317e5bb)
11-30 15:31:14.217  2759  3203 D UsbResiliantWebcam: ...openSelfAndReport()
11-30 15:31:14.217  2759  3203 D UsbResiliantWebcam.InterveningStateCallback: ...onOpened() camera=CameraImpl(UvcDeviceHandle(pointer=0x71c1f961e0|UvcDevice(/dev/bus/usb/003/004)))
11-30 15:31:14.218  2759  3203 D UvcDevice: ...open()
11-30 15:31:14.218  2759  3203 D UsbResiliantWebcam: ...openAssumingPermission()
11-30 15:31:14.218  2759  3205 D CameraManager: camera reports opened: CameraImpl(UsbResiliantWebcam(Webcam(25C90B40)))
11-30 15:31:14.218  2759  3203 D CameraManager: ...asyncOpenWebcam(Webcam(25C90B40))
11-30 15:31:14.218  2759  3203 D CameraManager: ...asyncOpenCamera(Webcam(25C90B40))
