11-30 16:22:57.020  1827  2094 V FtcEventLoop: ...getUSBAccessibleLynxDevices()
11-30 16:22:57.028  1827  2094 V Robocol : locally injecting CMD_GET_USB_ACCESSIBLE_LYNX_MODULES_RESP
11-30 16:22:57.332  1827  1893 V FtcWebSocket: Opening websocket (ip=192.168.43.22/192.168.43.22 port=8081)
11-30 16:22:57.338  1827  2094 V WebSocketManager: Subscribed websocket (ip=192.168.43.22/192.168.43.22 port=8081) to namespace (progress)
11-30 16:22:57.339  1827  2180 V WebSocketManager: Subscribed websocket (ip=192.168.43.22/192.168.43.22 port=8081) to namespace (ControlHubUpdater)
11-30 16:22:57.370  1827  1893 V FtcWebSocket: Opening websocket (ip=192.168.43.22/192.168.43.22 port=8081)
11-30 16:22:57.373  1827  2180 V WebSocketManager: Subscribed websocket (ip=192.168.43.22/192.168.43.22 port=8081) to namespace (progress)
11-30 16:23:02.622  2240  2240 I ps      : type=1400 audit(0.0:288): avc: denied { getattr } for path="/proc/1" dev="proc" ino=8239 scontext=u:r:untrusted_app:s0:c512,c768 tcontext=u:r:init:s0 tclass=dir permissive=1
11-30 16:23:02.622  2240  2240 I ps      : type=1400 audit(0.0:289): avc: denied { search } for name="1" dev="proc" ino=8239 scontext=u:r:untrusted_app:s0:c512,c768 tcontext=u:r:init:s0 tclass=dir permissive=1
11-30 16:23:02.622  2240  2240 I ps      : type=1400 audit(0.0:290): avc: denied { read } for name="cmdline" dev="proc" ino=8824 scontext=u:r:untrusted_app:s0:c512,c768 tcontext=u:r:init:s0 tclass=file permissive=1
11-30 16:23:02.622  2240  2240 I ps      : type=1400 audit(0.0:291): avc: denied { open } for path="/proc/1/cmdline" dev="proc" ino=8824 scontext=u:r:untrusted_app:s0:c512,c768 tcontext=u:r:init:s0 tclass=file permissive=1
11-30 16:23:02.622  2240  2240 I ps      : type=1400 audit(0.0:292): avc: denied { read } for name="cmdline" dev="proc" ino=10421 scontext=u:r:untrusted_app:s0:c512,c768 tcontext=u:r:kernel:s0 tclass=file permissive=1
11-30 16:23:02.622  2240  2240 I ps      : type=1400 audit(0.0:293): avc: denied { open } for path="/proc/2/cmdline" dev="proc" ino=10421 scontext=u:r:untrusted_app:s0:c512,c768 tcontext=u:r:kernel:s0 tclass=file permissive=1
11-30 16:24:08.935  1827  2077 V ProgrammingModeManager: serve uri=/java/file/save
--------- beginning of main
11-30 16:26:07.174  2563  2563 D Uvc     : [jni.cpp:72] JNI_OnLoad()...
11-30 16:26:07.174  2563  2563 D Uvc     : [JniEnv.h:32] ScopedJniEnv::onJniLoad()...
11-30 16:26:07.174  2563  2563 D Uvc     : [JniEnv.h:32] ...ScopedJniEnv::onJniLoad()
11-30 16:26:07.174  2563  2563 D Uvc     : [jni.cpp:72] ...JNI_OnLoad()
11-30 16:26:07.179  2563  2563 V AppUtil : initializing: getExternalStorageDirectory()=/storage/emulated/0
11-30 16:26:07.183  2563  2563 I AppUtil : found usbFileSystemRoot: /dev/bus/usb
11-30 16:26:07.185  2563  2563 I robotcontroller: type=1400 audit(0.0:296): avc: denied { read } for name="direction" dev="sysfs" ino=16522 scontext=u:r:untrusted_app:s0:c512,c768 tcontext=u:object_r:sysfs:s0 tclass=file permissive=1
11-30 16:26:07.185  2563  2563 I robotcontroller: type=1400 audit(0.0:297): avc: denied { open } for path="/sys/devices/pinctrl.26/gpio/gpio50/direction" dev="sysfs" ino=16522 scontext=u:r:untrusted_app:s0:c512,c768 tcontext=u:object_r:sysfs:s0 tclass=file permissive=1
11-30 16:26:07.185  2563  2563 I robotcontroller: type=1400 audit(0.0:298): avc: denied { getattr } for path="/sys/devices/pinctrl.26/gpio/gpio50/direction" dev="sysfs" ino=16522 scontext=u:r:untrusted_app:s0:c512,c768 tcontext=u:object_r:sysfs:s0 tclass=file permissive=1
11-30 16:26:07.185  2563  2563 I robotcontroller: type=1400 audit(0.0:299): avc: denied { write } for name="value" dev="sysfs" ino=13327 scontext=u:r:untrusted_app:s0:c512,c768 tcontext=u:object_r:sysfs:s0 tclass=file permissive=1
11-30 16:26:07.194  2563  2563 I AppAliveNotifier: Telling the OS to set the RC alive notification timeout to 20 seconds
11-30 16:26:07.200  2563  2579 V RobotCore: saving logcat to /storage/emulated/0/robotControllerLog.txt
11-30 16:26:07.200  2563  2579 V RobotCore: logging command line: exec logcat -f /storage/emulated/0/robotControllerLog.txt -r4096 -n4 -v threadtime UsbRequestJNI:S UsbRequest:S art:W ThreadPool:W System:W ExtendedExtractor:W OMXClient:W MediaPlayer:W dalvikvm:W  *:V
11-30 16:26:07.210  2563  2563 V AppUtil : rootActivity=PermissionValidatorWrapper
11-30 16:26:07.210  2563  2563 I PermissionValidatorActivity: Lifecycle onCreate : 6d5214a
11-30 16:26:07.232  2563  2579 I RobotCore: Done running ps
11-30 16:26:07.242  2583  2583 I sh      : type=1400 audit(0.0:300): avc: denied { read } for name="/" dev="rootfs" ino=1 scontext=u:r:untrusted_app:s0:c512,c768 tcontext=u:object_r:rootfs:s0 tclass=dir permissive=1
11-30 16:26:07.242  2583  2583 I sh      : type=1400 audit(0.0:301): avc: denied { open } for path="/" dev="rootfs" ino=1 scontext=u:r:untrusted_app:s0:c512,c768 tcontext=u:object_r:rootfs:s0 tclass=dir permissive=1
11-30 16:26:07.256  2563  2563 I PermissionValidatorActivity: Lifecycle onStart : 6d5214a
11-30 16:26:07.258  2563  2563 I PermissionValidator: Checking permission for android.permission.WRITE_EXTERNAL_STORAGE
11-30 16:26:07.263  2563  2563 I PermissionValidator:     Granted: android.permission.WRITE_EXTERNAL_STORAGE
11-30 16:26:07.263  2563  2563 I PermissionValidator: Checking permission for android.permission.READ_EXTERNAL_STORAGE
11-30 16:26:07.264  2563  2563 I PermissionValidator:     Granted: android.permission.READ_EXTERNAL_STORAGE
11-30 16:26:07.264  2563  2563 I PermissionValidator: Checking permission for android.permission.CAMERA
11-30 16:26:07.265  2563  2563 I PermissionValidator:     Granted: android.permission.CAMERA
11-30 16:26:07.265  2563  2563 I PermissionValidator: Checking permission for android.permission.ACCESS_COARSE_LOCATION
11-30 16:26:07.266  2563  2563 I PermissionValidator:     Granted: android.permission.ACCESS_COARSE_LOCATION
11-30 16:26:07.266  2563  2563 I PermissionValidator: Checking permission for android.permission.ACCESS_FINE_LOCATION
11-30 16:26:07.267  2563  2563 I PermissionValidator:     Granted: android.permission.ACCESS_FINE_LOCATION
11-30 16:26:07.267  2563  2563 I PermissionValidator: Checking permission for android.permission.READ_PHONE_STATE
11-30 16:26:07.268  2563  2563 I PermissionValidator:     Granted: android.permission.READ_PHONE_STATE
11-30 16:26:07.272  2563  2563 V ServiceStarter: attempting to start service MediaTransferProtocolMonitorService
11-30 16:26:07.275  2563  2563 V ServiceStarter: started service MediaTransferProtocolMonitorService
11-30 16:26:07.276  2563  2563 V ServiceStarter: attempting to start service OnBotJavaService
11-30 16:26:07.278  2563  2563 V ServiceStarter: started service OnBotJavaService
11-30 16:26:07.279  2563  2563 I PermissionValidatorActivity: All permissions validated.  Starting RobotController
11-30 16:26:07.290  2563  2563 V MTPMonitorService: onCreate()
11-30 16:26:07.291  2563  2563 V MTPMonitorService: onStartCommand() intent=Intent { cmp=com.qualcomm.ftcrobotcontroller/org.firstinspires.ftc.robotcore.internal.files.MediaTransferProtocolMonitorService } flags=0x0 startId=1
11-30 16:26:07.294  2563  2563 V MTPMonitor: observing: /storage/emulated/0
11-30 16:26:07.400  2563  2563 V OnBotJavaService: onCreate()
11-30 16:26:07.401  2563  2563 V OnBotJavaService: onStartCommand() intent=Intent { cmp=com.qualcomm.ftcrobotcontroller/org.firstinspires.ftc.onbotjava.OnBotJavaService } flags=0x0 startId=1
11-30 16:26:07.402  2563  2563 V OnBotJava: OnBotJavaManager::static
11-30 16:26:07.682  2592  2592 I ps      : type=1400 audit(0.0:302): avc: denied { getattr } for path="/proc/1" dev="proc" ino=8239 scontext=u:r:untrusted_app:s0:c512,c768 tcontext=u:r:init:s0 tclass=dir permissive=1
11-30 16:26:07.682  2592  2592 I ps      : type=1400 audit(0.0:303): avc: denied { search } for name="1" dev="proc" ino=8239 scontext=u:r:untrusted_app:s0:c512,c768 tcontext=u:r:init:s0 tclass=dir permissive=1
11-30 16:26:07.682  2592  2592 I ps      : type=1400 audit(0.0:304): avc: denied { read } for name="cmdline" dev="proc" ino=8824 scontext=u:r:untrusted_app:s0:c512,c768 tcontext=u:r:init:s0 tclass=file permissive=1
11-30 16:26:07.682  2592  2592 I ps      : type=1400 audit(0.0:305): avc: denied { open } for path="/proc/1/cmdline" dev="proc" ino=8824 scontext=u:r:untrusted_app:s0:c512,c768 tcontext=u:r:init:s0 tclass=file permissive=1
11-30 16:26:07.685  2592  2592 I ps      : type=1400 audit(0.0:306): avc: denied { getattr } for path="/proc/2" dev="proc" ino=10325 scontext=u:r:untrusted_app:s0:c512,c768 tcontext=u:r:kernel:s0 tclass=dir permissive=1
11-30 16:26:07.685  2592  2592 I ps      : type=1400 audit(0.0:307): avc: denied { search } for name="2" dev="proc" ino=10325 scontext=u:r:untrusted_app:s0:c512,c768 tcontext=u:r:kernel:s0 tclass=dir permissive=1
11-30 16:26:08.050  2563  2563 V OnBotJava: ctor()...
11-30 16:26:08.052  2563  2563 V OnBotJava: ...ctor()
11-30 16:26:08.058  2563  2563 V RCActivity: Permissions validated already
11-30 16:26:08.058  2563  2563 V RCActivity: onCreate()
11-30 16:26:08.061  2563  2563 V RCActivity: rootActivity is of class PermissionValidatorWrapper
11-30 16:26:08.064  2563  2563 V RCActivity: launchActivity is of class class org.firstinspires.ftc.robotcontroller.internal.PermissionValidatorWrapper
11-30 16:26:08.062  2563  2563 I robotcontroller: type=1400 audit(0.0:308): avc: denied { read } for name="direction" dev="sysfs" ino=16522 scontext=u:r:untrusted_app:s0:c512,c768 tcontext=u:object_r:sysfs:s0 tclass=file permissive=1
11-30 16:26:08.062  2563  2563 I robotcontroller: type=1400 audit(0.0:309): avc: denied { open } for path="/sys/devices/pinctrl.26/gpio/gpio50/direction" dev="sysfs" ino=16522 scontext=u:r:untrusted_app:s0:c512,c768 tcontext=u:object_r:sysfs:s0 tclass=file permissive=1
11-30 16:26:08.062  2563  2563 I robotcontroller: type=1400 audit(0.0:310): avc: denied { getattr } for path="/sys/devices/pinctrl.26/gpio/gpio50/direction" dev="sysfs" ino=16522 scontext=u:r:untrusted_app:s0:c512,c768 tcontext=u:object_r:sysfs:s0 tclass=file permissive=1
11-30 16:26:08.062  2563  2563 I robotcontroller: type=1400 audit(0.0:311): avc: denied { write } for name="value" dev="sysfs" ino=13327 scontext=u:r:untrusted_app:s0:c512,c768 tcontext=u:object_r:sysfs:s0 tclass=file permissive=1
11-30 16:26:08.073  2563  2599 V CallbackLooper: thread=126
11-30 16:26:08.078  2563  2563 V NetDiscover_wifiDirectAgent: doStart()...
11-30 16:26:08.083  2563  2563 V NetDiscover_wifiDirectAgent: ...doStart()
11-30 16:26:08.084  2563  2563 V NetDiscover_prefremrc: ----- all preferences -----
11-30 16:26:08.084  2563  2563 V NetDiscover_prefremrc: name='android.permission.READ_PHONE_STATE' value=false
11-30 16:26:08.084  2563  2563 V NetDiscover_prefremrc: name='pref_autostarted_robot_controller' value=true
11-30 16:26:08.085  2563  2563 V NetDiscover_prefremrc: name='pref_warn_about_obsolete_software' value=true
11-30 16:26:08.085  2563  2563 V NetDiscover_prefremrc: name='pref_has_independent_phone_battery' value=false
11-30 16:26:08.085  2563  2563 V NetDiscover_prefremrc: name='android.permission.CAMERA' value=false
11-30 16:26:08.085  2563  2563 V NetDiscover_prefremrc: name='pref_wifip2p_remote_channel_change_works' value=false
11-30 16:26:08.085  2563  2563 V NetDiscover_prefremrc: name='pref_hardware_config_filename' value={"isDirty":false,"location":"LOCAL_STORAGE","name":"Robot","resourceId":0}
11-30 16:26:08.085  2563  2563 V NetDiscover_prefremrc: name='pref_warn_about_mismatched_app_versions' value=true
11-30 16:26:08.085  2563  2563 V NetDiscover_prefremrc: name='pref_sound_on_off' value=false
11-30 16:26:08.086  2563  2563 V NetDiscover_prefremrc: name='pref_ftc_season_year_of_current_rc_new' value=2023
11-30 16:26:08.086  2563  2563 V NetDiscover_prefremrc: name='App Restrictions' value=AAAAAA==
11-30 16:26:08.086  2563  2563 V NetDiscover_prefremrc:     
11-30 16:26:08.086  2563  2563 V NetDiscover_prefremrc: name='pref_warn_about_incorrect_clocks' value=true
11-30 16:26:08.086  2563  2563 V NetDiscover_prefremrc: name='android.permission.ACCESS_COARSE_LOCATION' value=false
11-30 16:26:08.086  2563  2563 V NetDiscover_prefremrc: name='pref_has_speaker' value=false
11-30 16:26:08.086  2563  2563 V NetDiscover_prefremrc: name='android.permission.WRITE_EXTERNAL_STORAGE' value=false
11-30 16:26:08.087  2563  2563 V NetDiscover_prefremrc: name='pref_connection_owner_password' value=password
11-30 16:26:08.087  2563  2563 V NetDiscover_prefremrc: name='pref_pairing_kind' value=RCWIRELESSAP
11-30 16:26:08.087  2563  2563 V NetDiscover_prefremrc: name='pref_app_theme' value=red
11-30 16:26:08.087  2563  2563 V NetDiscover_prefremrc: name='android.permission.ACCESS_FINE_LOCATION' value=false
11-30 16:26:08.087  2563  2563 V NetDiscover_prefremrc: name='pref_device_name_internal' value=FTC-Rp5V
11-30 16:26:08.087  2563  2563 V NetDiscover_prefremrc: name='pref_device_name' value=FTC-Rp5V
11-30 16:26:08.088  2563  2563 V NetDiscover_prefremrc: name='pref_warn_about_2_4_ghz_band' value=true
11-30 16:26:08.088  2563  2563 V NetDiscover_prefremrc: name='android.permission.READ_EXTERNAL_STORAGE' value=false
11-30 16:26:08.088  2563  2563 V NetDiscover_prefremrc: name='pref_device_name_tracking' value=WIFIAP
11-30 16:26:08.088  2563  2563 V NetDiscover_prefremrc: name='pref_rc_connected' value=true
11-30 16:26:08.095  2563  2563 V Robocol : SendOnceRunnable created
11-30 16:26:08.097  2563  2563 V NetDiscover_prefremrc: doStart()...
11-30 16:26:08.097  2563  2563 V NetDiscover_prefremrc: ...doStart()
11-30 16:26:08.129  2563  2563 W System  : ClassLoader referenced unknown path: /system/app/webview/lib/arm64
11-30 16:26:08.130  2563  2563 D ApplicationLoaders: ignored Vulkan layer search path /system/app/webview/lib/arm64:/system/app/webview/webview.apk!/lib/arm64-v8a:/system/lib64:/vendor/lib64 for namespace 0x71c3a660f0
11-30 16:26:08.133  2563  2563 I WebViewFactory: Loading com.android.webview version 52.0.2743.100 (code 275610050)
11-30 16:26:08.180  2563  2563 I cr_LibraryLoader: Time to load native libraries: 4 ms (timestamps 372-376)
11-30 16:26:08.181  2563  2563 I cr_LibraryLoader: Expected native library version number "52.0.2743.100", actual native library version number "52.0.2743.100"
11-30 16:26:08.199  2563  2563 V WebViewChromiumFactoryProvider: Binding Chromium to main looper Looper (main, tid 1) {1cf99d1}
11-30 16:26:08.200  2563  2563 I cr_LibraryLoader: Expected native library version number "52.0.2743.100", actual native library version number "52.0.2743.100"
11-30 16:26:08.200  2563  2563 I chromium: [INFO:library_loader_hooks.cc(143)] Chromium logging enabled: level = 0, default verbosity = 0
11-30 16:26:08.227  2563  2563 I cr_BrowserStartup: Initializing chromium process, singleProcess=true
11-30 16:26:08.269  2563  2563 I mali_so : [File] : hardware/rockchip/driver/./src/base/arch/arch_011_udd/base_arch_main.c; [Line] : 565; [Func] : deal_with_version_affairs_rk_ext;
11-30 16:26:08.269  2563  2563 I mali_so : arm_release_ver of this mali_so is 'r7p0-00rel1', rk_so_ver is '1@2' for 3328h_android_7.1, built at '15:47:51', on 'Jun 28 2017'.
11-30 16:26:08.270  2563  2563 I mali_so : [File] : hardware/rockchip/driver/./src/base/arch/arch_011_udd/base_arch_main.c; [Line] : 578; [Func] : deal_with_version_affairs_rk_ext;
11-30 16:26:08.270  2563  2563 I mali_so : mali_ver_property has been set to 'r7p0-00rel1-5-1@2', to return.
11-30 16:26:08.329  2563  2563 I cr_DRP  : No DRP key due to exception:java.lang.ClassNotFoundException: com.android.webview.chromium.Drp
11-30 16:26:08.391  2563  2563 W cr_AwContents: onDetachedFromWindow called when already detached. Ignoring
11-30 16:26:10.513  2563  2563 V UpdateUI: Network: inactive, disconnected
11-30 16:26:10.514  2563  2563 V ServiceStarter: attempting to start service FtcRobotControllerWatchdogService
11-30 16:26:10.517  2563  2563 V ServiceStarter: started service FtcRobotControllerWatchdogService
11-30 16:26:10.540  2563  2563 I RobotCore: App info: version=9.0.1 appId=com.qualcomm.ftcrobotcontroller
11-30 16:26:10.541  2563  2563 I RobotCore: Android Device: maker=REV Robotics model=Control Hub v1.0 sdk=25 serial=5c4bc35ecb2c6418
11-30 16:26:10.541  2563  2563 V AndroidBoard: REV Control Hub contains REV3328
11-30 16:26:10.541  2563  2563 V AndroidBoard: Communicating with embedded REV hub via /dev/ttyS1
11-30 16:26:10.544  2563  2563 V RCActivity: onStart()
11-30 16:26:10.548  2563  2563 V RCActivity: onResume()
11-30 16:26:10.568  2563  2563 V NetDiscover_prefremrc: onSharedPreferenceChanged(name=App Restrictions, value=AAAAAA==
11-30 16:26:10.568  2563  2563 V NetDiscover_prefremrc: )
11-30 16:26:10.582  2563  2563 V FtcRobotControllerWatchdogService: onCreate()
11-30 16:26:10.583  2563  2563 V FtcRobotControllerWatchdogService: onStartCommand() intent=Intent { cmp=com.qualcomm.ftcrobotcontroller/org.firstinspires.ftc.ftccommon.internal.FtcRobotControllerWatchdogService } flags=0x0 startId=1
11-30 16:26:10.583  2563  2563 V FtcRobotControllerWatchdogService: shouldAutoLauchRobotController() result=true
11-30 16:26:10.585  2563  2563 V FTCService: onCreate()
11-30 16:26:10.617  2563  2563 W art     : Before Android 4.1, method double java.util.concurrent.ThreadLocalRandom.internalNextDouble(double, double) would have incorrectly overridden the package-private method in java.util.Random
11-30 16:26:10.618  2563  2563 W art     : Before Android 4.1, method int java.util.concurrent.ThreadLocalRandom.internalNextInt(int, int) would have incorrectly overridden the package-private method in java.util.Random
11-30 16:26:10.618  2563  2563 W art     : Before Android 4.1, method long java.util.concurrent.ThreadLocalRandom.internalNextLong(long, long) would have incorrectly overridden the package-private method in java.util.Random
11-30 16:26:10.649  2563  2563 V FTCService: onBind()
11-30 16:26:10.665  2563  2563 V CoreRobotWebServer: creating NanoHTTPD(8080)
11-30 16:26:10.671  2563  2563 V WebSocketManager: Registered broadcast-only namespace progress
11-30 16:26:10.677  2563  2563 V WebSocketManager: Registered handler for namespace ControlHubUpdater
11-30 16:26:10.678  2563  2563 V RobotCore: Getting network assistant of type: RCWIRELESSAP
11-30 16:26:10.680  2563  2563 I RobotControllerAccessPointAssistant: Enabling network services
11-30 16:26:10.682  2563  2563 I RobotControllerAccessPointAssistant: Sending SSID and password to AP service
11-30 16:26:10.683  2563  2563 I RobotCore: password
11-30 16:26:10.683  2563  2563 D RobotControllerAccessPointAssistant: setNetworkProperties(deviceName=FTC-Rp5V, password=password, ApChannel=null) sendSettingsIndividually=false
11-30 16:26:10.683  2563  2563 I NetDiscover_ControlHubNameManager: Robot controller name: FTC-Rp5V
11-30 16:26:10.684  2563  2563 I ControlHubPasswordManager: Robot controller password: password
11-30 16:26:10.684  2563  2563 D RobotControllerAccessPointAssistant: Sending bulk settings broadcast intent
11-30 16:26:10.738  2563  2633 I OpenGLRenderer: Initialized EGL, version 1.4
11-30 16:26:10.739  2563  2633 D OpenGLRenderer: Swap behavior 1
11-30 16:26:10.748  2563  2563 I RobotControllerAccessPointAssistant: Wi-Fi state change:, wifiApState: 13
11-30 16:26:10.748  2563  2563 I FTCService: onNetworkConnectionEvent: CONNECTION_INFO_AVAILABLE
11-30 16:26:10.749  2563  2563 I RobotCore: password
11-30 16:26:10.749  2563  2563 I FTCService: Network Connection Passphrase: password
11-30 16:26:10.749  2563  2563 V CoreRobotWebServer: starting port=8080
11-30 16:26:10.761  2563  2563 V RobotCore: Getting network assistant of type: RCWIRELESSAP
11-30 16:26:10.762  2563  2563 V CoreRobotWebServer: started port=8080
11-30 16:26:10.763  2563  2563 V FTCService: RCActivity.controllerService=bound
11-30 16:26:10.763  2563  2563 V UpdateUI: Network: active, disconnected
11-30 16:26:10.764  2563  2563 V RobotCore: Robot Status: stopped
11-30 16:26:10.772  2563  2639 V TooTallWebSocketServer: Started WebSocket server on port 8081
11-30 16:26:10.780  2563  2642 V RobotCore: thread: 'RobotSetupRunnable.run()' starting...
11-30 16:26:10.780  2563  2642 V FTCService: Processing robot setup
11-30 16:26:10.781  2563  2642 V RobotCore: Robot Status: stopped, scanning for USB devices
11-30 16:26:10.781  2563  2642 I AppAliveNotifier: Telling the OS to set the RC alive notification timeout to 10 seconds
11-30 16:26:10.802  2563  2563 V WebSocketManager: Registered handler for namespace ONBOTJAVA
11-30 16:26:10.804  2563  2563 V WebSocketManager: Registered handler for namespace MC
11-30 16:26:10.814  2563  2633 I [Gralloc]:  ion device open success! fd = 92
11-30 16:26:10.854  2563  2563 V AppUtil : rootActivity=PermissionValidatorWrapper destroyed
11-30 16:26:10.854  2563  2563 V AppUtil : rootActivity=FtcRobotControllerActivity
11-30 16:26:10.857  2563  2563 I PermissionValidatorActivity: Lifecycle onDestroy : 6d5214a
11-30 16:26:11.007  2563  2641 V FtcWebSocket: Opening websocket (ip=192.168.43.22/192.168.43.22 port=8081)
11-30 16:26:11.017  2563  2647 V WebSocketManager: Subscribed websocket (ip=192.168.43.22/192.168.43.22 port=8081) to namespace (progress)
11-30 16:26:11.019  2563  2648 V WebSocketManager: Subscribed websocket (ip=192.168.43.22/192.168.43.22 port=8081) to namespace (ControlHubUpdater)
11-30 16:26:12.448  2563  2641 V FtcWebSocket: Opening websocket (ip=192.168.43.99/192.168.43.99 port=8081)
11-30 16:26:12.452  2563  2648 V WebSocketManager: Subscribed websocket (ip=192.168.43.99/192.168.43.99 port=8081) to namespace (ControlHubUpdater)
11-30 16:26:15.789  2563  2642 V RobotCore: EventLoopManager state is NOT_STARTED
11-30 16:26:15.789  2563  2642 V FTCService: Waiting for a connection to a Wi-Fi service
11-30 16:26:15.790  2563  2642 V RobotCore: Robot Status: stopped, waiting for network to become active
11-30 16:26:15.791  2563  2642 I RobotControllerAccessPointAssistant: Wi-Fi AP is enabled
11-30 16:26:15.791  2563  2642 V CoreRobotWebServer: Asked an already running WebServer to start
11-30 16:26:15.792  2563  2642 V RobotCore: Robot Status: stopped, starting robot
11-30 16:26:15.792  2563  2642 V Robocol : EventLoopManager.start()
11-30 16:26:15.792  2563  2642 V RobotCore: Getting network assistant of type: RCWIRELESSAP
11-30 16:26:15.793  2563  2642 I RobotControllerAccessPointAssistant: Wi-Fi AP is enabled
11-30 16:26:15.794  2563  2642 V Robocol : Spoofing a Network Connection event...
11-30 16:26:15.794  2563  2642 I EventLoopManager: onNetworkConnectionEvent: CONNECTION_INFO_AVAILABLE
11-30 16:26:15.794  2563  2642 I Robocol : Received network connection event
11-30 16:26:15.795  2563  2642 I RobotControllerAccessPointAssistant: Wi-Fi AP is enabled
11-30 16:26:15.795  2563  2642 I NetworkConnectionHandler: Handling new network connection infomation, connected: true setup needed: true
11-30 16:26:15.796  2563  2642 I RobotControllerAccessPointAssistant: Wi-Fi AP is enabled
11-30 16:26:18.807  2563  2675 V RobotCore: thread: 'SetupRunnable.run()' starting...
11-30 16:26:18.807  2563  2642 V RobotCore: EventLoopManager state is STOPPED
11-30 16:26:18.808  2563  2642 V Robocol : eventLoop=FtcEventLoop
11-30 16:26:18.808  2563  2642 V RobotCore: EventLoopManager state is INIT
11-30 16:26:18.809  2563  2642 V RobotCore: Robot Status: initializing, starting robot
11-30 16:26:18.809  2563  2642 I FtcEventLoop: ======= INIT START =======
11-30 16:26:18.810  2563  2642 V OpmodeRegistration: registered {DefaultOpMode} as {$Stop$Robot$}
11-30 16:26:18.812  2563  2675 D Robocol : RobocolDatagramSocket listening addr=/192.168.43.1:20884 cbRec=65520 cbSend=106496 msRecTO=300
11-30 16:26:18.813  2563  2675 V Robocol : RecvLoopRunnable created
11-30 16:26:18.819  2563  2675 V PeerDiscovery: Starting peer discovery remote: /192.168.43.1 local: /192.168.43.1
11-30 16:26:18.820  2563  2677 V Robocol : CommandProcessor started
11-30 16:26:18.820  2563  2675 V PeerDiscovery: No need for initiating peer discovery, we are the Robot Controller
11-30 16:26:18.820  2563  2675 V RobotCore: Setup complete
11-30 16:26:18.820  2563  2675 V RobotCore: thread: ...terminating 'SetupRunnable.run()'
11-30 16:26:18.822  2563  2676 V Robocol : PacketProcessor started
11-30 16:26:18.823  2563  2678 V RobotCore: thread: 'RecvLoopRunnable.run()' starting...
11-30 16:26:18.875  2563  2642 V OpmodeRegistration: registered instance as {sfTeleOp}
11-30 16:26:18.876  2563  2642 V OpmodeRegistration: registered instance as {backup}
11-30 16:26:18.876  2563  2642 V OpmodeRegistration: registered instance as {test TensorFlow}
11-30 16:26:18.877  2563  2642 V OpmodeRegistration: registered instance as {A.A-Tele Op practice}
11-30 16:26:18.877  2563  2642 V OpmodeRegistration: registered instance as {arTeleOp}
11-30 16:26:18.878  2563  2642 V OpmodeRegistration: registered instance as {Shteleop}
11-30 16:26:18.878  2563  2642 V OpmodeRegistration: registered instance as {VGNTeleop}
11-30 16:26:18.879  2563  2642 V OpmodeRegistration: registered instance as {learnTeleop}
11-30 16:26:18.879  2563  2642 V OpmodeRegistration: registered instance as {autonomoustest2.0}
11-30 16:26:18.880  2563  2642 V OpmodeRegistration: registered instance as {backup autonomous}
11-30 16:26:18.937  2563  2642 V OpmodeRegistration: registered {ManualControlOpMode} as {$Manual$Control$}
11-30 16:26:18.938  2563  2642 V OpmodeRegistration: registered {AutoIntakeAidenOutOfWayBlue} as {AutoIntakeAidenOutOfWayBlue}
11-30 16:26:18.938  2563  2642 V OpmodeRegistration: registered {PracticeClaw} as {PracticeClaw}
11-30 16:26:18.939  2563  2642 V OpmodeRegistration: registered {newAutoGroup} as {newAutoGroup}
11-30 16:26:18.939  2563  2642 V OpmodeRegistration: registered {AutoIntakeAidenRedClose} as {AutoIntakeAidenRedClose}
11-30 16:26:18.940  2563  2642 V OpmodeRegistration: registered {AutoIntakeAidenBlueClose} as {AutoIntakeAidenBlueClose}
11-30 16:26:18.943  2563  2642 V OpmodeRegistration: registered {VisionTest} as {Game Object Test}
11-30 16:26:18.944  2563  2642 V OpmodeRegistration: registered {AutoIntakeAiden} as {AutoIntakeAiden}
11-30 16:26:18.944  2563  2642 V OpmodeRegistration: registered {teleOpCombinedDrivesComp2} as {teleOpCombinedDrivesComp2}
11-30 16:26:18.945  2563  2642 V OpmodeRegistration: registered {AutonomousTests} as {AutonomousTests}
11-30 16:26:18.946  2563  2642 V OpmodeRegistration: registered {AutoIntakeAidenOutOfWayRed} as {AutoIntakeAidenOutOfWayRed}
11-30 16:26:18.947  2563  2642 V OpmodeRegistration: registered {PracticeOnBotJava} as {PracticeOnBotJava}
11-30 16:26:18.947  2563  2642 V OpmodeRegistration: registered {rotationTest} as {rotationTest}
11-30 16:26:18.948  2563  2642 V OpmodeRegistration: registered {testMotors} as {testMotors}
11-30 16:26:18.949  2563  2642 V OpmodeRegistration: registered {AutoTestAJLZARSF} as {AutoTestAJLZARSF}
11-30 16:26:18.949  2563  2642 V OpmodeRegistration: registered {TeleOP} as {TeleOP (Blocks to Java)}
11-30 16:26:18.951  2563  2642 V OpmodeRegistration: registered {AutoTestSF} as {AutoTestSF}
11-30 16:26:18.951  2563  2642 V OpmodeRegistration: registered {autoTest1_EK} as {autoTest1_EK}
11-30 16:26:18.952  2563  2642 V OpmodeRegistration: registered {AutoIntakeAidenRedFar} as {AutoIntakeAidenRedFar}
11-30 16:26:18.952  2563  2642 V OpmodeRegistration: registered {testEncoderMotors} as {testEncoderMotors}
11-30 16:26:18.953  2563  2642 V OpmodeRegistration: registered {backup} as {backup (Blocks to Java)}
11-30 16:26:18.954  2563  2642 V OpmodeRegistration: registered {TensorFlowObjectDetection} as {TensorFlowObjectDetection}
11-30 16:26:18.954  2563  2642 V OpmodeRegistration: registered {WebcamTest} as {WebcamTest}
11-30 16:26:18.955  2563  2642 V OpmodeRegistration: registered {autoParkOutline} as {autoParkOutline}
11-30 16:26:18.955  2563  2642 V OpmodeRegistration: registered {teleOpFieldOriented1} as {teleOpFieldOriented1}
11-30 16:26:18.956  2563  2642 V OpmodeRegistration: registered {AutoIntakeAidenBlueFar} as {AutoIntakeAidenBlueFar}
11-30 16:26:18.957  2563  2642 V OpmodeRegistration: registered {teleOpCombinedDrivesOneDriver1} as {teleOpCombinedDrivesOneDriver1}
11-30 16:26:19.021  2563  2642 V FtcEventLoop: Ensuring that the embedded Control Hub module is set up correctly
11-30 16:26:19.022  2563  2642 V RobotCore: Creating REV Robotics USB Expansion Hub Portal [(embedded)]
11-30 16:26:19.023  2563  2642 V LynxUsb : creating new [(embedded)]: 0x04a730d9
11-30 16:26:19.025  2563  2563 I pRunnable.run(): type=1400 audit(0.0:315): avc: denied { read } for name="ttyS1" dev="tmpfs" ino=8268 scontext=u:r:untrusted_app:s0:c512,c768 tcontext=u:object_r:serial_device:s0 tclass=chr_file permissive=1
11-30 16:26:19.026  2563  2642 V FtDeviceManager: createDeviceInfoList(): 0 USB devices
11-30 16:26:19.027  2563  2642 V RobotUsbManagerCombining: FTDI driver failed to open USB device with serial number (embedded) (returned null device)
11-30 16:26:19.028  2563  2563 I pRunnable.run(): type=1400 audit(0.0:316): avc: denied { write } for name="ttyS1" dev="tmpfs" ino=8268 scontext=u:r:untrusted_app:s0:c512,c768 tcontext=u:object_r:serial_device:s0 tclass=chr_file permissive=1
11-30 16:26:19.030  2563  2642 V SerialPortNative: [SerialPort.cpp:150] opened(/dev/ttyS1): fd=99
11-30 16:26:19.031  2563  2642 V RobotUsbDeviceTTY: opening serial=(embedded) file=/dev/ttyS1
11-30 16:26:19.031  2563  2642 V LynxUsb : armDevice() serial=(embedded)...
11-30 16:26:19.031  2563  2642 V LynxUsb : resetDevice() serial=(embedded)
11-30 16:26:19.028  2563  2563 I pRunnable.run(): type=1400 audit(0.0:317): avc: denied { open } for path="/dev/ttyS1" dev="tmpfs" ino=8268 scontext=u:r:untrusted_app:s0:c512,c768 tcontext=u:object_r:serial_device:s0 tclass=chr_file permissive=1
11-30 16:26:19.028  2563  2563 I pRunnable.run(): type=1400 audit(0.0:318): avc: denied { ioctl } for path="/dev/ttyS1" dev="tmpfs" ino=8268 ioctlcmd=5401 scontext=u:r:untrusted_app:s0:c512,c768 tcontext=u:object_r:serial_device:s0 tclass=chr_file permissive=1
11-30 16:26:19.037  2563  2642 V LynxModule: resetting embedded usb device: isPresent: was=true
11-30 16:26:19.125  2563  2678 E Robocol : exception SocketTimeoutException(Receive timed out): no packet received [java.net.PlainDatagramSocketImpl.receive0(Native Method)]
11-30 16:26:19.391  2563  2642 V LynxUsb : ...done armDevice()
11-30 16:26:19.391  2563  2715 V RobotCore: thread: 'lynx incoming datagrams' starting...
11-30 16:26:19.391  2563  2642 V LynxUsb : 0x030e0d4c on 0x04a730d9: new delegate to [(embedded)]
11-30 16:26:19.392  2563  2642 V LynxUsb : addConfiguredModule() module#=173
11-30 16:26:19.396  2563  2642 V LynxModule: pingAndQueryKnownInterfaces mod=173
11-30 16:26:19.400  2563  2715 V LynxUsb : synchronization gained: serial=(embedded)
11-30 16:26:19.415  2563  2642 V LynxModule: mod#=173 queryInterface(DEKA)=54 commands starting at 4096
11-30 16:26:19.425  2563  2642 V LynxModule: sending LynxFtdiResetControlCommand(true) wasInterrupted=false
11-30 16:26:19.433  2563  2642 V LynxModule: sendLEDPatternSteps(): steps=[Step(color=65280, msDuration=1000)]
11-30 16:26:19.437  2563  2642 V LynxModule: setAsControlHubEmbeddedModule(mod=173)
11-30 16:26:19.438  2563  2642 V EmbeddedControlHubModule: setting embedded module
11-30 16:26:19.440  2563  2642 V LynxModule: sending LynxFtdiResetControlCommand(false) wasInterrupted=false
11-30 16:26:19.442  2563  2642 V LynxModule: close(#173)
11-30 16:26:19.443  2563  2642 V LynxUsb : Verified that the embedded Control Hub module has the correct address
11-30 16:26:19.444  2563  2642 V LynxUsb : addConfiguredModule() module#=173
11-30 16:26:19.446  2563  2642 V LynxModule: pingAndQueryKnownInterfaces mod=173
11-30 16:26:19.457  2563  2642 V LynxModule: mod#=173 queryInterface(DEKA)=54 commands starting at 4096
11-30 16:26:19.466  2563  2642 V LynxModule: sending LynxFtdiResetControlCommand(true) wasInterrupted=false
11-30 16:26:19.470  2563  2642 V LynxModule: sendLEDPatternSteps(): steps=[Step(color=65280, msDuration=1000)]
11-30 16:26:19.474  2563  2642 V LynxModule: setAsControlHubEmbeddedModule(mod=173)
11-30 16:26:19.475  2563  2642 V EmbeddedControlHubModule: setting embedded module
11-30 16:26:19.478  2563  2648 I RobotCore: LynxFirmwareVersionManager: LynxI2cDeviceSynchV2
11-30 16:26:19.479  2563  2648 V LynxI2cDeviceSynch: initializeHardware() mod#=173
11-30 16:26:19.479  2563  2648 V BHI260IMU: Suppressing I2C warnings while we check for a BHI260AP IMU
11-30 16:26:19.484  2563  2648 V BHI260IMU: No BHI260AP IMU found
11-30 16:26:19.485  2563  2648 V BNO055  : Suppressing I2C warnings while we check for a BNO055 IMU
11-30 16:26:19.489  2563  2648 V BNO055  : Found BNO055 IMU
11-30 16:26:19.489  2563  2648 V EmbeddedControlHubModule: setting embedded IMU type
11-30 16:26:19.491  2563  2642 V LynxModule: sending LynxFtdiResetControlCommand(false) wasInterrupted=false
11-30 16:26:19.493  2563  2642 V LynxModule: close(#173)
11-30 16:26:19.495  2563  2642 V HardwareFactory: createHardwareMap()
11-30 16:26:19.495  2563  2642 V EmbeddedControlHubModule: clearing embedded module
11-30 16:26:19.506  2563  2642 V ReadXMLFileHandler: embedded lynx USB device and module are already present
11-30 16:26:19.507  2563  2642 V RobotCore: Creating REV Robotics USB Expansion Hub Portal [(embedded)]
11-30 16:26:19.507  2563  2642 V LynxUsb : using existing [(embedded)]: 0x04a730d9
11-30 16:26:19.507  2563  2642 V LynxUsb : 0x0235b158 on 0x04a730d9: new delegate to [(embedded)]
11-30 16:26:19.508  2563  2642 V LynxUsb : addConfiguredModule() module#=173
11-30 16:26:19.509  2563  2642 V LynxModule: pingAndQueryKnownInterfaces mod=173
11-30 16:26:19.519  2563  2642 V LynxModule: mod#=173 queryInterface(DEKA)=54 commands starting at 4096
11-30 16:26:19.526  2563  2642 V LynxModule: sending LynxFtdiResetControlCommand(true) wasInterrupted=false
11-30 16:26:19.530  2563  2642 V LynxModule: sendLEDPatternSteps(): steps=[Step(color=65280, msDuration=1000)]
11-30 16:26:19.534  2563  2642 V LynxModule: setAsControlHubEmbeddedModule(mod=173)
11-30 16:26:19.534  2563  2642 V EmbeddedControlHubModule: setting embedded module
11-30 16:26:19.534  2563  2642 V LynxUsb : addConfiguredModule() module#=2
11-30 16:26:19.535  2563  2642 V LynxModule: pingAndQueryKnownInterfaces mod=2
11-30 16:26:19.543  2563  2723 V LynxModule: received status: LynxGetModuleStatusResponse(status=0x05 alerts=0x00: KeepAliveTimeout|FailSafe)
11-30 16:26:19.543  2563  2723 V LynxModule: resendCurrentPattern()
11-30 16:26:19.543  2563  2723 V LynxModule: sendLEDPatternSteps(): steps=[]
11-30 16:26:19.549  2563  2642 V LynxModule: mod#=2 queryInterface(DEKA)=54 commands starting at 4096
11-30 16:26:19.556  2563  2642 V LynxModule: sending LynxFtdiResetControlCommand(true) wasInterrupted=false
11-30 16:26:19.567  2563  2642 V LynxModule: sendLEDPatternSteps(): steps=[Step(color=65280, msDuration=4500), Step(color=0, msDuration=500), Step(color=255, msDuration=500), Step(color=0, msDuration=500), Step(color=255, msDuration=500), Step(color=0, msDuration=500)]
11-30 16:26:19.576  2563  2642 V LynxMotor: initializeHardware() mod#=173
11-30 16:26:19.625  2563  2642 V RobotCore: DcMotorImpl(type=goBILDA5202SeriesMotor)
11-30 16:26:19.625  2563  2642 V RobotCore: DcMotorImpl(type=goBILDA5202SeriesMotor)
11-30 16:26:19.626  2563  2642 V RobotCore: DcMotorImpl(type=goBILDA5202SeriesMotor)
11-30 16:26:19.626  2563  2642 V RobotCore: DcMotorImpl(type=goBILDA5202SeriesMotor)
11-30 16:26:19.627  2563  2642 V LynxServoController: initializeHardware() mod#=173
11-30 16:26:19.668  2563  2642 V LynxVoltageSensor: initializeHardware() mod#=173
11-30 16:26:19.669  2563  2642 V LynxAnalogInputController: initializeHardware() mod#=173
11-30 16:26:19.680  2563  2642 V LynxDigitalChannelController: initializeHardware() mod#=173
11-30 16:26:19.697  2563  2642 V RobotCore: Creating user sensor REV internal IMU (BNO055) - on Lynx module=173 bus=0
11-30 16:26:19.697  2563  2642 I RobotCore: LynxFirmwareVersionManager: LynxI2cDeviceSynchV2
11-30 16:26:19.698  2563  2642 V LynxI2cDeviceSynch: initializeHardware() mod#=173
11-30 16:26:19.700  2563  2642 V BNO055  : Suppressing I2C warnings while we check for a BNO055 IMU
11-30 16:26:19.705  2563  2642 V BNO055  : Found BNO055 IMU
11-30 16:26:19.705  2563  2642 V BNO055  : Suppressing I2C warnings while we check for a BNO055 IMU
11-30 16:26:19.710  2563  2642 V BNO055  : Found BNO055 IMU
11-30 16:26:19.728  2730  2730 I ps      : type=1400 audit(0.0:319): avc: denied { getattr } for path="/proc/1" dev="proc" ino=8239 scontext=u:r:untrusted_app:s0:c512,c768 tcontext=u:r:init:s0 tclass=dir permissive=1
11-30 16:26:19.728  2730  2730 I ps      : type=1400 audit(0.0:320): avc: denied { search } for name="1" dev="proc" ino=8239 scontext=u:r:untrusted_app:s0:c512,c768 tcontext=u:r:init:s0 tclass=dir permissive=1
11-30 16:26:19.728  2730  2730 I ps      : type=1400 audit(0.0:321): avc: denied { read } for name="cmdline" dev="proc" ino=8824 scontext=u:r:untrusted_app:s0:c512,c768 tcontext=u:r:init:s0 tclass=file permissive=1
11-30 16:26:19.728  2730  2730 I ps      : type=1400 audit(0.0:322): avc: denied { open } for path="/proc/1/cmdline" dev="proc" ino=8824 scontext=u:r:untrusted_app:s0:c512,c768 tcontext=u:r:init:s0 tclass=file permissive=1
11-30 16:26:19.728  2730  2730 I ps      : type=1400 audit(0.0:323): avc: denied { getattr } for path="/proc/2" dev="proc" ino=10325 scontext=u:r:untrusted_app:s0:c512,c768 tcontext=u:r:kernel:s0 tclass=dir permissive=1
11-30 16:26:19.728  2730  2730 I ps      : type=1400 audit(0.0:324): avc: denied { search } for name="2" dev="proc" ino=10325 scontext=u:r:untrusted_app:s0:c512,c768 tcontext=u:r:kernel:s0 tclass=dir permissive=1
11-30 16:26:19.728  2730  2730 I ps      : type=1400 audit(0.0:325): avc: denied { read } for name="cmdline" dev="proc" ino=10421 scontext=u:r:untrusted_app:s0:c512,c768 tcontext=u:r:kernel:s0 tclass=file permissive=1
11-30 16:26:19.728  2730  2730 I ps      : type=1400 audit(0.0:326): avc: denied { open } for path="/proc/2/cmdline" dev="proc" ino=10421 scontext=u:r:untrusted_app:s0:c512,c768 tcontext=u:r:kernel:s0 tclass=file permissive=1
11-30 16:26:19.871  2563  2642 I RobotCore: LynxFirmwareVersionManager: LynxI2cDeviceSynchV2
11-30 16:26:19.871  2563  2642 V LynxI2cDeviceSynch: initializeHardware() mod#=173
11-30 16:26:19.874  2563  2642 V LynxMotor: initializeHardware() mod#=2
11-30 16:26:19.933  2563  2642 V RobotCore: DcMotorImpl(type=goBILDA5202SeriesMotor)
11-30 16:26:19.934  2563  2642 V RobotCore: DcMotorImpl(type=goBILDA5202SeriesMotor)
11-30 16:26:19.934  2563  2642 V RobotCore: DcMotorImpl(type=goBILDA5202SeriesMotor)
11-30 16:26:19.935  2563  2642 V LynxServoController: initializeHardware() mod#=2
11-30 16:26:19.967  2563  2642 V LynxVoltageSensor: initializeHardware() mod#=2
11-30 16:26:19.967  2563  2642 V LynxAnalogInputController: initializeHardware() mod#=2
11-30 16:26:19.968  2563  2642 V LynxDigitalChannelController: initializeHardware() mod#=2
11-30 16:26:19.990  2563  2642 V RobotCore: Creating Webcam [25C90B40]
11-30 16:26:19.991  2563  2642 V CameraManager: construct(hash=0x02e62d91|inst#=0)
11-30 16:26:19.991  2563  2642 E System  : Unable to open zip file: /data/app/com.qualcomm.ftcrobotcontroller-1/base.apk
11-30 16:26:19.992  2563  2642 E System  : java.io.FileNotFoundException: File doesn't exist: /data/app/com.qualcomm.ftcrobotcontroller-1/base.apk
11-30 16:26:19.992  2563  2642 E System  : 	at java.util.zip.ZipFile.<init>(ZipFile.java:212)
11-30 16:26:19.992  2563  2642 E System  : 	at java.util.zip.ZipFile.<init>(ZipFile.java:148)
11-30 16:26:19.992  2563  2642 E System  : 	at java.util.jar.JarFile.<init>(JarFile.java:161)
11-30 16:26:19.992  2563  2642 E System  : 	at java.util.jar.JarFile.<init>(JarFile.java:98)
11-30 16:26:19.992  2563  2642 E System  : 	at libcore.io.ClassPathURLStreamHandler.<init>(ClassPathURLStreamHandler.java:47)
11-30 16:26:19.992  2563  2642 E System  : 	at dalvik.system.DexPathList$Element.maybeInit(DexPathList.java:532)
11-30 16:26:19.992  2563  2642 E System  : 	at dalvik.system.DexPathList$Element.findNativeLibrary(DexPathList.java:546)
11-30 16:26:19.992  2563  2642 E System  : 	at dalvik.system.DexPathList.findLibrary(DexPathList.java:480)
11-30 16:26:19.992  2563  2642 E System  : 	at dalvik.system.BaseDexClassLoader.findLibrary(BaseDexClassLoader.java:84)
11-30 16:26:19.992  2563  2642 E System  : 	at java.lang.Runtime.loadLibrary0(Runtime.java:978)
11-30 16:26:19.992  2563  2642 E System  : 	at java.lang.System.loadLibrary(System.java:1562)
11-30 16:26:19.992  2563  2642 E System  : 	at org.firstinspires.ftc.robotcore.internal.system.NativeObject.<clinit>(NativeObject.java:268)
11-30 16:26:19.992  2563  2642 E System  : 	at org.firstinspires.ftc.robotcore.internal.camera.CameraManagerImpl.getOrMakeUvcContext(CameraManagerImpl.java:246)
11-30 16:26:19.992  2563  2642 E System  : 	at org.firstinspires.ftc.robotcore.internal.camera.CameraManagerImpl.<init>(CameraManagerImpl.java:131)
11-30 16:26:19.992  2563  2642 E System  : 	at org.firstinspires.ftc.robotcore.internal.system.ClassFactoryImpl.getCameraManager(ClassFactoryImpl.java:94)
11-30 16:26:19.992  2563  2642 E System  : 	at com.qualcomm.hardware.HardwareDeviceManager.createWebcamName(HardwareDeviceManager.java:392)
11-30 16:26:19.992  2563  2642 E System  : 	at com.qualcomm.hardware.HardwareFactory.mapWebcam(HardwareFactory.java:341)
11-30 16:26:19.992  2563  2642 E System  : 	at com.qualcomm.hardware.HardwareFactory.mapControllerConfiguration(HardwareFactory.java:161)
11-30 16:26:19.992  2563  2642 E System  : 	at com.qualcomm.hardware.HardwareFactory.createHardwareMap(HardwareFactory.java:144)
11-30 16:26:19.992  2563  2642 E System  : 	at com.qualcomm.ftccommon.FtcEventLoopHandler.getHardwareMap(FtcEventLoopHandler.java:165)
11-30 16:26:19.992  2563  2642 E System  : 	at com.qualcomm.ftccommon.FtcEventLoop.init(FtcEventLoop.java:245)
11-30 16:26:19.992  2563  2642 E System  : 	at com.qualcomm.robotcore.eventloop.EventLoopManager.startEventLoop(EventLoopManager.java:584)
11-30 16:26:19.992  2563  2642 E System  : 	at com.qualcomm.robotcore.eventloop.EventLoopManager.setEventLoop(EventLoopManager.java:558)
11-30 16:26:19.992  2563  2642 E System  : 	at com.qualcomm.robotcore.eventloop.EventLoopManager.start(EventLoopManager.java:500)
11-30 16:26:19.992  2563  2642 E System  : 	at com.qualcomm.robotcore.robot.Robot.start(Robot.java:59)
11-30 16:26:19.992  2563  2642 E System  : 	at com.qualcomm.ftccommon.FtcRobotControllerService$RobotSetupRunnable.startRobot(FtcRobotControllerService.java:281)
11-30 16:26:19.992  2563  2642 E System  : 	at com.qualcomm.ftccommon.FtcRobotControllerService$RobotSetupRunnable$1.run(FtcRobotControllerService.java:300)
11-30 16:26:19.992  2563  2642 E System  : 	at com.qualcomm.robotcore.util.ThreadPool.logThreadLifeCycle(ThreadPool.java:737)
11-30 16:26:19.992  2563  2642 E System  : 	at com.qualcomm.ftccommon.FtcRobotControllerService$RobotSetupRunnable.run(FtcRobotControllerService.java:291)
11-30 16:26:19.992  2563  2642 E System  : 	at java.util.concurrent.Executors$RunnableAdapter.call(Executors.java:428)
11-30 16:26:19.992  2563  2642 E System  : 	at java.util.concurrent.FutureTask.run(FutureTask.java:237)
11-30 16:26:19.992  2563  2642 E System  : 	at java.util.concurrent.ThreadPoolExecutor.runWorker(ThreadPoolExecutor.java:1133)
11-30 16:26:19.992  2563  2642 E System  : 	at java.util.concurrent.ThreadPoolExecutor$Worker.run(ThreadPoolExecutor.java:607)
11-30 16:26:19.992  2563  2642 E System  : 	at com.qualcomm.robotcore.util.ThreadPool$ThreadFactoryImpl$1.run(ThreadPool.java:793)
11-30 16:26:19.992  2563  2642 E System  : 	at java.lang.Thread.run(Thread.java:761)
11-30 16:26:20.008  2563  2642 V LynxUsb : 0x030e0d4c on 0x04a730d9: releasing delegate to [(embedded)]
11-30 16:26:20.011  2563  2642 V RobotCore: thread: ...terminating 'RobotSetupRunnable.run()'
11-30 16:26:20.011  2563  2642 E ThreadPool: exception thrown in thread pool; ignored
11-30 16:26:20.025  2563  2642 E ThreadPool: java.lang.UnsatisfiedLinkError: dalvik.system.PathClassLoader[DexPathList[[zip file "/data/app/com.qualcomm.ftcrobotcontroller-1/base.apk"],nativeLibraryDirectories=[/data/app/com.qualcomm.ftcrobotcontroller-1/lib/arm64, /data/app/com.qualcomm.ftcrobotcontroller-1/base.apk!/lib/arm64-v8a, /system/lib64, /vendor/lib64]]] couldn't find "libRobotCore.so"
11-30 16:26:20.027  2563  2642 E ThreadPool: 	at java.lang.Runtime.loadLibrary0(Runtime.java:984)
11-30 16:26:20.028  2563  2642 E ThreadPool: 	at java.lang.System.loadLibrary(System.java:1562)
11-30 16:26:20.030  2563  2642 E ThreadPool: 	at org.firstinspires.ftc.robotcore.internal.system.NativeObject.<clinit>(NativeObject.java:268)
11-30 16:26:20.033  2563  2642 E ThreadPool: 	at org.firstinspires.ftc.robotcore.internal.camera.CameraManagerImpl.getOrMakeUvcContext(CameraManagerImpl.java:246)
11-30 16:26:20.036  2563  2642 E ThreadPool: 	at org.firstinspires.ftc.robotcore.internal.camera.CameraManagerImpl.<init>(CameraManagerImpl.java:131)
11-30 16:26:20.038  2563  2642 E ThreadPool: 	at org.firstinspires.ftc.robotcore.internal.system.ClassFactoryImpl.getCameraManager(ClassFactoryImpl.java:94)
11-30 16:26:20.040  2563  2642 E ThreadPool: 	at com.qualcomm.hardware.HardwareDeviceManager.createWebcamName(HardwareDeviceManager.java:392)
11-30 16:26:20.041  2563  2642 E ThreadPool: 	at com.qualcomm.hardware.HardwareFactory.mapWebcam(HardwareFactory.java:341)
11-30 16:26:20.042  2563  2642 E ThreadPool: 	at com.qualcomm.hardware.HardwareFactory.mapControllerConfiguration(HardwareFactory.java:161)
11-30 16:26:20.043  2563  2642 E ThreadPool: 	at com.qualcomm.hardware.HardwareFactory.createHardwareMap(HardwareFactory.java:144)
11-30 16:26:20.044  2563  2642 E ThreadPool: 	at com.qualcomm.ftccommon.FtcEventLoopHandler.getHardwareMap(FtcEventLoopHandler.java:165)
11-30 16:26:20.044  2563  2642 E ThreadPool: 	at com.qualcomm.ftccommon.FtcEventLoop.init(FtcEventLoop.java:245)
11-30 16:26:20.045  2563  2642 E ThreadPool: 	at com.qualcomm.robotcore.eventloop.EventLoopManager.startEventLoop(EventLoopManager.java:584)
11-30 16:26:20.045  2563  2642 E ThreadPool: 	at com.qualcomm.robotcore.eventloop.EventLoopManager.setEventLoop(EventLoopManager.java:558)
11-30 16:26:20.046  2563  2642 E ThreadPool: 	at com.qualcomm.robotcore.eventloop.EventLoopManager.start(EventLoopManager.java:500)
11-30 16:26:20.046  2563  2642 E ThreadPool: 	at com.qualcomm.robotcore.robot.Robot.start(Robot.java:59)
11-30 16:26:20.047  2563  2642 E ThreadPool: 	at com.qualcomm.ftccommon.FtcRobotControllerService$RobotSetupRunnable.startRobot(FtcRobotControllerService.java:281)
11-30 16:26:20.047  2563  2642 E ThreadPool: 	at com.qualcomm.ftccommon.FtcRobotControllerService$RobotSetupRunnable$1.run(FtcRobotControllerService.java:300)
11-30 16:26:20.048  2563  2642 E ThreadPool: 	at com.qualcomm.robotcore.util.ThreadPool.logThreadLifeCycle(ThreadPool.java:737)
11-30 16:26:20.048  2563  2642 E ThreadPool: 	at com.qualcomm.ftccommon.FtcRobotControllerService$RobotSetupRunnable.run(FtcRobotControllerService.java:291)
11-30 16:26:20.049  2563  2642 E ThreadPool: 	at java.util.concurrent.Executors$RunnableAdapter.call(Executors.java:428)
11-30 16:26:20.049  2563  2642 E ThreadPool: 	at java.util.concurrent.FutureTask.run(FutureTask.java:237)
11-30 16:26:20.050  2563  2642 E ThreadPool: 	at java.util.concurrent.ThreadPoolExecutor.runWorker(ThreadPoolExecutor.java:1133)
11-30 16:26:20.051  2563  2642 E ThreadPool: 	at java.util.concurrent.ThreadPoolExecutor$Worker.run(ThreadPoolExecutor.java:607)
11-30 16:26:20.051  2563  2642 E ThreadPool: 	at com.qualcomm.robotcore.util.ThreadPool$ThreadFactoryImpl$1.run(ThreadPool.java:793)
11-30 16:26:20.052  2563  2642 E ThreadPool: 	at java.lang.Thread.run(Thread.java:761)
--------- beginning of main
11-30 16:26:21.598  2759  2759 D Uvc     : [jni.cpp:72] JNI_OnLoad()...
11-30 16:26:21.598  2759  2759 D Uvc     : [JniEnv.h:32] ScopedJniEnv::onJniLoad()...
11-30 16:26:21.598  2759  2759 D Uvc     : [JniEnv.h:32] ...ScopedJniEnv::onJniLoad()
11-30 16:26:21.598  2759  2759 D Uvc     : [jni.cpp:72] ...JNI_OnLoad()
11-30 16:26:21.603  2759  2759 V AppUtil : initializing: getExternalStorageDirectory()=/storage/emulated/0
11-30 16:26:21.608  2759  2759 I AppUtil : found usbFileSystemRoot: /dev/bus/usb
11-30 16:26:21.612  2759  2759 I robotcontroller: type=1400 audit(0.0:330): avc: denied { read } for name="direction" dev="sysfs" ino=16522 scontext=u:r:untrusted_app:s0:c512,c768 tcontext=u:object_r:sysfs:s0 tclass=file permissive=1
11-30 16:26:21.612  2759  2759 I robotcontroller: type=1400 audit(0.0:331): avc: denied { open } for path="/sys/devices/pinctrl.26/gpio/gpio50/direction" dev="sysfs" ino=16522 scontext=u:r:untrusted_app:s0:c512,c768 tcontext=u:object_r:sysfs:s0 tclass=file permissive=1
11-30 16:26:21.612  2759  2759 I robotcontroller: type=1400 audit(0.0:332): avc: denied { getattr } for path="/sys/devices/pinctrl.26/gpio/gpio50/direction" dev="sysfs" ino=16522 scontext=u:r:untrusted_app:s0:c512,c768 tcontext=u:object_r:sysfs:s0 tclass=file permissive=1
11-30 16:26:21.612  2759  2759 I robotcontroller: type=1400 audit(0.0:333): avc: denied { write } for name="value" dev="sysfs" ino=13327 scontext=u:r:untrusted_app:s0:c512,c768 tcontext=u:object_r:sysfs:s0 tclass=file permissive=1
11-30 16:26:21.619  2759  2759 I AppAliveNotifier: Telling the OS to set the RC alive notification timeout to 20 seconds
11-30 16:26:21.625  2759  2775 V RobotCore: saving logcat to /storage/emulated/0/robotControllerLog.txt
11-30 16:26:21.626  2759  2775 V RobotCore: logging command line: exec logcat -f /storage/emulated/0/robotControllerLog.txt -r4096 -n4 -v threadtime UsbRequestJNI:S UsbRequest:S art:W ThreadPool:W System:W ExtendedExtractor:W OMXClient:W MediaPlayer:W dalvikvm:W  *:V
