11-30 15:31:26.107  2759  3205 D UvcApiExposureControl: isModeSupported(ShutterPriority)...
11-30 15:31:26.109  2759  3205 D UvcApiExposureControl: ...isModeSupported(ShutterPriority): false
11-30 15:31:26.110  2759  3205 D UvcApiExposureControl: isModeSupported(AperturePriority)...
11-30 15:31:26.112  2759  3205 D UvcApiExposureControl: ...isModeSupported(AperturePriority): true
11-30 15:31:26.112  2759  3205 D UvcApiExposureControl: isExposureSupported()...
11-30 15:31:26.112  2759  3205 D UvcApiExposureControl: ...isExposureSupported(): true
11-30 15:31:26.112  2759  3205 D UvcApiExposureControl: getMinExposure(NANOSECONDS)...
11-30 15:31:26.113  2759  3205 D Uvc     : [jni_devicehandle.cpp:654] Java_org_firstinspires_ftc_robotcore_internal_camera_libuvc_nativeobject_UvcDeviceHandle_nativeGetMinExposure()...
11-30 15:31:26.115  2759  3205 D Uvc     : [jni_devicehandle.cpp:654] ...Java_org_firstinspires_ftc_robotcore_internal_camera_libuvc_nativeobject_UvcDeviceHandle_nativeGetMinExposure()
11-30 15:31:26.115  2759  3205 D UvcApiExposureControl: ...getMinExposure(NANOSECONDS): 100000
11-30 15:31:26.115  2759  3205 D UvcApiExposureControl: getMaxExposure(NANOSECONDS)...
11-30 15:31:26.118  2759  3205 D UvcApiExposureControl: ...getMaxExposure(NANOSECONDS): 1000000000
11-30 15:31:26.118  2759  3205 D UvcApiExposureControl: getMode()...
11-30 15:31:26.118  2759  3205 D Uvc     : [jni_devicehandle.cpp:502] Java_org_firstinspires_ftc_robotcore_internal_camera_libuvc_nativeobject_UvcDeviceHandle_nativeGetExposureModeId()...
11-30 15:31:26.120  2759  3205 D Uvc     : [jni_devicehandle.cpp:502] ...Java_org_firstinspires_ftc_robotcore_internal_camera_libuvc_nativeobject_UvcDeviceHandle_nativeGetExposureModeId()
11-30 15:31:26.121  2759  3205 D UvcApiExposureControl: ...getMode(): AperturePriority
11-30 15:31:26.123  2759  3205 D CachingExposureControl: ...onCameraChanged(null->CameraImpl(UvcDeviceHandle(pointer=0x71c1f95bc0|UvcDevice(/dev/bus/usb/003/004))))
11-30 15:31:26.124  2759  3205 D UvcApiPtzControl: getMinZoom()...
11-30 15:31:26.125  2759  3205 E UvcDeviceHandle: [jni_devicehandle.cpp:218] Failed to get min zoom : error -9
11-30 15:31:26.125  2759  3205 D UvcApiPtzControl: ...getMinZoom(): 0
11-30 15:31:26.126  2759  3205 D UvcApiPtzControl: getMaxZoom()...
11-30 15:31:26.127  2759  3205 E UvcDeviceHandle: [jni_devicehandle.cpp:241] Failed to get max zoom : error -9
11-30 15:31:26.127  2759  3205 D UvcApiPtzControl: ...getMaxZoom(): 0
11-30 15:31:26.127  2759  3205 D UvcApiPtzControl: getMinPanTilt()...
11-30 15:31:26.129  2759  3205 E UvcDeviceHandle: [jni_devicehandle.cpp:364] Failed to get min pan/tilt : error -9
11-30 15:31:26.129  2759  3205 D UvcApiPtzControl: ...getMinPanTilt(): org.firstinspires.ftc.robotcore.external.hardware.camera.controls.PtzControl$PanTiltHolder@67e859e
11-30 15:31:26.129  2759  3205 D UvcApiPtzControl: getMaxPanTilt()...
11-30 15:31:26.130  2759  3205 E UvcDeviceHandle: [jni_devicehandle.cpp:332] Failed to get max pan/tilt : error -9
11-30 15:31:26.131  2759  3205 D UvcApiPtzControl: ...getMaxPanTilt(): org.firstinspires.ftc.robotcore.external.hardware.camera.controls.PtzControl$PanTiltHolder@6c9387f
11-30 15:31:26.131  2759  3205 D UvcApiPtzControl: getZoom()...
11-30 15:31:26.132  2759  3205 E UvcDeviceHandle: [jni_devicehandle.cpp:195] Failed to get zoom : error -9
11-30 15:31:26.133  2759  3205 D UvcApiPtzControl: ...getZoom(): 0
11-30 15:31:26.133  2759  3205 D UvcApiPtzControl: getPanTilt()...
11-30 15:31:26.134  2759  3205 E UvcDeviceHandle: [jni_devicehandle.cpp:300] Failed to get pan/tilt : error -9
11-30 15:31:26.134  2759  3205 D UvcApiPtzControl: ...getPanTilt(): org.firstinspires.ftc.robotcore.external.hardware.camera.controls.PtzControl$PanTiltHolder@41df04c
11-30 15:31:26.135  2759  3205 D UvcApiGainControl: getMinGain()...
11-30 15:31:26.135  2759  3205 D Uvc     : [jni_devicehandle.cpp:903] Java_org_firstinspires_ftc_robotcore_internal_camera_libuvc_nativeobject_UvcDeviceHandle_nativeGetMinGain()...
11-30 15:31:26.137  2759  3205 D Uvc     : [jni_devicehandle.cpp:903] ...Java_org_firstinspires_ftc_robotcore_internal_camera_libuvc_nativeobject_UvcDeviceHandle_nativeGetMinGain()
11-30 15:31:26.137  2759  3205 D UvcApiGainControl: ...getMinGain(): 0
11-30 15:31:26.137  2759  3205 D UvcApiGainControl: getMaxGain()...
11-30 15:31:26.137  2759  3205 D Uvc     : [jni_devicehandle.cpp:926] Java_org_firstinspires_ftc_robotcore_internal_camera_libuvc_nativeobject_UvcDeviceHandle_nativeGetMaxGain()...
11-30 15:31:26.140  2759  3205 D Uvc     : [jni_devicehandle.cpp:926] ...Java_org_firstinspires_ftc_robotcore_internal_camera_libuvc_nativeobject_UvcDeviceHandle_nativeGetMaxGain()
11-30 15:31:26.140  2759  3205 D UvcApiGainControl: ...getMaxGain(): 255
11-30 15:31:26.140  2759  3205 D UvcApiGainControl: getGain()...
11-30 15:31:26.140  2759  3205 D Uvc     : [jni_devicehandle.cpp:949] Java_org_firstinspires_ftc_robotcore_internal_camera_libuvc_nativeobject_UvcDeviceHandle_nativeGetGain()...
11-30 15:31:26.142  2759  3205 D Uvc     : [jni_devicehandle.cpp:949] ...Java_org_firstinspires_ftc_robotcore_internal_camera_libuvc_nativeobject_UvcDeviceHandle_nativeGetGain()
11-30 15:31:26.143  2759  3205 D UvcApiGainControl: ...getGain(): 250
11-30 15:31:26.143  2759  3205 D UvcApiWhiteBalanceControl: getMinWhiteBalanceTemperature()...
11-30 15:31:26.143  2759  3205 D Uvc     : [jni_devicehandle.cpp:735] Java_org_firstinspires_ftc_robotcore_internal_camera_libuvc_nativeobject_UvcDeviceHandle_nativeGetMinWhiteBalanceTemperature()...
11-30 15:31:26.145  2759  3205 D Uvc     : [jni_devicehandle.cpp:735] ...Java_org_firstinspires_ftc_robotcore_internal_camera_libuvc_nativeobject_UvcDeviceHandle_nativeGetMinWhiteBalanceTemperature()
11-30 15:31:26.145  2759  3205 D UvcApiWhiteBalanceControl: ...getMinWhiteBalanceTemperature(): 0
11-30 15:31:26.146  2759  3205 D UvcApiWhiteBalanceControl: getMaxWhiteBalanceTemperature()...
11-30 15:31:26.146  2759  3205 D Uvc     : [jni_devicehandle.cpp:757] Java_org_firstinspires_ftc_robotcore_internal_camera_libuvc_nativeobject_UvcDeviceHandle_nativeGetMaxWhiteBalanceTemperature()...
11-30 15:31:26.148  2759  3205 D Uvc     : [jni_devicehandle.cpp:757] ...Java_org_firstinspires_ftc_robotcore_internal_camera_libuvc_nativeobject_UvcDeviceHandle_nativeGetMaxWhiteBalanceTemperature()
11-30 15:31:26.148  2759  3205 D UvcApiWhiteBalanceControl: ...getMaxWhiteBalanceTemperature(): 10000
11-30 15:31:26.148  2759  3205 D UvcApiWhiteBalanceControl: getWhiteBalanceTemperature()...
11-30 15:31:26.149  2759  3205 D Uvc     : [jni_devicehandle.cpp:802] Java_org_firstinspires_ftc_robotcore_internal_camera_libuvc_nativeobject_UvcDeviceHandle_nativeGetWhiteBalanceTemperature()...
11-30 15:31:26.151  2759  3205 D Uvc     : [jni_devicehandle.cpp:802] ...Java_org_firstinspires_ftc_robotcore_internal_camera_libuvc_nativeobject_UvcDeviceHandle_nativeGetWhiteBalanceTemperature()
11-30 15:31:26.151  2759  3205 D UvcApiWhiteBalanceControl: ...getWhiteBalanceTemperature(): 1530
11-30 15:31:26.151  2759  3205 D UsbResiliantWebcam: ...changeDelegatedCamera(null->CameraImpl(UvcDeviceHandle(pointer=0x71c1f95bc0|UvcDevice(/dev/bus/usb/003/004))))
11-30 15:31:26.151  2759  3205 D UsbResiliantWebcam: openSelfAndReport()...
11-30 15:31:26.152  2759  3205 V CameraImpl: construct(0x06bea895)
11-30 15:31:26.152  2759  3205 D UsbResiliantWebcam: ...openSelfAndReport()
11-30 15:31:26.152  2759  3205 D UsbResiliantWebcam.InterveningStateCallback: ...onOpened() camera=CameraImpl(UvcDeviceHandle(pointer=0x71c1f95bc0|UvcDevice(/dev/bus/usb/003/004)))
11-30 15:31:26.152  2759  3205 D UvcDevice: ...open()
11-30 15:31:26.153  2759  3205 D UsbResiliantWebcam: ...openAssumingPermission()
11-30 15:31:26.153  2759  3205 D CameraManager: ...asyncOpenWebcam(Webcam(25C90B40))
11-30 15:31:26.153  2759  3205 D CameraManager: ...asyncOpenCamera(Webcam(25C90B40))
11-30 15:31:26.154  2759  3203 D CameraManager: camera reports opened: CameraImpl(UsbResiliantWebcam(Webcam(25C90B40)))
11-30 15:31:26.155  2759  3203 D ContinuationSynchronizer: finish("camera reports opened: Webcam(25C90B40)": CameraImpl(UsbResiliantWebcam(Webcam(25C90B40))))...
11-30 15:31:26.155  2759  3203 D ContinuationSynchronizer: ...finish("camera reports opened: Webcam(25C90B40)": CameraImpl(UsbResiliantWebcam(Webcam(25C90B40))))
11-30 15:31:26.156  2759  3241 D ContinuationSynchronizer: ...awaiting(camera open)
11-30 15:31:26.156  2759  3241 D CameraManager: ...doOpenCamera()
11-30 15:31:26.161  2759  3241 D UvcContext: found webcam: usbPath=/dev/bus/usb/003/004 vid=0x46D pid=0x825 serial=25C90B40 product=null
11-30 15:31:26.161  2759  3241 D Uvc     : [jni_context.cpp:120] Java_org_firstinspires_ftc_robotcore_internal_camera_libuvc_nativeobject_UvcContext_nativeCreateUvcDevice()...
11-30 15:31:26.161  2759  3241 V Uvc     : API: Java_org_firstinspires_ftc_robotcore_internal_camera_libuvc_nativeobject_UvcContext_nativeCreateUvcDevice: enter...
11-30 15:31:26.163  2759  3241 D libusb  : [292.350873] [00000ca9] libusb: debug [op_create] op_create: szUsbPath=/dev/bus/usb/003/004 szSysfsDir=3-1.4
11-30 15:31:26.163  2759  3241 D Uvc     : [device.cpp:613] uvc_create_uvc_device()...
11-30 15:31:26.163  2759  3241 D Uvc     : [libuvc/libuvc_internal.h:347] uvc_device::uvc_device()...
11-30 15:31:26.163  2759  3241 D Uvc     : [libuvc/libuvc_internal.h:376] acquired vid=1133 & pid=2085
11-30 15:31:26.163  2759  3241 D Uvc     : [libuvc/libuvc_internal.h:347] ...uvc_device::uvc_device()
11-30 15:31:26.163  2759  3241 D Uvc     : [device.cpp:613] ...uvc_create_uvc_device() rc=0
11-30 15:31:26.163  2759  3241 V Uvc     : API: Java_org_firstinspires_ftc_robotcore_internal_camera_libuvc_nativeobject_UvcContext_nativeCreateUvcDevice: ...exit
11-30 15:31:26.163  2759  3241 D Uvc     : [jni_context.cpp:120] ...Java_org_firstinspires_ftc_robotcore_internal_camera_libuvc_nativeobject_UvcContext_nativeCreateUvcDevice()
11-30 15:31:26.164  2759  3241 V UvcDevice: construct(pointer=0x71b1959a00|null)
11-30 15:31:26.164  2759  3241 D Uvc     : [jni_device.cpp:108] Java_org_firstinspires_ftc_robotcore_internal_camera_libuvc_nativeobject_UvcDevice_nativeGetLibUsbDevice()...
11-30 15:31:26.164  2759  3241 D Uvc     : [jni_device.cpp:108] ...Java_org_firstinspires_ftc_robotcore_internal_camera_libuvc_nativeobject_UvcDevice_nativeGetLibUsbDevice()
11-30 15:31:26.165  2759  3241 V LibUsbDevice: construct(pointer=0x71c1fe1800)
11-30 15:31:26.165  2759  3241 D UvcContext: usb device is *not* UVC compatible, /dev/bus/usb/003/003
11-30 15:31:26.166  2759  3241 V UvcApiCameraCharacteristicsBuilder: construct(0x0ec95daa)
11-30 15:31:26.166  2759  3241 D Uvc     : [jni_device.cpp:289] Java_org_firstinspires_ftc_robotcore_internal_camera_libuvc_nativeobject_UvcDevice_nativeGetDeviceInfo()...
11-30 15:31:26.166  2759  3241 V Uvc     : API: Java_org_firstinspires_ftc_robotcore_internal_camera_libuvc_nativeobject_UvcDevice_nativeGetDeviceInfo: enter...
11-30 15:31:26.166  2759  3241 D Uvc     : [device.cpp:386] uvc_get_device_info()...
11-30 15:31:26.166  2759  3241 D libusb  : [292.353858] [00000ca9] libusb: debug [op_get_config_descriptor] op_get_config_descriptor: config_index=0
11-30 15:31:26.166  2759  3241 D libusb  : [292.353932] [00000ca9] libusb: debug [op_get_config_descriptor] op_get_config_descriptor: config_index=0
11-30 15:31:26.166  2759  3241 D Uvc     : [device.cpp:986] uvc_scan_control()...
11-30 15:31:26.166  2759  3241 D Uvc     : [device.cpp:1041] uvc_parse_vc_header()...
11-30 15:31:26.166  2759  3241 D Uvc     : [device.cpp:1284] uvc_scan_streaming()...
11-30 15:31:26.166  2759  3241 D Uvc     : [device.cpp:1340] uvc_parse_vs_input_header()...
11-30 15:31:26.166  2759  3241 D Uvc     : [device.cpp:1340] ...uvc_parse_vs_input_header() rc=0
11-30 15:31:26.166  2759  3241 D Uvc     : [device.cpp:1389] uvc_parse_vs_format_uncompressed()...
11-30 15:31:26.166  2759  3241 D Uvc     : [device.cpp:1389] ...uvc_parse_vs_format_uncompressed() rc=0
11-30 15:31:26.167  2759  3241 V Uvc     : [device.cpp:1630] unsupported descriptor subtype: 13 UVC_VS_COLORFORMAT
11-30 15:31:26.167  2759  3241 D Uvc     : [device.cpp:1449] uvc_parse_vs_format_mjpeg()...
11-30 15:31:26.167  2759  3241 D Uvc     : [device.cpp:1449] ...uvc_parse_vs_format_mjpeg() rc=0
11-30 15:31:26.167  2759  3241 V Uvc     : [device.cpp:1630] unsupported descriptor subtype: 13 UVC_VS_COLORFORMAT
11-30 15:31:26.167  2759  3241 D Uvc     : [device.cpp:1284] ...uvc_scan_streaming() rc=0
11-30 15:31:26.167  2759  3241 D Uvc     : [device.cpp:1041] ...uvc_parse_vc_header() rc=0
11-30 15:31:26.167  2759  3241 D Uvc     : [device.cpp:1083] uvc_parse_vc_input_terminal()...
11-30 15:31:26.167  2759  3241 D Uvc     : [device.cpp:1083] ...uvc_parse_vc_input_terminal() rc=0
11-30 15:31:26.167  2759  3241 D Uvc     : [device.cpp:1156] uvc_parse_vc_processing_unit()...
11-30 15:31:26.168  2759  3241 D Uvc     : [device.cpp:1156] ...uvc_parse_vc_processing_unit() rc=0
11-30 15:31:26.168  2759  3241 D Uvc     : [device.cpp:986] ...uvc_scan_control() rc=0
11-30 15:31:26.168  2759  3241 D Uvc     : [device.cpp:386] ...uvc_get_device_info() rc=0
11-30 15:31:26.168  2759  3241 V Uvc     : API: Java_org_firstinspires_ftc_robotcore_internal_camera_libuvc_nativeobject_UvcDevice_nativeGetDeviceInfo: ...exit
11-30 15:31:26.168  2759  3241 D Uvc     : [jni_device.cpp:289] ...Java_org_firstinspires_ftc_robotcore_internal_camera_libuvc_nativeobject_UvcDevice_nativeGetDeviceInfo()
11-30 15:31:26.168  2759  3241 V UvcDeviceInfo: construct(pointer=0x71bbd91480)
11-30 15:31:26.169  2759  3241 V UvcStreamingInterface: construct(pointer=0x71b1959a80)
11-30 15:31:26.235  2759  3241 V UvcStreamingInterface: destroy(pointer=0x71b1959a80)
11-30 15:31:26.235  2759  3241 V UvcDeviceInfo: destroy(pointer=0x71bbd91480)
11-30 15:31:26.235  2759  3241 D Uvc     : [jni_deviceinfo.cpp:63] Java_org_firstinspires_ftc_robotcore_internal_camera_libuvc_nativeobject_UvcDeviceInfo_nativeFreeDeviceInfo()...
11-30 15:31:26.235  2759  3241 V Uvc     : API: Java_org_firstinspires_ftc_robotcore_internal_camera_libuvc_nativeobject_UvcDeviceInfo_nativeFreeDeviceInfo: enter...
11-30 15:31:26.235  2759  3241 D Uvc     : [device.cpp:433] uvc_free_device_info()...
11-30 15:31:26.236  2759  3241 D Uvc     : [device.cpp:433] ...uvc_free_device_info()
11-30 15:31:26.236  2759  3241 V Uvc     : API: Java_org_firstinspires_ftc_robotcore_internal_camera_libuvc_nativeobject_UvcDeviceInfo_nativeFreeDeviceInfo: ...exit
11-30 15:31:26.236  2759  3241 D Uvc     : [jni_deviceinfo.cpp:63] ...Java_org_firstinspires_ftc_robotcore_internal_camera_libuvc_nativeobject_UvcDeviceInfo_nativeFreeDeviceInfo()
11-30 15:31:26.236  2759  3241 V UvcApiCameraCharacteristicsBuilder: destroy(hash=0x0ec95daa)
11-30 15:31:26.236  2759  3241 V UvcDevice: destroy(pointer=0x71b1959a00|/dev/bus/usb/003/004)
11-30 15:31:26.236  2759  3241 D Uvc     : [jni_device.cpp:126] Java_org_firstinspires_ftc_robotcore_internal_camera_libuvc_nativeobject_UvcDevice_nativeReleaseRefDevice()...
11-30 15:31:26.236  2759  3241 V Uvc     : API: Java_org_firstinspires_ftc_robotcore_internal_camera_libuvc_nativeobject_UvcDevice_nativeReleaseRefDevice: enter...
11-30 15:31:26.236  2759  3241 D Uvc     : [device.cpp:882] uvc_unref_device()...
11-30 15:31:26.236  2759  3241 D Uvc     : [device.cpp:882] ...uvc_unref_device()
11-30 15:31:26.236  2759  3241 V Uvc     : API: Java_org_firstinspires_ftc_robotcore_internal_camera_libuvc_nativeobject_UvcDevice_nativeReleaseRefDevice: ...exit
11-30 15:31:26.236  2759  3241 D Uvc     : [jni_device.cpp:126] ...Java_org_firstinspires_ftc_robotcore_internal_camera_libuvc_nativeobject_UvcDevice_nativeReleaseRefDevice()
11-30 15:31:26.236  2759  3241 V LibUsbDevice: destroy(pointer=0x71c1fe1800)
11-30 15:31:26.236  2759  3241 D Uvc     : [jni_libusb_device.cpp:64] Java_org_firstinspires_ftc_robotcore_internal_camera_libuvc_nativeobject_LibUsbDevice_nativeReleaseRefDevice()...
11-30 15:31:26.236  2759  3241 D Uvc     : [jni_libusb_device.cpp:64] ...Java_org_firstinspires_ftc_robotcore_internal_camera_libuvc_nativeobject_LibUsbDevice_nativeReleaseRefDevice()
11-30 15:31:26.239  2759  3241 D UsbResiliantWebcam: createCaptureSession()...
11-30 15:31:26.239  2759  3241 V DelCaptureSession: construct(0x01c2dd9b)
11-30 15:31:26.240  2759  3241 D UsbResiliantWebcam|DelCaptureSession: onCameraChange(null->CameraImpl(UvcDeviceHandle(pointer=0x71c1f95bc0|UvcDevice(/dev/bus/usb/003/004))))...
11-30 15:31:26.240  2759  3241 D UsbResiliantWebcam|DelCaptureSession: ...onCameraChange(null->CameraImpl(UvcDeviceHandle(pointer=0x71c1f95bc0|UvcDevice(/dev/bus/usb/003/004))))
11-30 15:31:26.241  2759  3241 D CachingExposureControl: onCameraChanged(CameraImpl(UvcDeviceHandle(pointer=0x71c1f95bc0|UvcDevice(/dev/bus/usb/003/004)))->CameraImpl(UvcDeviceHandle(pointer=0x71c1f95bc0|UvcDevice(/dev/bus/usb/003/004))))...
11-30 15:31:26.241  2759  3241 D CachingExposureControl: ...onCameraChanged(CameraImpl(UvcDeviceHandle(pointer=0x71c1f95bc0|UvcDevice(/dev/bus/usb/003/004)))->CameraImpl(UvcDeviceHandle(pointer=0x71c1f95bc0|UvcDevice(/dev/bus/usb/003/004))))
11-30 15:31:26.241  2759  3241 D UsbResiliantWebcam: ...createCaptureSession()
11-30 15:31:26.242  2759  3206 D UsbResiliantWebcam|DelCaptureSession: startCapture()...
11-30 15:31:26.242  2759  3206 V DelCaptureSequence: construct(0x005fc538)
11-30 15:31:26.243  2759  3206 D UsbResiliantWebcam|DelCaptureSequence: onCameraChange(null->CameraImpl(UvcDeviceHandle(pointer=0x71c1f95bc0|UvcDevice(/dev/bus/usb/003/004))))...
11-30 15:31:26.243  2759  3206 D UsbResiliantWebcam|DelCaptureSequence: pauseStreaming(Stopped)...
11-30 15:31:26.243  2759  3206 D UsbResiliantWebcam|DelCaptureSequence: ...pauseStreaming(Stopped)
11-30 15:31:26.243  2759  3206 D UsbResiliantWebcam|DelCaptureSequence: resumeStreaming(Stopped)...
11-30 15:31:26.244  2759  3206 D UsbResiliantWebcam|DelCaptureSequence: ...resumeStreaming(Stopped)
11-30 15:31:26.244  2759  3206 D UsbResiliantWebcam|DelCaptureSequence: ...onCameraChange(null->CameraImpl(UvcDeviceHandle(pointer=0x71c1f95bc0|UvcDevice(/dev/bus/usb/003/004))))
11-30 15:31:26.244  2759  3206 D UsbResiliantWebcam|DelCaptureSequence: startStreaming(Stopped)...
11-30 15:31:26.244  2759  3206 D UsbResiliantWebcam|DelCaptureSequence: doStreaming()...
11-30 15:31:26.245  2759  3206 V UvcApiCaptureSession: construct(0x082e3911)
11-30 15:31:26.245  2759  3203 D UsbResiliantWebcam|DelCaptureSession: camera session is configured: Webcam(25C90B40)
11-30 15:31:26.245  2759  3206 V UvcApiCameraCaptureSequence: construct(0x0537aa76)
11-30 15:31:26.246  2759  3206 D UvcDeviceHandle: getStreamControl(640x480 30)...
11-30 15:31:26.246  2759  3206 V UvcStreamCtrl: construct(0x0be7b877)
11-30 15:31:26.246  2759  3206 D Uvc     : [jni_devicehandle.cpp:114] Java_org_firstinspires_ftc_robotcore_internal_camera_libuvc_nativeobject_UvcDeviceHandle_nativeGetStreamControlFormatSize()...
11-30 15:31:26.246  2759  3206 V Uvc     : API: Java_org_firstinspires_ftc_robotcore_internal_camera_libuvc_nativeobject_UvcDeviceHandle_nativeGetStreamControlFormatSize: enter...
11-30 15:31:26.246  2759  3206 D Uvc     : [stream.cpp:373] uvc_get_stream_ctrl_format_size()...
11-30 15:31:26.246  2759  3206 D Uvc     : [libuvc/libuvc_internal.h:771] uvc_device_handle::claimInterface(idx=1)...
11-30 15:31:26.246  2759  3206 D UvcDevice: claimInterface(1)
11-30 15:31:26.247  2759  3206 D UvcDevice: claimInterface(1) succeeded
11-30 15:31:26.247  2759  3206 D Uvc     : [libuvc/libuvc_internal.h:784] claimInterface(1) succeeded
11-30 15:31:26.247  2759  3206 D Uvc     : [libuvc/libuvc_internal.h:771] ...uvc_device_handle::claimInterface() rc=0
11-30 15:31:26.247  2759  3206 D UvcStream: [stream.cpp:412] 640x480 30fps
11-30 15:31:26.247  2759  3206 D Uvc     : [stream.cpp:162] uvc_query_stream_ctrl()...
11-30 15:31:26.251  2759  3206 D Uvc     : [stream.cpp:162] ...uvc_query_stream_ctrl() rc=0
11-30 15:31:26.251  2759  3206 D Uvc     : [libuvc/libuvc_internal.h:794] uvc_device_handle::releaseInterface()...
11-30 15:31:26.251  2759  3206 D UvcDevice: releaseInterface(1)
11-30 15:31:26.252  2759  3206 D UvcDevice: releaseInterface(1) succeeded
11-30 15:31:26.252  2759  3206 D Uvc     : [libuvc/libuvc_internal.h:794] ...uvc_device_handle::releaseInterface() rc=0
11-30 15:31:26.252  2759  3206 D Uvc     : [stream.cpp:523] uvc_probe_stream_ctrl()...
11-30 15:31:26.252  2759  3206 D Uvc     : [libuvc/libuvc_internal.h:771] uvc_device_handle::claimInterface(idx=1)...
11-30 15:31:26.252  2759  3206 D UvcDevice: claimInterface(1)
11-30 15:31:26.253  2759  3206 D UvcDevice: claimInterface(1) succeeded
11-30 15:31:26.253  2759  3206 D Uvc     : [libuvc/libuvc_internal.h:784] claimInterface(1) succeeded
11-30 15:31:26.253  2759  3206 D Uvc     : [libuvc/libuvc_internal.h:771] ...uvc_device_handle::claimInterface() rc=0
11-30 15:31:26.253  2759  3206 D Uvc     : [stream.cpp:162] uvc_query_stream_ctrl()...
11-30 15:31:26.259  2759  3206 D Uvc     : [stream.cpp:162] ...uvc_query_stream_ctrl() rc=0
11-30 15:31:26.259  2759  3206 D Uvc     : [stream.cpp:162] uvc_query_stream_ctrl()...
11-30 15:31:26.263  2759  3206 D Uvc     : [stream.cpp:162] ...uvc_query_stream_ctrl() rc=0
11-30 15:31:26.263  2759  3206 D Uvc     : [stream.cpp:523] ...uvc_probe_stream_ctrl() rc=0
11-30 15:31:26.263  2759  3206 D Uvc     : [stream.cpp:373] ...uvc_get_stream_ctrl_format_size() rc=0
11-30 15:31:26.263  2759  3206 V Uvc     : API: Java_org_firstinspires_ftc_robotcore_internal_camera_libuvc_nativeobject_UvcDeviceHandle_nativeGetStreamControlFormatSize: ...exit
11-30 15:31:26.263  2759  3206 D Uvc     : [jni_devicehandle.cpp:114] ...Java_org_firstinspires_ftc_robotcore_internal_camera_libuvc_nativeobject_UvcDeviceHandle_nativeGetStreamControlFormatSize()
11-30 15:31:26.263  2759  3206 D UvcDeviceHandle: ...getStreamControl(640x480 30)
11-30 15:31:26.263  2759  3206 D Uvc     : [jni_streamcontrol.cpp:101] Java_org_firstinspires_ftc_robotcore_internal_camera_libuvc_nativeobject_UvcStreamCtrl_nativeOpen()...
11-30 15:31:26.263  2759  3206 V Uvc     : API: Java_org_firstinspires_ftc_robotcore_internal_camera_libuvc_nativeobject_UvcStreamCtrl_nativeOpen: enter...
11-30 15:31:26.263  2759  3206 D Uvc     : [devicehandle.cpp:46] uvc_device_handle::openStreamControl()...
11-30 15:31:26.263  2759  3206 D Uvc     : [streamhandle.cpp:58] uvc_stream_handle::claimInterface()...
11-30 15:31:26.263  2759  3206 D Uvc     : [libuvc/libuvc_internal.h:771] uvc_device_handle::claimInterface(idx=1)...
11-30 15:31:26.264  2759  3206 D UvcDevice: claimInterface(1)
11-30 15:31:26.264  2759  3206 D UvcDevice: claimInterface(1) succeeded
11-30 15:31:26.264  2759  3206 D Uvc     : [libuvc/libuvc_internal.h:784] claimInterface(1) succeeded
11-30 15:31:26.264  2759  3206 D Uvc     : [libuvc/libuvc_internal.h:771] ...uvc_device_handle::claimInterface() rc=0
11-30 15:31:26.264  2759  3206 D Uvc     : [streamhandle.cpp:58] ...uvc_stream_handle::claimInterface() rc=0
11-30 15:31:26.264  2759  3206 D Uvc     : [stream.cpp:162] uvc_query_stream_ctrl()...
11-30 15:31:26.273  2759  3206 D Uvc     : [stream.cpp:162] ...uvc_query_stream_ctrl() rc=0
11-30 15:31:26.273  2759  3206 D Uvc     : [devicehandle.cpp:46] ...uvc_device_handle::openStreamControl() rc=0
11-30 15:31:26.273  2759  3206 V Uvc     : API: Java_org_firstinspires_ftc_robotcore_internal_camera_libuvc_nativeobject_UvcStreamCtrl_nativeOpen: ...exit
11-30 15:31:26.273  2759  3206 D Uvc     : [jni_streamcontrol.cpp:101] ...Java_org_firstinspires_ftc_robotcore_internal_camera_libuvc_nativeobject_UvcStreamCtrl_nativeOpen()
11-30 15:31:26.273  2759  3206 V UvcStreamHandle: construct(pointer=0x71b2559a00)
11-30 15:31:26.274  2759  3206 D Uvc     : [jni_streamhandle.cpp:184] Java_org_firstinspires_ftc_robotcore_internal_camera_libuvc_nativeobject_UvcStreamHandle_nativeStopStreaming()...
11-30 15:31:26.274  2759  3206 V Uvc     : API: Java_org_firstinspires_ftc_robotcore_internal_camera_libuvc_nativeobject_UvcStreamHandle_nativeStopStreaming: enter...
11-30 15:31:26.274  2759  3206 D Uvc     : [stream.cpp:1515] uvc_stream_stop()...
11-30 15:31:26.274  2759  3206 D Uvc     : [stream.cpp:1515] ...uvc_stream_stop() rc=0
11-30 15:31:26.274  2759  3206 V Uvc     : API: Java_org_firstinspires_ftc_robotcore_internal_camera_libuvc_nativeobject_UvcStreamHandle_nativeStopStreaming: ...exit
11-30 15:31:26.274  2759  3206 D Uvc     : [jni_streamhandle.cpp:184] ...Java_org_firstinspires_ftc_robotcore_internal_camera_libuvc_nativeobject_UvcStreamHandle_nativeStopStreaming()
11-30 15:31:26.274  2759  3206 V UvcFrameCallback: construct(0x0ee7fce4)
11-30 15:31:26.275  2759  3206 V UvcFrameCallbackData: construct(pointer=0x71bbc8f1d0)
11-30 15:31:26.275  2759  3206 V Uvc     : API: Java_org_firstinspires_ftc_robotcore_internal_camera_libuvc_nativeobject_UvcStreamHandle_nativeStartStreaming: enter...
11-30 15:31:26.275  2759  3206 D Uvc     : [stream.cpp:970] uvc_stream_start_bandwidth()...
11-30 15:31:26.275  2759  3206 D Uvc     : [stream.cpp:1173] uvc_stream_handle::startIsochronousStreaming()...
11-30 15:31:26.275  2759  3206 D Uvc     : [libuvc/libuvc_internal.h:826] uvc_device_handle::setInterfaceAltSetting(setInterfaceAltSetting(intf=1 alt=11))...
11-30 15:31:26.276  2759  3206 D UvcDevice: setInterfaceAltSetting(1,11)
11-30 15:31:26.277  2759  3206 D UvcDevice: setInterfaceAltSetting(1,11) succeeded
11-30 15:31:26.277  2759  3206 D Uvc     : [libuvc/libuvc_internal.h:826] ...uvc_device_handle::setInterfaceAltSetting() rc=0
11-30 15:31:26.277  2759  3206 D Uvc     : [stream.cpp:1173] ...uvc_stream_handle::startIsochronousStreaming() rc=0
11-30 15:31:26.277  2759  3206 D Uvc     : [stream.cpp:1201] uvc_stream_handle::startUserCallbackThread()...
11-30 15:31:26.277  2759  3242 D UvcStream: [stream.cpp:1265] User Callback thread started
11-30 15:31:26.277  2759  3206 D Uvc     : [stream.cpp:1201] ...uvc_stream_handle::startUserCallbackThread() rc=0
11-30 15:31:26.277  2759  3206 D Uvc     : [stream.cpp:1221] uvc_stream_handle::submitTransfers()...
11-30 15:31:26.279  2759  3206 D Uvc     : [stream.cpp:1221] ...uvc_stream_handle::submitTransfers() rc=0
11-30 15:31:26.279  2759  3206 D Uvc     : [stream.cpp:970] ...uvc_stream_start_bandwidth() rc=0
11-30 15:31:26.279  2759  3206 D UvcStreamHandle: [jni_streamhandle.cpp:150] successfully started streaming
11-30 15:31:26.279  2759  3206 V Uvc     : API: Java_org_firstinspires_ftc_robotcore_internal_camera_libuvc_nativeobject_UvcStreamHandle_nativeStartStreaming: ...exit
11-30 15:31:26.279  2759  3206 V UvcStreamCtrl: destroy(pointer=0x71b1959a00)
11-30 15:31:26.280  2759  3206 D UsbResiliantWebcam|DelCaptureSequence: ...doStreaming()
11-30 15:31:26.280  2759  3206 D UsbResiliantWebcam|DelCaptureSequence: ...startStreaming(Stopped)
11-30 15:31:26.280  2759  3206 D UsbResiliantWebcam|DelCaptureSession: ...startCapture()
11-30 15:31:26.280  2759  3206 I System.out: OpenCvWebcam: onConfigured
11-30 15:31:26.280  2759  3241 I System.out: OpenCvWebcam: streaming started
11-30 15:31:26.282  2759  3241 D CameraCalibrationManager: CameraCalibration(VendorProductCalibrationIdentity(vid=0x046d,pid=0x0825) 640x480 f=822.317,822.317)
11-30 15:31:26.282  2759  3241 D CameraCalibrationManager: getCameraCalibration(): CameraCalibration(VendorProductCalibrationIdentity(vid=0x046d,pid=0x0825) 640x480 f=822.317,822.317)
11-30 15:31:26.286  2759  2866 D UvcStream: [stream.cpp:729] this is the UVC processTransfer() stream processing thread
11-30 15:31:26.291  2759  3240 D UvcApiExposureControl: getMode()...
11-30 15:31:26.291  2759  3240 D Uvc     : [jni_devicehandle.cpp:502] Java_org_firstinspires_ftc_robotcore_internal_camera_libuvc_nativeobject_UvcDeviceHandle_nativeGetExposureModeId()...
11-30 15:31:26.553  2759  3240 D Uvc     : [jni_devicehandle.cpp:502] ...Java_org_firstinspires_ftc_robotcore_internal_camera_libuvc_nativeobject_UvcDeviceHandle_nativeGetExposureModeId()
11-30 15:31:26.554  2759  3240 D UvcApiExposureControl: ...getMode(): AperturePriority
11-30 15:31:26.554  2759  3240 D UvcApiExposureControl: setMode(Manual)...
11-30 15:31:26.559  2759  3240 D UvcApiExposureControl: ...setMode(Manual): true
11-30 15:31:26.610  2759  3240 D UvcApiExposureControl: setExposure(6 MILLISECONDS)...
11-30 15:31:26.615  2759  3240 D UvcApiExposureControl: ...setExposure(6 MILLISECONDS): true
11-30 15:31:26.637  2759  3240 D UvcApiGainControl: setGain(250)...
11-30 15:31:26.640  2759  3240 D UvcApiGainControl: ...setGain(250): true
11-30 15:31:26.750  2759  3242 D AprilTagProcessorImpl: User did not provide a camera calibration; but we DO have a built in calibration we can use.
11-30 15:31:26.750  2759  3242 D AprilTagProcessorImpl:  [640x480] (may be scaled) VendorProductCalibrationIdentity(vid=0x046d,pid=0x0825)
11-30 15:31:26.750  2759  3242 D AprilTagProcessorImpl: fx=822.317 fy=822.317 cx=319.495 cy=242.502
11-30 15:31:28.150  2759  2857 V Robocol : received command: CMD_RUN_OP_MODE(10673) MoveToAprilTag
11-30 15:31:28.168  2759  3049 V Robocol : sending CMD_NOTIFY_RUN_OP_MODE(1518), attempt: 0
11-30 15:31:32.869  2759  2857 V Robocol : received command: CMD_INIT_OP_MODE(10744) $Stop$Robot$
11-30 15:31:32.885  2759  3240 D RobotCore: User runOpModeMethod exited
11-30 15:31:32.888  2759  3240 V RobotCore: thread: ...terminating 'OpModeThread'
11-30 15:31:32.927  2759  2870 D UsbResiliantWebcam|DelCaptureSession: stopCapture()...
11-30 15:31:32.927  2759  2870 D UsbResiliantWebcam|DelCaptureSequence: undoStreaming()...
11-30 15:31:32.927  2759  2870 D UvcApiCaptureSession: stopCapture()...
11-30 15:31:32.927  2759  2870 D Uvc     : [jni_streamhandle.cpp:184] Java_org_firstinspires_ftc_robotcore_internal_camera_libuvc_nativeobject_UvcStreamHandle_nativeStopStreaming()...
11-30 15:31:32.927  2759  2870 V Uvc     : API: Java_org_firstinspires_ftc_robotcore_internal_camera_libuvc_nativeobject_UvcStreamHandle_nativeStopStreaming: enter...
11-30 15:31:32.927  2759  2870 D Uvc     : [stream.cpp:1515] uvc_stream_stop()...
11-30 15:31:32.927  2759  2870 D UvcStream: [stream.cpp:1543] cancelling extant transfers
11-30 15:31:32.967  2759  2870 D Uvc     : [stream.cpp:1472] (waitForAllTransfers(waiting for cancelled transfers))...
11-30 15:31:32.968  2759  3242 D UvcStream: [stream.cpp:1330] user callback thread stopped
11-30 15:31:32.969  2759  2870 D UvcStream: [stream.cpp:1486] no extant active transfers: continuing
11-30 15:31:32.969  2759  2870 D Uvc     : [stream.cpp:1472] ...()
11-30 15:31:32.969  2759  2870 D Uvc     : [stream.cpp:1189] uvc_stream_handle::stopIsochronousStreaming()...
11-30 15:31:32.969  2759  2870 D Uvc     : [libuvc/libuvc_internal.h:826] uvc_device_handle::setInterfaceAltSetting(setInterfaceAltSetting(intf=1 alt=0))...
11-30 15:31:32.969  2759  2870 D UvcDevice: setInterfaceAltSetting(1,0)
11-30 15:31:32.970  2759  2870 D UvcDevice: setInterfaceAltSetting(1,0) succeeded
11-30 15:31:32.970  2759  2870 D Uvc     : [libuvc/libuvc_internal.h:826] ...uvc_device_handle::setInterfaceAltSetting() rc=0
11-30 15:31:32.970  2759  2870 D Uvc     : [stream.cpp:1189] ...uvc_stream_handle::stopIsochronousStreaming() rc=0
11-30 15:31:32.970  2759  2870 D UvcStream: [stream.cpp:1559] awakening user thread
11-30 15:31:32.970  2759  2870 D UvcStream: [stream.cpp:1568] waiting for user callback thread to finish
11-30 15:31:32.970  2759  2870 D Uvc     : [stream.cpp:1515] ...uvc_stream_stop() rc=0
11-30 15:31:32.970  2759  2870 V Uvc     : API: Java_org_firstinspires_ftc_robotcore_internal_camera_libuvc_nativeobject_UvcStreamHandle_nativeStopStreaming: ...exit
11-30 15:31:32.970  2759  2870 D Uvc     : [jni_streamhandle.cpp:184] ...Java_org_firstinspires_ftc_robotcore_internal_camera_libuvc_nativeobject_UvcStreamHandle_nativeStopStreaming()
11-30 15:31:32.970  2759  2870 V UvcFrameCallback: destroy(hash=0x0ee7fce4)
11-30 15:31:32.970  2759  2870 V UvcFrameCallbackData: destroy(pointer=0x71bbc8f1d0)
11-30 15:31:32.970  2759  2870 V Uvc     : API: Java_org_firstinspires_ftc_robotcore_internal_camera_libuvc_nativeobject_UvcFrameCallback_nativeReleaseCallbackState: enter...
11-30 15:31:32.970  2759  2870 V Uvc     : API: Java_org_firstinspires_ftc_robotcore_internal_camera_libuvc_nativeobject_UvcFrameCallback_nativeReleaseCallbackState: ...exit
11-30 15:31:32.971  2759  2870 V UvcStreamHandle: destroy(pointer=0x71b2559a00)
11-30 15:31:32.971  2759  2870 D Uvc     : [jni_streamhandle.cpp:184] Java_org_firstinspires_ftc_robotcore_internal_camera_libuvc_nativeobject_UvcStreamHandle_nativeStopStreaming()...
11-30 15:31:32.971  2759  2870 V Uvc     : API: Java_org_firstinspires_ftc_robotcore_internal_camera_libuvc_nativeobject_UvcStreamHandle_nativeStopStreaming: enter...
11-30 15:31:32.971  2759  2870 D Uvc     : [stream.cpp:1515] uvc_stream_stop()...
11-30 15:31:32.971  2759  2870 D Uvc     : [stream.cpp:1515] ...uvc_stream_stop() rc=0
11-30 15:31:32.971  2759  2870 V Uvc     : API: Java_org_firstinspires_ftc_robotcore_internal_camera_libuvc_nativeobject_UvcStreamHandle_nativeStopStreaming: ...exit
11-30 15:31:32.971  2759  2870 D Uvc     : [jni_streamhandle.cpp:184] ...Java_org_firstinspires_ftc_robotcore_internal_camera_libuvc_nativeobject_UvcStreamHandle_nativeStopStreaming()
11-30 15:31:32.971  2759  2870 D Uvc     : [jni_streamhandle.cpp:200] Java_org_firstinspires_ftc_robotcore_internal_camera_libuvc_nativeobject_UvcStreamHandle_nativeCloseStreamHandle()...
11-30 15:31:32.971  2759  2870 V Uvc     : API: Java_org_firstinspires_ftc_robotcore_internal_camera_libuvc_nativeobject_UvcStreamHandle_nativeCloseStreamHandle: enter...
11-30 15:31:32.971  2759  2870 D Uvc     : [stream.cpp:1585] uvc_stream_close()...
11-30 15:31:32.971  2759  2870 D Uvc     : [streamhandle.cpp:45] uvc_stream_handle::~uvc_stream_handle()...
11-30 15:31:32.971  2759  2870 D Uvc     : [streamhandle.cpp:66] uvc_stream_handle::releaseInterface()...
11-30 15:31:32.971  2759  2870 D Uvc     : [libuvc/libuvc_internal.h:794] uvc_device_handle::releaseInterface()...
11-30 15:31:32.971  2759  2870 D UvcDevice: releaseInterface(1)
11-30 15:31:32.972  2759  2870 D UvcDevice: releaseInterface(1) succeeded
11-30 15:31:32.972  2759  2870 D Uvc     : [libuvc/libuvc_internal.h:794] ...uvc_device_handle::releaseInterface() rc=0
11-30 15:31:32.972  2759  2870 D Uvc     : [streamhandle.cpp:66] ...uvc_stream_handle::releaseInterface()
11-30 15:31:32.972  2759  2870 D Uvc     : [streamhandle.cpp:45] ...uvc_stream_handle::~uvc_stream_handle()
11-30 15:31:32.972  2759  2870 D Uvc     : [stream.cpp:1585] ...uvc_stream_close()
11-30 15:31:32.972  2759  2870 V Uvc     : API: Java_org_firstinspires_ftc_robotcore_internal_camera_libuvc_nativeobject_UvcStreamHandle_nativeCloseStreamHandle: ...exit
11-30 15:31:32.972  2759  2870 D Uvc     : [jni_streamhandle.cpp:200] ...Java_org_firstinspires_ftc_robotcore_internal_camera_libuvc_nativeobject_UvcStreamHandle_nativeCloseStreamHandle()
11-30 15:31:32.973  2759  3206 D RobotCore: capture sequence DelegatingCaptureSequenceId(1) reports completed: lastFrame=407
11-30 15:31:32.973  2759  2870 V UvcApiCameraCaptureSequence: destroy(hash=0x0537aa76)
11-30 15:31:32.973  2759  2870 D UvcApiCaptureSession: ...stopCapture()
11-30 15:31:32.973  2759  2870 D UvcApiCaptureSession: doClose()...
11-30 15:31:32.974  2759  3203 D UsbResiliantWebcam|DelCaptureSession: camera session is closed: Webcam(25C90B40)
11-30 15:31:32.974  2759  2870 D UvcApiCaptureSession: ...doClose()
11-30 15:31:32.974  2759  2870 V UvcApiCaptureSession: destroy(hash=0x082e3911)
11-30 15:31:32.975  2759  2870 D UvcApiCaptureSession: destructor...
11-30 15:31:32.975  2759  2870 D UvcApiCaptureSession: ...destructor
11-30 15:31:32.975  2759  2870 D UsbResiliantWebcam|DelCaptureSequence: ...undoStreaming()
11-30 15:31:32.976  2759  3206 D RobotCore: capture sequence DelegatingCaptureSequenceId(1) reports completed: lastFrame=407
11-30 15:31:32.976  2759  2870 V UsbResiliantWebcam|DelCaptureSequence: destroy(hash=0x005fc538)
11-30 15:31:32.976  2759  2870 D UsbResiliantWebcam|DelCaptureSession: ...stopCapture()
11-30 15:31:32.976  2759  2870 D UsbResiliantWebcam|DelCaptureSession: doClose()...
11-30 15:31:32.977  2759  2870 D UsbResiliantWebcam|DelCaptureSession: ...doClose()
11-30 15:31:32.977  2759  2870 V UsbResiliantWebcam|DelCaptureSession: destroy(hash=0x01c2dd9b)
11-30 15:31:32.978  2759  2870 D UsbResiliantWebcam|DelCaptureSession: destructor()...
11-30 15:31:32.978  2759  2870 D UsbResiliantWebcam|DelCaptureSession: ...destructor()
11-30 15:31:32.978  2759  2870 V CameraImpl: destroy(hash=0x06bea895)
11-30 15:31:32.978  2759  2870 D UsbResiliantWebcam: CameraImpl.destructor()...
11-30 15:31:32.978  2759  2870 D UsbResiliantWebcam: externalDestructor()...
11-30 15:31:32.979  2759  3203 D CameraManager: camera reports closed: CameraImpl(UsbResiliantWebcam(Webcam(25C90B40)))
11-30 15:31:32.980  2759  2870 V CameraImpl: destroy(hash=0x043867d9)
11-30 15:31:32.980  2759  2870 D UvcDeviceHandle: CameraImpl.destructor()...
11-30 15:31:32.980  2759  2870 D UvcDeviceHandle: externalDestructor()...
11-30 15:31:32.981  2759  2870 D UsbResiliantWebcam: changeDelegatedCamera(CameraImpl(UvcDeviceHandle(pointer=0x71c1f95bc0|UvcDevice(/dev/bus/usb/003/004)))->null)...
11-30 15:31:32.981  2759  2870 D CachingExposureControl: onCameraChanged(CameraImpl(UvcDeviceHandle(pointer=0x71c1f95bc0|UvcDevice(/dev/bus/usb/003/004)))->null)...
11-30 15:31:32.982  2759  2870 D CachingExposureControl: ...onCameraChanged(CameraImpl(UvcDeviceHandle(pointer=0x71c1f95bc0|UvcDevice(/dev/bus/usb/003/004)))->null)
11-30 15:31:32.982  2759  2870 D UsbResiliantWebcam: ...changeDelegatedCamera(CameraImpl(UvcDeviceHandle(pointer=0x71c1f95bc0|UvcDevice(/dev/bus/usb/003/004)))->null)
11-30 15:31:32.982  2759  2870 D UvcDeviceHandle: ...externalDestructor()
11-30 15:31:32.982  2759  2870 V UvcDeviceHandle: destroy(pointer=0x71c1f95bc0)
11-30 15:31:32.982  2759  2870 D UvcDeviceHandle: destructor...
11-30 15:31:32.982  2759  2870 D Uvc     : [jni_devicehandle.cpp:86] Java_org_firstinspires_ftc_robotcore_internal_camera_libuvc_nativeobject_UvcDeviceHandle_nativeReleaseRefDeviceHandle()...
11-30 15:31:32.982  2759  2870 V Uvc     : API: Java_org_firstinspires_ftc_robotcore_internal_camera_libuvc_nativeobject_UvcDeviceHandle_nativeReleaseRefDeviceHandle: enter...
11-30 15:31:32.982  2759  2870 D Uvc     : [libuvc/libuvc_internal.h:873] uvc_device_handle::~uvc_device_handle()...
11-30 15:31:32.982  2759  2870 D Uvc     : [libuvc/libuvc_internal.h:841] uvc_device_handle::deconstruct()...
11-30 15:31:32.982  2759  2870 D Uvc     : [libuvc/libuvc_internal.h:752] uvc_device_handle::stop()...
11-30 15:31:32.982  2759  2870 D Uvc     : [libuvc/libuvc_internal.h:752] ...uvc_device_handle::stop()
11-30 15:31:32.982  2759  2870 D Uvc     : [libuvc/libuvc_internal.h:866] uvc_device_handle::close()...
11-30 15:31:32.982  2759  2870 E libusb  : [299.170130] [00000b36] libusb: error [do_close] Device handle closed while transfer was still being processed, but the device is still connected as far as we know
11-30 15:31:32.982  2759  2870 E libusb  : [299.170174] [00000b36] libusb: error [do_close] A cancellation hasn't even been scheduled on the transfer for which the device is closing
11-30 15:31:32.982  2759  2870 D Uvc     : [libuvc/libuvc_internal.h:866] ...uvc_device_handle::close()
11-30 15:31:32.982  2759  2870 D Uvc     : [libuvc/libuvc_internal.h:841] ...uvc_device_handle::deconstruct()
11-30 15:31:32.982  2759  2870 D Uvc     : [device.cpp:433] uvc_free_device_info()...
11-30 15:31:32.982  2759  2870 D Uvc     : [device.cpp:433] ...uvc_free_device_info()
11-30 15:31:32.982  2759  2870 D Uvc     : [libuvc/libuvc_internal.h:873] ...uvc_device_handle::~uvc_device_handle()
11-30 15:31:32.982  2759  2870 V Uvc     : API: Java_org_firstinspires_ftc_robotcore_internal_camera_libuvc_nativeobject_UvcDeviceHandle_nativeReleaseRefDeviceHandle: ...exit
11-30 15:31:32.983  2759  2870 D Uvc     : [jni_devicehandle.cpp:86] ...Java_org_firstinspires_ftc_robotcore_internal_camera_libuvc_nativeobject_UvcDeviceHandle_nativeReleaseRefDeviceHandle()
11-30 15:31:32.983  2759  2870 V UvcDevice: destroy(pointer=0x71b19596c0|/dev/bus/usb/003/004)
11-30 15:31:32.983  2759  2870 D UsbDeviceConnectionJNI: close
11-30 15:31:32.983  2759  2870 D Uvc     : [jni_device.cpp:126] Java_org_firstinspires_ftc_robotcore_internal_camera_libuvc_nativeobject_UvcDevice_nativeReleaseRefDevice()...
11-30 15:31:32.983  2759  2870 V Uvc     : API: Java_org_firstinspires_ftc_robotcore_internal_camera_libuvc_nativeobject_UvcDevice_nativeReleaseRefDevice: enter...
11-30 15:31:32.983  2759  2870 D Uvc     : [device.cpp:882] uvc_unref_device()...
11-30 15:31:32.985  2759  2870 D Uvc     : [device.cpp:882] ...uvc_unref_device()
11-30 15:31:32.985  2759  2870 V Uvc     : API: Java_org_firstinspires_ftc_robotcore_internal_camera_libuvc_nativeobject_UvcDevice_nativeReleaseRefDevice: ...exit
11-30 15:31:32.985  2759  2870 D Uvc     : [jni_device.cpp:126] ...Java_org_firstinspires_ftc_robotcore_internal_camera_libuvc_nativeobject_UvcDevice_nativeReleaseRefDevice()
11-30 15:31:32.986  2759  2870 V LibUsbDevice: destroy(pointer=0x71c1fe1800)
11-30 15:31:32.986  2759  2870 D Uvc     : [jni_libusb_device.cpp:64] Java_org_firstinspires_ftc_robotcore_internal_camera_libuvc_nativeobject_LibUsbDevice_nativeReleaseRefDevice()...
11-30 15:31:32.986  2759  2870 D Uvc     : [jni_libusb_device.cpp:64] ...Java_org_firstinspires_ftc_robotcore_internal_camera_libuvc_nativeobject_LibUsbDevice_nativeReleaseRefDevice()
11-30 15:31:32.986  2759  2870 D UvcDeviceHandle: ...destructor
11-30 15:31:32.986  2759  2870 D UvcDeviceHandle: ...CameraImpl.destructor()
11-30 15:31:32.986  2759  2870 D UsbResiliantWebcam: ...externalDestructor()
11-30 15:31:32.986  2759  2870 V UsbResiliantWebcam: destroy(hash=0x0ffeed23)
11-30 15:31:32.986  2759  2870 D UsbResiliantWebcam: destructor()...
11-30 15:31:32.986  2759  2870 D UsbResiliantWebcam: ...destructor()
11-30 15:31:32.986  2759  2870 D UsbResiliantWebcam: ...CameraImpl.destructor()
11-30 15:31:32.987  2759  2870 I RobotCore: Attempting to switch to OpMode $Stop$Robot$
11-30 15:31:32.987  2759  2870 I RobotCore: ******************** STOP - OPMODE /storage/emulated/0/FIRST/matchlogs/Match-0-MoveToAprilTag.txt ********************
11-30 15:31:32.991  2759  2870 I RobotCore: Pruning old match logs: deleting Match-0-AutoIntakeAidenRedClose.txt
11-30 15:31:32.993  2759  2870 D HardwareMap: Clearing which device instances have been retrieved
11-30 15:31:32.993  2759  3255 I RobotCore: saving match logcat to /storage/emulated/0/FIRST/matchlogs/Match-0-MoveToAprilTag.txt
11-30 15:31:32.993  2759  3255 I RobotCore: logging command line: exec logcat -d -T '11-30 15:31:25.000' -f '/storage/emulated/0/FIRST/matchlogs/Match-0-MoveToAprilTag.txt' -n4 -v threadtime UsbRequestJNI:S UsbRequest:S art:W ThreadPool:W System:W ExtendedExtractor:W OMXClient:W MediaPlayer:W dalvikvm:W  *:V
11-30 15:31:32.996  2759  3257 V RobotCore: thread: 'OpModeThread' starting...
11-30 15:31:33.008  2759  3049 V Robocol : sending CMD_STREAM_CHANGE(1592), attempt: 0
11-30 15:31:33.008  2759  3049 V Robocol : sending CMD_NOTIFY_INIT_OP_MODE(1597), attempt: 0
11-30 15:31:33.009  2759  3049 V Robocol : sending CMD_NOTIFY_RUN_OP_MODE(1598), attempt: 0
11-30 15:31:33.063  2759  3255 I RobotCore: Done running exec logcat -d -T '11-30 15:31:25.000' -f '/storage/emulated/0/FIRST/matchlogs/Match-0-MoveToAprilTag.txt' -n4 -v threadtime UsbRequestJNI:S UsbRequest:S art:W ThreadPool:W System:W ExtendedExtractor:W OMXClient:W MediaPlayer:W dalvikvm:W  *:V
11-30 15:31:33.063  2759  3255 I RobotCore: exiting match logcat for /storage/emulated/0/FIRST/matchlogs/Match-0-MoveToAprilTag.txt
11-30 15:31:39.907  2759  2836 V ProgrammingModeManager: serve uri=/java/file/save
11-30 15:31:59.739  2759  2836 V ProgrammingModeManager: serve uri=/java/file/save
11-30 15:32:18.438  2759  2836 V ProgrammingModeManager: serve uri=/java/file/save
11-30 15:32:23.448  2759  2836 V ProgrammingModeManager: serve uri=/java/file/save
11-30 15:32:28.447  2759  2836 V ProgrammingModeManager: serve uri=/java/file/save
11-30 15:32:33.441  2759  2836 V ProgrammingModeManager: serve uri=/java/file/save
11-30 15:33:17.474  2759  2857 V Robocol : received command: CMD_SET_MATCH_NUMBER(12187) 0
11-30 15:33:17.476  2759  2857 V Robocol : received command: CMD_INIT_OP_MODE(12188) MoveToAprilTag
11-30 15:33:17.513  2759  3257 V RobotCore: thread: ...terminating 'OpModeThread'
11-30 15:33:17.516  2759  2870 I RobotCore: Attempting to switch to OpMode MoveToAprilTag
11-30 15:33:17.519  2759  2870 I RobotCore: ******************** START - OPMODE MoveToAprilTag ********************
11-30 15:33:17.706  2759  2870 D HardwareMap: Clearing which device instances have been retrieved
11-30 15:33:17.713  2759  3425 V RobotCore: thread: 'OpModeThread' starting...
11-30 15:33:17.716  2759  3425 D AprilTagDetectorJNI: Creating 36h11 tag family
11-30 15:33:17.716  2759  3425 D AprilTagDetectorJNI: Initializing april tag detector
11-30 15:33:17.728  2759  3049 V Robocol : sending CMD_NOTIFY_INIT_OP_MODE(3053), attempt: 0
11-30 15:33:17.860  2759  3425 I System.out: OpenCvCameraBase ctor: EasyOpenCV version 1.7.0
11-30 15:33:17.864  2759  3426 D CameraManager: doOpenCamera()...
11-30 15:33:17.864  2759  3426 D CameraManager: requesting permission for camera: Webcam(25C90B40)
11-30 15:33:17.870  2759  3426 D WebcamNameImpl: requesting permission for /dev/bus/usb/003/004
11-30 15:33:17.870  2759  3426 V WebcamNameImpl: asyncRequestUsbPermission()...
11-30 15:33:17.873  2759  3426 D WebcamNameImpl: permission already available for /dev/bus/usb/003/004
11-30 15:33:17.875  2759  3426 V WebcamNameImpl: ...asyncRequestUsbPermission()
11-30 15:33:17.875  2759  3426 D ContinuationSynchronizer: awaiting(camera open)...
11-30 15:33:17.875  2759  3427 D WebcamNameImpl: permission for /dev/bus/usb/003/004=true
11-30 15:33:17.876  2759  3427 D CameraManager: permission granted for camera: Webcam(25C90B40)
11-30 15:33:17.877  2759  3427 D CameraManager: asyncOpenCamera(Webcam(25C90B40))...
11-30 15:33:17.877  2759  3427 D CameraManager: asyncOpenWebcam(Webcam(25C90B40))...
11-30 15:33:17.877  2759  3427 V UsbResiliantWebcam: construct(0x011ce080)
11-30 15:33:17.878  2759  3427 D UsbResiliantWebcam: openAssumingPermission()...
11-30 15:33:17.882  2759  3427 D UvcContext: found webcam: usbPath=/dev/bus/usb/003/004 vid=0x46D pid=0x825 serial=25C90B40 product=null
11-30 15:33:17.882  2759  3427 D Uvc     : [jni_context.cpp:120] Java_org_firstinspires_ftc_robotcore_internal_camera_libuvc_nativeobject_UvcContext_nativeCreateUvcDevice()...
11-30 15:33:17.882  2759  3427 V Uvc     : API: Java_org_firstinspires_ftc_robotcore_internal_camera_libuvc_nativeobject_UvcContext_nativeCreateUvcDevice: enter...
11-30 15:33:17.883  2759  3427 D libusb  : [404.071235] [00000d63] libusb: debug [op_create] op_create: szUsbPath=/dev/bus/usb/003/004 szSysfsDir=3-1.4
11-30 15:33:17.884  2759  3427 D Uvc     : [device.cpp:613] uvc_create_uvc_device()...
11-30 15:33:17.884  2759  3427 D Uvc     : [libuvc/libuvc_internal.h:347] uvc_device::uvc_device()...
11-30 15:33:17.884  2759  3427 D Uvc     : [libuvc/libuvc_internal.h:376] acquired vid=1133 & pid=2085
11-30 15:33:17.884  2759  3427 D Uvc     : [libuvc/libuvc_internal.h:347] ...uvc_device::uvc_device()
11-30 15:33:17.884  2759  3427 D Uvc     : [device.cpp:613] ...uvc_create_uvc_device() rc=0
11-30 15:33:17.884  2759  3427 V Uvc     : API: Java_org_firstinspires_ftc_robotcore_internal_camera_libuvc_nativeobject_UvcContext_nativeCreateUvcDevice: ...exit
11-30 15:33:17.884  2759  3427 D Uvc     : [jni_context.cpp:120] ...Java_org_firstinspires_ftc_robotcore_internal_camera_libuvc_nativeobject_UvcContext_nativeCreateUvcDevice()
11-30 15:33:17.885  2759  3427 V UvcDevice: construct(pointer=0x71b1959280|null)
11-30 15:33:17.885  2759  3427 D Uvc     : [jni_device.cpp:108] Java_org_firstinspires_ftc_robotcore_internal_camera_libuvc_nativeobject_UvcDevice_nativeGetLibUsbDevice()...
11-30 15:33:17.885  2759  3427 D Uvc     : [jni_device.cpp:108] ...Java_org_firstinspires_ftc_robotcore_internal_camera_libuvc_nativeobject_UvcDevice_nativeGetLibUsbDevice()
11-30 15:33:17.886  2759  3427 V LibUsbDevice: construct(pointer=0x71c1fe1800)
11-30 15:33:17.886  2759  3427 D UvcContext: usb device is *not* UVC compatible, /dev/bus/usb/003/003
11-30 15:33:17.888  2759  3049 V Robocol : sending CMD_STREAM_CHANGE(3057), attempt: 0
11-30 15:33:17.890  2759  3427 D UvcDevice: open()...
11-30 15:33:17.949  2759  3427 D Uvc     : [jni_device.cpp:50] Java_org_firstinspires_ftc_robotcore_internal_camera_libuvc_nativeobject_UvcDevice_nativeSetUsbDeviceInfo()...
11-30 15:33:17.949  2759  3427 D Uvc     : [jni_device.cpp:50] ...Java_org_firstinspires_ftc_robotcore_internal_camera_libuvc_nativeobject_UvcDevice_nativeSetUsbDeviceInfo()
11-30 15:33:17.949  2759  3427 D Uvc     : [jni_device.cpp:233] Java_org_firstinspires_ftc_robotcore_internal_camera_libuvc_nativeobject_UvcDevice_nativeOpenDeviceHandle()...
11-30 15:33:17.949  2759  3427 V Uvc     : API: Java_org_firstinspires_ftc_robotcore_internal_camera_libuvc_nativeobject_UvcDevice_nativeOpenDeviceHandle: enter...
11-30 15:33:17.950  2759  3427 D Uvc     : [device.cpp:279] uvc_open()...
11-30 15:33:17.950  2759  3427 D Uvc     : [libuvc/libuvc_internal.h:357] uvc_device::open()...
11-30 15:33:17.950  2759  3427 D libusb  : [404.137447] [00000d63] libusb: debug [op_open] op_open: szUsbPath=/dev/bus/usb/003/004
11-30 15:33:17.950  2759  3427 D Uvc     : [libuvc/libuvc_internal.h:357] ...uvc_device::open() rc=0
11-30 15:33:17.950  2759  3427 D Uvc     : [device.cpp:295] calling libusb_reset_device()...
11-30 15:33:19.193  2759  2857 V Robocol : received command: CMD_RUN_OP_MODE(12218) MoveToAprilTag
