11-30 15:33:21.759  2759  2870 D HardwareMap: Clearing which device instances have been retrieved
11-30 15:33:21.762  2759  3443 V RobotCore: thread: 'OpModeThread' starting...
11-30 15:33:21.763  2759  3443 D AprilTagDetectorJNI: Creating 36h11 tag family
11-30 15:33:21.763  2759  3443 D AprilTagDetectorJNI: Initializing april tag detector
11-30 15:33:21.768  2759  3049 V Robocol : sending CMD_NOTIFY_INIT_OP_MODE(3138), attempt: 0
11-30 15:33:21.898  2759  3443 I System.out: OpenCvCameraBase ctor: EasyOpenCV version 1.7.0
11-30 15:33:21.901  2759  3444 D CameraManager: doOpenCamera()...
11-30 15:33:21.901  2759  3444 D CameraManager: requesting permission for camera: Webcam(25C90B40)
11-30 15:33:21.907  2759  3444 D WebcamNameImpl: requesting permission for /dev/bus/usb/003/004
11-30 15:33:21.907  2759  3444 V WebcamNameImpl: asyncRequestUsbPermission()...
11-30 15:33:21.909  2759  3444 D WebcamNameImpl: permission already available for /dev/bus/usb/003/004
11-30 15:33:21.909  2759  3430 D WebcamNameImpl: permission for /dev/bus/usb/003/004=true
11-30 15:33:21.910  2759  3430 D CameraManager: permission granted for camera: Webcam(25C90B40)
11-30 15:33:21.910  2759  3430 D CameraManager: asyncOpenCamera(Webcam(25C90B40))...
11-30 15:33:21.910  2759  3430 D CameraManager: asyncOpenWebcam(Webcam(25C90B40))...
11-30 15:33:21.911  2759  3430 V UsbResiliantWebcam: construct(0x0470836b)
11-30 15:33:21.911  2759  3444 V WebcamNameImpl: ...asyncRequestUsbPermission()
11-30 15:33:21.911  2759  3430 D UsbResiliantWebcam: openAssumingPermission()...
11-30 15:33:21.911  2759  3444 D ContinuationSynchronizer: awaiting(camera open)...
11-30 15:33:21.915  2759  3430 D UvcContext: found webcam: usbPath=/dev/bus/usb/003/004 vid=0x46D pid=0x825 serial=25C90B40 product=null
11-30 15:33:21.915  2759  3430 D Uvc     : [jni_context.cpp:120] Java_org_firstinspires_ftc_robotcore_internal_camera_libuvc_nativeobject_UvcContext_nativeCreateUvcDevice()...
11-30 15:33:21.915  2759  3430 V Uvc     : API: Java_org_firstinspires_ftc_robotcore_internal_camera_libuvc_nativeobject_UvcContext_nativeCreateUvcDevice: enter...
11-30 15:33:21.916  2759  3430 D libusb  : [408.103590] [00000d66] libusb: debug [op_create] op_create: szUsbPath=/dev/bus/usb/003/004 szSysfsDir=3-1.4
11-30 15:33:21.916  2759  3430 D Uvc     : [device.cpp:613] uvc_create_uvc_device()...
11-30 15:33:21.916  2759  3430 D Uvc     : [libuvc/libuvc_internal.h:347] uvc_device::uvc_device()...
11-30 15:33:21.916  2759  3430 D Uvc     : [libuvc/libuvc_internal.h:376] acquired vid=1133 & pid=2085
11-30 15:33:21.916  2759  3430 D Uvc     : [libuvc/libuvc_internal.h:347] ...uvc_device::uvc_device()
11-30 15:33:21.916  2759  3430 D Uvc     : [device.cpp:613] ...uvc_create_uvc_device() rc=0
11-30 15:33:21.916  2759  3430 V Uvc     : API: Java_org_firstinspires_ftc_robotcore_internal_camera_libuvc_nativeobject_UvcContext_nativeCreateUvcDevice: ...exit
11-30 15:33:21.916  2759  3430 D Uvc     : [jni_context.cpp:120] ...Java_org_firstinspires_ftc_robotcore_internal_camera_libuvc_nativeobject_UvcContext_nativeCreateUvcDevice()
11-30 15:33:21.916  2759  3430 V UvcDevice: construct(pointer=0x71b256dc00|null)
11-30 15:33:21.916  2759  3430 D Uvc     : [jni_device.cpp:108] Java_org_firstinspires_ftc_robotcore_internal_camera_libuvc_nativeobject_UvcDevice_nativeGetLibUsbDevice()...
11-30 15:33:21.916  2759  3430 D Uvc     : [jni_device.cpp:108] ...Java_org_firstinspires_ftc_robotcore_internal_camera_libuvc_nativeobject_UvcDevice_nativeGetLibUsbDevice()
11-30 15:33:21.917  2759  3430 V LibUsbDevice: construct(pointer=0x71c1fe1800)
11-30 15:33:21.917  2759  3430 D UvcContext: usb device is *not* UVC compatible, /dev/bus/usb/003/003
11-30 15:33:21.920  2759  3430 D UvcDevice: open()...
11-30 15:33:21.922  2759  3430 D Uvc     : [jni_device.cpp:50] Java_org_firstinspires_ftc_robotcore_internal_camera_libuvc_nativeobject_UvcDevice_nativeSetUsbDeviceInfo()...
11-30 15:33:21.922  2759  3430 D Uvc     : [jni_device.cpp:50] ...Java_org_firstinspires_ftc_robotcore_internal_camera_libuvc_nativeobject_UvcDevice_nativeSetUsbDeviceInfo()
11-30 15:33:21.922  2759  3430 D Uvc     : [jni_device.cpp:233] Java_org_firstinspires_ftc_robotcore_internal_camera_libuvc_nativeobject_UvcDevice_nativeOpenDeviceHandle()...
11-30 15:33:21.922  2759  3430 V Uvc     : API: Java_org_firstinspires_ftc_robotcore_internal_camera_libuvc_nativeobject_UvcDevice_nativeOpenDeviceHandle: enter...
11-30 15:33:21.922  2759  3430 D Uvc     : [device.cpp:279] uvc_open()...
11-30 15:33:21.922  2759  3430 D Uvc     : [libuvc/libuvc_internal.h:357] uvc_device::open()...
11-30 15:33:21.922  2759  3430 D libusb  : [408.109822] [00000d66] libusb: debug [op_open] op_open: szUsbPath=/dev/bus/usb/003/004
11-30 15:33:21.922  2759  3430 D Uvc     : [libuvc/libuvc_internal.h:357] ...uvc_device::open() rc=0
11-30 15:33:21.922  2759  3430 D Uvc     : [device.cpp:295] calling libusb_reset_device()...
11-30 15:33:21.928  2759  3049 V Robocol : sending CMD_STREAM_CHANGE(3141), attempt: 0
11-30 15:33:22.328  2759  3430 D Uvc     : [device.cpp:303] ...libusb_reset_device() called
11-30 15:33:22.328  2759  3430 D Uvc     : [device.cpp:311] libusb_open() = 0
11-30 15:33:22.328  2759  3430 D Uvc     : [libuvc/libuvc_internal.h:733] uvc_device_handle::uvc_device_handle()...
11-30 15:33:22.329  2759  3430 D Uvc     : [libuvc/libuvc_internal.h:733] ...uvc_device_handle::uvc_device_handle()
11-30 15:33:22.329  2759  3430 D Uvc     : [device.cpp:386] uvc_get_device_info()...
11-30 15:33:22.329  2759  3430 D libusb  : [408.516604] [00000d66] libusb: debug [op_get_config_descriptor] op_get_config_descriptor: config_index=0
11-30 15:33:22.329  2759  3430 D libusb  : [408.516783] [00000d66] libusb: debug [op_get_config_descriptor] op_get_config_descriptor: config_index=0
11-30 15:33:22.329  2759  3430 D Uvc     : [device.cpp:986] uvc_scan_control()...
11-30 15:33:22.329  2759  3430 D Uvc     : [device.cpp:1041] uvc_parse_vc_header()...
11-30 15:33:22.329  2759  3430 D Uvc     : [device.cpp:1284] uvc_scan_streaming()...
11-30 15:33:22.329  2759  3430 D Uvc     : [device.cpp:1340] uvc_parse_vs_input_header()...
11-30 15:33:22.329  2759  3430 D Uvc     : [device.cpp:1340] ...uvc_parse_vs_input_header() rc=0
11-30 15:33:22.329  2759  3430 D Uvc     : [device.cpp:1389] uvc_parse_vs_format_uncompressed()...
11-30 15:33:22.329  2759  3430 D Uvc     : [device.cpp:1389] ...uvc_parse_vs_format_uncompressed() rc=0
11-30 15:33:22.330  2759  3430 V Uvc     : [device.cpp:1630] unsupported descriptor subtype: 13 UVC_VS_COLORFORMAT
11-30 15:33:22.330  2759  3430 D Uvc     : [device.cpp:1449] uvc_parse_vs_format_mjpeg()...
11-30 15:33:22.330  2759  3430 D Uvc     : [device.cpp:1449] ...uvc_parse_vs_format_mjpeg() rc=0
11-30 15:33:22.331  2759  3430 V Uvc     : [device.cpp:1630] unsupported descriptor subtype: 13 UVC_VS_COLORFORMAT
11-30 15:33:22.331  2759  3430 D Uvc     : [device.cpp:1284] ...uvc_scan_streaming() rc=0
11-30 15:33:22.331  2759  3430 D Uvc     : [device.cpp:1041] ...uvc_parse_vc_header() rc=0
11-30 15:33:22.331  2759  3430 D Uvc     : [device.cpp:1083] uvc_parse_vc_input_terminal()...
11-30 15:33:22.331  2759  3430 D Uvc     : [device.cpp:1083] ...uvc_parse_vc_input_terminal() rc=0
11-30 15:33:22.331  2759  3430 D Uvc     : [device.cpp:1156] uvc_parse_vc_processing_unit()...
11-30 15:33:22.331  2759  3430 D Uvc     : [device.cpp:1156] ...uvc_parse_vc_processing_unit() rc=0
11-30 15:33:22.331  2759  3430 D Uvc     : [device.cpp:986] ...uvc_scan_control() rc=0
11-30 15:33:22.331  2759  3430 D Uvc     : [device.cpp:386] ...uvc_get_device_info() rc=0
11-30 15:33:22.331  2759  3430 D Uvc     : [device.cpp:326] claiming control interface 0
11-30 15:33:22.331  2759  3430 D Uvc     : [libuvc/libuvc_internal.h:771] uvc_device_handle::claimInterface(idx=0)...
11-30 15:33:22.332  2759  3430 D UvcDevice: claimInterface(0)
11-30 15:33:22.333  2759  3430 D UvcDevice: claimInterface(0) succeeded
11-30 15:33:22.333  2759  3430 D Uvc     : [libuvc/libuvc_internal.h:784] claimInterface(0) succeeded
11-30 15:33:22.333  2759  3430 D Uvc     : [libuvc/libuvc_internal.h:771] ...uvc_device_handle::claimInterface() rc=0
11-30 15:33:22.333  2759  3430 D Uvc     : [device.cpp:279] ...uvc_open() rc=0
11-30 15:33:22.333  2759  3430 V Uvc     : API: Java_org_firstinspires_ftc_robotcore_internal_camera_libuvc_nativeobject_UvcDevice_nativeOpenDeviceHandle: ...exit
11-30 15:33:22.333  2759  3430 D Uvc     : [jni_device.cpp:233] ...Java_org_firstinspires_ftc_robotcore_internal_camera_libuvc_nativeobject_UvcDevice_nativeOpenDeviceHandle()
11-30 15:33:22.334  2759  3430 V UvcDeviceHandle: construct(pointer=0x71c1f95920)
11-30 15:33:22.335  2759  3430 V CameraImpl: construct(0x04c65b61)
11-30 15:33:22.336  2759  3430 D UsbResiliantWebcam.InterveningStateCallback: onOpened() camera=CameraImpl(UvcDeviceHandle(pointer=0x71c1f95920|UvcDevice(/dev/bus/usb/003/004)))...
11-30 15:33:22.338  2759  3430 D UsbResiliantWebcam: changeDelegatedCamera(null->CameraImpl(UvcDeviceHandle(pointer=0x71c1f95920|UvcDevice(/dev/bus/usb/003/004))))...
11-30 15:33:22.339  2759  3430 D UvcApiFocusControl: isModeSupported(Auto)...
11-30 15:33:22.339  2759  3430 D UvcApiFocusControl: ...isModeSupported(Auto): false
11-30 15:33:22.340  2759  3430 D UvcApiFocusControl: isModeSupported(ContinuousAuto)...
11-30 15:33:22.340  2759  3430 D UvcApiFocusControl: ...isModeSupported(ContinuousAuto): false
11-30 15:33:22.341  2759  3430 D UvcApiFocusControl: isModeSupported(Macro)...
11-30 15:33:22.341  2759  3430 D UvcApiFocusControl: ...isModeSupported(Macro): false
11-30 15:33:22.342  2759  3430 D UvcApiFocusControl: isModeSupported(Infinity)...
11-30 15:33:22.342  2759  3430 D UvcApiFocusControl: ...isModeSupported(Infinity): false
11-30 15:33:22.343  2759  3430 D UvcApiFocusControl: isModeSupported(Fixed)...
11-30 15:33:22.343  2759  3430 D UvcApiFocusControl: ...isModeSupported(Fixed): true
11-30 15:33:22.343  2759  3430 D UvcApiFocusControl: isFocusLengthSupported...
11-30 15:33:22.344  2759  3430 D UvcApiFocusControl: ...isFocusLengthSupported: false
11-30 15:33:22.348  2759  3430 D CachingExposureControl: onCameraChanged(null->CameraImpl(UvcDeviceHandle(pointer=0x71c1f95920|UvcDevice(/dev/bus/usb/003/004))))...
11-30 15:33:22.349  2759  3430 D UvcApiExposureControl: isModeSupported(Auto)...
11-30 15:33:22.351  2759  3430 D UvcApiExposureControl: ...isModeSupported(Auto): false
11-30 15:33:22.352  2759  3430 D UvcApiExposureControl: isModeSupported(ContinuousAuto)...
11-30 15:33:22.354  2759  3430 D UvcApiExposureControl: ...isModeSupported(ContinuousAuto): false
11-30 15:33:22.354  2759  3430 D UvcApiExposureControl: isModeSupported(Manual)...
11-30 15:33:22.356  2759  3430 D UvcApiExposureControl: ...isModeSupported(Manual): true
11-30 15:33:22.357  2759  3430 D UvcApiExposureControl: isModeSupported(ShutterPriority)...
11-30 15:33:22.359  2759  3430 D UvcApiExposureControl: ...isModeSupported(ShutterPriority): false
11-30 15:33:22.360  2759  3430 D UvcApiExposureControl: isModeSupported(AperturePriority)...
11-30 15:33:22.362  2759  3430 D UvcApiExposureControl: ...isModeSupported(AperturePriority): true
11-30 15:33:22.362  2759  3430 D UvcApiExposureControl: isExposureSupported()...
11-30 15:33:22.362  2759  3430 D UvcApiExposureControl: ...isExposureSupported(): true
11-30 15:33:22.363  2759  3430 D UvcApiExposureControl: getMinExposure(NANOSECONDS)...
11-30 15:33:22.363  2759  3430 D Uvc     : [jni_devicehandle.cpp:654] Java_org_firstinspires_ftc_robotcore_internal_camera_libuvc_nativeobject_UvcDeviceHandle_nativeGetMinExposure()...
11-30 15:33:22.365  2759  3430 D Uvc     : [jni_devicehandle.cpp:654] ...Java_org_firstinspires_ftc_robotcore_internal_camera_libuvc_nativeobject_UvcDeviceHandle_nativeGetMinExposure()
11-30 15:33:22.365  2759  3430 D UvcApiExposureControl: ...getMinExposure(NANOSECONDS): 100000
11-30 15:33:22.366  2759  3430 D UvcApiExposureControl: getMaxExposure(NANOSECONDS)...
11-30 15:33:22.368  2759  3430 D UvcApiExposureControl: ...getMaxExposure(NANOSECONDS): 1000000000
11-30 15:33:22.368  2759  3430 D UvcApiExposureControl: getMode()...
11-30 15:33:22.369  2759  3430 D Uvc     : [jni_devicehandle.cpp:502] Java_org_firstinspires_ftc_robotcore_internal_camera_libuvc_nativeobject_UvcDeviceHandle_nativeGetExposureModeId()...
11-30 15:33:22.370  2759  3430 D Uvc     : [jni_devicehandle.cpp:502] ...Java_org_firstinspires_ftc_robotcore_internal_camera_libuvc_nativeobject_UvcDeviceHandle_nativeGetExposureModeId()
11-30 15:33:22.371  2759  3430 D UvcApiExposureControl: ...getMode(): AperturePriority
11-30 15:33:22.373  2759  3430 D CachingExposureControl: ...onCameraChanged(null->CameraImpl(UvcDeviceHandle(pointer=0x71c1f95920|UvcDevice(/dev/bus/usb/003/004))))
11-30 15:33:22.374  2759  3430 D UvcApiPtzControl: getMinZoom()...
11-30 15:33:22.375  2759  3430 E UvcDeviceHandle: [jni_devicehandle.cpp:218] Failed to get min zoom : error -9
11-30 15:33:22.375  2759  3430 D UvcApiPtzControl: ...getMinZoom(): 0
11-30 15:33:22.376  2759  3430 D UvcApiPtzControl: getMaxZoom()...
11-30 15:33:22.377  2759  3430 E UvcDeviceHandle: [jni_devicehandle.cpp:241] Failed to get max zoom : error -9
11-30 15:33:22.377  2759  3430 D UvcApiPtzControl: ...getMaxZoom(): 0
11-30 15:33:22.378  2759  3430 D UvcApiPtzControl: getMinPanTilt()...
11-30 15:33:22.379  2759  3430 E UvcDeviceHandle: [jni_devicehandle.cpp:364] Failed to get min pan/tilt : error -9
11-30 15:33:22.379  2759  3430 D UvcApiPtzControl: ...getMinPanTilt(): org.firstinspires.ftc.robotcore.external.hardware.camera.controls.PtzControl$PanTiltHolder@652a686
11-30 15:33:22.380  2759  3430 D UvcApiPtzControl: getMaxPanTilt()...
11-30 15:33:22.381  2759  3430 E UvcDeviceHandle: [jni_devicehandle.cpp:332] Failed to get max pan/tilt : error -9
11-30 15:33:22.381  2759  3430 D UvcApiPtzControl: ...getMaxPanTilt(): org.firstinspires.ftc.robotcore.external.hardware.camera.controls.PtzControl$PanTiltHolder@191eb47
11-30 15:33:22.381  2759  3430 D UvcApiPtzControl: getZoom()...
11-30 15:33:22.383  2759  3430 E UvcDeviceHandle: [jni_devicehandle.cpp:195] Failed to get zoom : error -9
11-30 15:33:22.383  2759  3430 D UvcApiPtzControl: ...getZoom(): 0
11-30 15:33:22.383  2759  3430 D UvcApiPtzControl: getPanTilt()...
11-30 15:33:22.384  2759  3430 E UvcDeviceHandle: [jni_devicehandle.cpp:300] Failed to get pan/tilt : error -9
11-30 15:33:22.385  2759  3430 D UvcApiPtzControl: ...getPanTilt(): org.firstinspires.ftc.robotcore.external.hardware.camera.controls.PtzControl$PanTiltHolder@baff74
11-30 15:33:22.385  2759  3430 D UvcApiGainControl: getMinGain()...
11-30 15:33:22.385  2759  3430 D Uvc     : [jni_devicehandle.cpp:903] Java_org_firstinspires_ftc_robotcore_internal_camera_libuvc_nativeobject_UvcDeviceHandle_nativeGetMinGain()...
11-30 15:33:22.387  2759  3430 D Uvc     : [jni_devicehandle.cpp:903] ...Java_org_firstinspires_ftc_robotcore_internal_camera_libuvc_nativeobject_UvcDeviceHandle_nativeGetMinGain()
11-30 15:33:22.388  2759  3430 D UvcApiGainControl: ...getMinGain(): 0
11-30 15:33:22.388  2759  3430 D UvcApiGainControl: getMaxGain()...
11-30 15:33:22.388  2759  3430 D Uvc     : [jni_devicehandle.cpp:926] Java_org_firstinspires_ftc_robotcore_internal_camera_libuvc_nativeobject_UvcDeviceHandle_nativeGetMaxGain()...
11-30 15:33:22.390  2759  3430 D Uvc     : [jni_devicehandle.cpp:926] ...Java_org_firstinspires_ftc_robotcore_internal_camera_libuvc_nativeobject_UvcDeviceHandle_nativeGetMaxGain()
11-30 15:33:22.390  2759  3430 D UvcApiGainControl: ...getMaxGain(): 255
11-30 15:33:22.391  2759  3430 D UvcApiGainControl: getGain()...
11-30 15:33:22.391  2759  3430 D Uvc     : [jni_devicehandle.cpp:949] Java_org_firstinspires_ftc_robotcore_internal_camera_libuvc_nativeobject_UvcDeviceHandle_nativeGetGain()...
11-30 15:33:22.393  2759  3430 D Uvc     : [jni_devicehandle.cpp:949] ...Java_org_firstinspires_ftc_robotcore_internal_camera_libuvc_nativeobject_UvcDeviceHandle_nativeGetGain()
11-30 15:33:22.393  2759  3430 D UvcApiGainControl: ...getGain(): 250
11-30 15:33:22.394  2759  3430 D UvcApiWhiteBalanceControl: getMinWhiteBalanceTemperature()...
11-30 15:33:22.394  2759  3430 D Uvc     : [jni_devicehandle.cpp:735] Java_org_firstinspires_ftc_robotcore_internal_camera_libuvc_nativeobject_UvcDeviceHandle_nativeGetMinWhiteBalanceTemperature()...
11-30 15:33:22.396  2759  3430 D Uvc     : [jni_devicehandle.cpp:735] ...Java_org_firstinspires_ftc_robotcore_internal_camera_libuvc_nativeobject_UvcDeviceHandle_nativeGetMinWhiteBalanceTemperature()
11-30 15:33:22.396  2759  3430 D UvcApiWhiteBalanceControl: ...getMinWhiteBalanceTemperature(): 0
11-30 15:33:22.396  2759  3430 D UvcApiWhiteBalanceControl: getMaxWhiteBalanceTemperature()...
11-30 15:33:22.397  2759  3430 D Uvc     : [jni_devicehandle.cpp:757] Java_org_firstinspires_ftc_robotcore_internal_camera_libuvc_nativeobject_UvcDeviceHandle_nativeGetMaxWhiteBalanceTemperature()...
11-30 15:33:22.399  2759  3430 D Uvc     : [jni_devicehandle.cpp:757] ...Java_org_firstinspires_ftc_robotcore_internal_camera_libuvc_nativeobject_UvcDeviceHandle_nativeGetMaxWhiteBalanceTemperature()
11-30 15:33:22.399  2759  3430 D UvcApiWhiteBalanceControl: ...getMaxWhiteBalanceTemperature(): 10000
11-30 15:33:22.399  2759  3430 D UvcApiWhiteBalanceControl: getWhiteBalanceTemperature()...
11-30 15:33:22.399  2759  3430 D Uvc     : [jni_devicehandle.cpp:802] Java_org_firstinspires_ftc_robotcore_internal_camera_libuvc_nativeobject_UvcDeviceHandle_nativeGetWhiteBalanceTemperature()...
11-30 15:33:22.402  2759  3430 D Uvc     : [jni_devicehandle.cpp:802] ...Java_org_firstinspires_ftc_robotcore_internal_camera_libuvc_nativeobject_UvcDeviceHandle_nativeGetWhiteBalanceTemperature()
11-30 15:33:22.402  2759  3430 D UvcApiWhiteBalanceControl: ...getWhiteBalanceTemperature(): 1530
11-30 15:33:22.402  2759  3430 D UsbResiliantWebcam: ...changeDelegatedCamera(null->CameraImpl(UvcDeviceHandle(pointer=0x71c1f95920|UvcDevice(/dev/bus/usb/003/004))))
11-30 15:33:22.402  2759  3430 D UsbResiliantWebcam: openSelfAndReport()...
11-30 15:33:22.403  2759  3430 V CameraImpl: construct(0x012c4c9d)
11-30 15:33:22.403  2759  3430 D UsbResiliantWebcam: ...openSelfAndReport()
11-30 15:33:22.403  2759  3430 D UsbResiliantWebcam.InterveningStateCallback: ...onOpened() camera=CameraImpl(UvcDeviceHandle(pointer=0x71c1f95920|UvcDevice(/dev/bus/usb/003/004)))
11-30 15:33:22.403  2759  3430 D UvcDevice: ...open()
11-30 15:33:22.403  2759  3427 D CameraManager: camera reports opened: CameraImpl(UsbResiliantWebcam(Webcam(25C90B40)))
11-30 15:33:22.403  2759  3430 D UsbResiliantWebcam: ...openAssumingPermission()
11-30 15:33:22.404  2759  3430 D CameraManager: ...asyncOpenWebcam(Webcam(25C90B40))
11-30 15:33:22.404  2759  3430 D CameraManager: ...asyncOpenCamera(Webcam(25C90B40))
11-30 15:33:22.404  2759  3427 D ContinuationSynchronizer: finish("camera reports opened: Webcam(25C90B40)": CameraImpl(UsbResiliantWebcam(Webcam(25C90B40))))...
11-30 15:33:22.404  2759  3427 D ContinuationSynchronizer: ...finish("camera reports opened: Webcam(25C90B40)": CameraImpl(UsbResiliantWebcam(Webcam(25C90B40))))
11-30 15:33:22.404  2759  3444 D ContinuationSynchronizer: ...awaiting(camera open)
11-30 15:33:22.405  2759  3444 D CameraManager: ...doOpenCamera()
11-30 15:33:22.410  2759  3444 D UvcContext: found webcam: usbPath=/dev/bus/usb/003/004 vid=0x46D pid=0x825 serial=25C90B40 product=null
11-30 15:33:22.410  2759  3444 D Uvc     : [jni_context.cpp:120] Java_org_firstinspires_ftc_robotcore_internal_camera_libuvc_nativeobject_UvcContext_nativeCreateUvcDevice()...
11-30 15:33:22.410  2759  3444 V Uvc     : API: Java_org_firstinspires_ftc_robotcore_internal_camera_libuvc_nativeobject_UvcContext_nativeCreateUvcDevice: enter...
11-30 15:33:22.412  2759  3444 D libusb  : [408.599862] [00000d74] libusb: debug [op_create] op_create: szUsbPath=/dev/bus/usb/003/004 szSysfsDir=3-1.4
11-30 15:33:22.412  2759  3444 D Uvc     : [device.cpp:613] uvc_create_uvc_device()...
11-30 15:33:22.412  2759  3444 D Uvc     : [libuvc/libuvc_internal.h:347] uvc_device::uvc_device()...
11-30 15:33:22.412  2759  3444 D Uvc     : [libuvc/libuvc_internal.h:376] acquired vid=1133 & pid=2085
11-30 15:33:22.412  2759  3444 D Uvc     : [libuvc/libuvc_internal.h:347] ...uvc_device::uvc_device()
11-30 15:33:22.412  2759  3444 D Uvc     : [device.cpp:613] ...uvc_create_uvc_device() rc=0
11-30 15:33:22.412  2759  3444 V Uvc     : API: Java_org_firstinspires_ftc_robotcore_internal_camera_libuvc_nativeobject_UvcContext_nativeCreateUvcDevice: ...exit
11-30 15:33:22.412  2759  3444 D Uvc     : [jni_context.cpp:120] ...Java_org_firstinspires_ftc_robotcore_internal_camera_libuvc_nativeobject_UvcContext_nativeCreateUvcDevice()
11-30 15:33:22.413  2759  3444 V UvcDevice: construct(pointer=0x71b256df00|null)
11-30 15:33:22.413  2759  3444 D Uvc     : [jni_device.cpp:108] Java_org_firstinspires_ftc_robotcore_internal_camera_libuvc_nativeobject_UvcDevice_nativeGetLibUsbDevice()...
11-30 15:33:22.413  2759  3444 D Uvc     : [jni_device.cpp:108] ...Java_org_firstinspires_ftc_robotcore_internal_camera_libuvc_nativeobject_UvcDevice_nativeGetLibUsbDevice()
11-30 15:33:22.414  2759  3444 V LibUsbDevice: construct(pointer=0x71c1fe1800)
11-30 15:33:22.414  2759  3444 D UvcContext: usb device is *not* UVC compatible, /dev/bus/usb/003/003
11-30 15:33:22.415  2759  3444 V UvcApiCameraCharacteristicsBuilder: construct(0x0da2a512)
11-30 15:33:22.415  2759  3444 D Uvc     : [jni_device.cpp:289] Java_org_firstinspires_ftc_robotcore_internal_camera_libuvc_nativeobject_UvcDevice_nativeGetDeviceInfo()...
11-30 15:33:22.415  2759  3444 V Uvc     : API: Java_org_firstinspires_ftc_robotcore_internal_camera_libuvc_nativeobject_UvcDevice_nativeGetDeviceInfo: enter...
11-30 15:33:22.415  2759  3444 D Uvc     : [device.cpp:386] uvc_get_device_info()...
11-30 15:33:22.415  2759  3444 D libusb  : [408.602983] [00000d74] libusb: debug [op_get_config_descriptor] op_get_config_descriptor: config_index=0
11-30 15:33:22.415  2759  3444 D libusb  : [408.603050] [00000d74] libusb: debug [op_get_config_descriptor] op_get_config_descriptor: config_index=0
11-30 15:33:22.415  2759  3444 D Uvc     : [device.cpp:986] uvc_scan_control()...
11-30 15:33:22.415  2759  3444 D Uvc     : [device.cpp:1041] uvc_parse_vc_header()...
11-30 15:33:22.415  2759  3444 D Uvc     : [device.cpp:1284] uvc_scan_streaming()...
11-30 15:33:22.415  2759  3444 D Uvc     : [device.cpp:1340] uvc_parse_vs_input_header()...
11-30 15:33:22.416  2759  3444 D Uvc     : [device.cpp:1340] ...uvc_parse_vs_input_header() rc=0
11-30 15:33:22.416  2759  3444 D Uvc     : [device.cpp:1389] uvc_parse_vs_format_uncompressed()...
11-30 15:33:22.416  2759  3444 D Uvc     : [device.cpp:1389] ...uvc_parse_vs_format_uncompressed() rc=0
11-30 15:33:22.416  2759  3444 V Uvc     : [device.cpp:1630] unsupported descriptor subtype: 13 UVC_VS_COLORFORMAT
11-30 15:33:22.416  2759  3444 D Uvc     : [device.cpp:1449] uvc_parse_vs_format_mjpeg()...
11-30 15:33:22.416  2759  3444 D Uvc     : [device.cpp:1449] ...uvc_parse_vs_format_mjpeg() rc=0
11-30 15:33:22.416  2759  3444 V Uvc     : [device.cpp:1630] unsupported descriptor subtype: 13 UVC_VS_COLORFORMAT
11-30 15:33:22.416  2759  3444 D Uvc     : [device.cpp:1284] ...uvc_scan_streaming() rc=0
11-30 15:33:22.416  2759  3444 D Uvc     : [device.cpp:1041] ...uvc_parse_vc_header() rc=0
11-30 15:33:22.416  2759  3444 D Uvc     : [device.cpp:1083] uvc_parse_vc_input_terminal()...
11-30 15:33:22.416  2759  3444 D Uvc     : [device.cpp:1083] ...uvc_parse_vc_input_terminal() rc=0
11-30 15:33:22.417  2759  3444 D Uvc     : [device.cpp:1156] uvc_parse_vc_processing_unit()...
11-30 15:33:22.417  2759  3444 D Uvc     : [device.cpp:1156] ...uvc_parse_vc_processing_unit() rc=0
11-30 15:33:22.417  2759  3444 D Uvc     : [device.cpp:986] ...uvc_scan_control() rc=0
11-30 15:33:22.417  2759  3444 D Uvc     : [device.cpp:386] ...uvc_get_device_info() rc=0
11-30 15:33:22.417  2759  3444 V Uvc     : API: Java_org_firstinspires_ftc_robotcore_internal_camera_libuvc_nativeobject_UvcDevice_nativeGetDeviceInfo: ...exit
11-30 15:33:22.417  2759  3444 D Uvc     : [jni_device.cpp:289] ...Java_org_firstinspires_ftc_robotcore_internal_camera_libuvc_nativeobject_UvcDevice_nativeGetDeviceInfo()
11-30 15:33:22.417  2759  3444 V UvcDeviceInfo: construct(pointer=0x71bbd91980)
11-30 15:33:22.418  2759  3444 V UvcStreamingInterface: construct(pointer=0x71b256df80)
11-30 15:33:22.472  2759  3444 V UvcStreamingInterface: destroy(pointer=0x71b256df80)
11-30 15:33:22.472  2759  3444 V UvcDeviceInfo: destroy(pointer=0x71bbd91980)
11-30 15:33:22.472  2759  3444 D Uvc     : [jni_deviceinfo.cpp:63] Java_org_firstinspires_ftc_robotcore_internal_camera_libuvc_nativeobject_UvcDeviceInfo_nativeFreeDeviceInfo()...
11-30 15:33:22.472  2759  3444 V Uvc     : API: Java_org_firstinspires_ftc_robotcore_internal_camera_libuvc_nativeobject_UvcDeviceInfo_nativeFreeDeviceInfo: enter...
11-30 15:33:22.472  2759  3444 D Uvc     : [device.cpp:433] uvc_free_device_info()...
11-30 15:33:22.472  2759  3444 D Uvc     : [device.cpp:433] ...uvc_free_device_info()
11-30 15:33:22.472  2759  3444 V Uvc     : API: Java_org_firstinspires_ftc_robotcore_internal_camera_libuvc_nativeobject_UvcDeviceInfo_nativeFreeDeviceInfo: ...exit
11-30 15:33:22.472  2759  3444 D Uvc     : [jni_deviceinfo.cpp:63] ...Java_org_firstinspires_ftc_robotcore_internal_camera_libuvc_nativeobject_UvcDeviceInfo_nativeFreeDeviceInfo()
11-30 15:33:22.473  2759  3444 V UvcApiCameraCharacteristicsBuilder: destroy(hash=0x0da2a512)
11-30 15:33:22.473  2759  3444 V UvcDevice: destroy(pointer=0x71b256df00|/dev/bus/usb/003/004)
11-30 15:33:22.473  2759  3444 D Uvc     : [jni_device.cpp:126] Java_org_firstinspires_ftc_robotcore_internal_camera_libuvc_nativeobject_UvcDevice_nativeReleaseRefDevice()...
11-30 15:33:22.473  2759  3444 V Uvc     : API: Java_org_firstinspires_ftc_robotcore_internal_camera_libuvc_nativeobject_UvcDevice_nativeReleaseRefDevice: enter...
11-30 15:33:22.473  2759  3444 D Uvc     : [device.cpp:882] uvc_unref_device()...
11-30 15:33:22.473  2759  3444 D Uvc     : [device.cpp:882] ...uvc_unref_device()
11-30 15:33:22.473  2759  3444 V Uvc     : API: Java_org_firstinspires_ftc_robotcore_internal_camera_libuvc_nativeobject_UvcDevice_nativeReleaseRefDevice: ...exit
11-30 15:33:22.473  2759  3444 D Uvc     : [jni_device.cpp:126] ...Java_org_firstinspires_ftc_robotcore_internal_camera_libuvc_nativeobject_UvcDevice_nativeReleaseRefDevice()
11-30 15:33:22.473  2759  3444 V LibUsbDevice: destroy(pointer=0x71c1fe1800)
11-30 15:33:22.473  2759  3444 D Uvc     : [jni_libusb_device.cpp:64] Java_org_firstinspires_ftc_robotcore_internal_camera_libuvc_nativeobject_LibUsbDevice_nativeReleaseRefDevice()...
11-30 15:33:22.473  2759  3444 D Uvc     : [jni_libusb_device.cpp:64] ...Java_org_firstinspires_ftc_robotcore_internal_camera_libuvc_nativeobject_LibUsbDevice_nativeReleaseRefDevice()
11-30 15:33:22.476  2759  3444 D UsbResiliantWebcam: createCaptureSession()...
11-30 15:33:22.476  2759  3444 V DelCaptureSession: construct(0x0a77f4e3)
11-30 15:33:22.477  2759  3444 D UsbResiliantWebcam|DelCaptureSession: onCameraChange(null->CameraImpl(UvcDeviceHandle(pointer=0x71c1f95920|UvcDevice(/dev/bus/usb/003/004))))...
11-30 15:33:22.477  2759  3444 D UsbResiliantWebcam|DelCaptureSession: ...onCameraChange(null->CameraImpl(UvcDeviceHandle(pointer=0x71c1f95920|UvcDevice(/dev/bus/usb/003/004))))
11-30 15:33:22.479  2759  3444 D CachingExposureControl: onCameraChanged(CameraImpl(UvcDeviceHandle(pointer=0x71c1f95920|UvcDevice(/dev/bus/usb/003/004)))->CameraImpl(UvcDeviceHandle(pointer=0x71c1f95920|UvcDevice(/dev/bus/usb/003/004))))...
11-30 15:33:22.479  2759  3444 D CachingExposureControl: ...onCameraChanged(CameraImpl(UvcDeviceHandle(pointer=0x71c1f95920|UvcDevice(/dev/bus/usb/003/004)))->CameraImpl(UvcDeviceHandle(pointer=0x71c1f95920|UvcDevice(/dev/bus/usb/003/004))))
11-30 15:33:22.479  2759  3444 D UsbResiliantWebcam: ...createCaptureSession()
11-30 15:33:22.479  2759  3206 D UsbResiliantWebcam|DelCaptureSession: startCapture()...
11-30 15:33:22.480  2759  3206 V DelCaptureSequence: construct(0x0c429ee0)
11-30 15:33:22.480  2759  3206 D UsbResiliantWebcam|DelCaptureSequence: onCameraChange(null->CameraImpl(UvcDeviceHandle(pointer=0x71c1f95920|UvcDevice(/dev/bus/usb/003/004))))...
11-30 15:33:22.481  2759  3206 D UsbResiliantWebcam|DelCaptureSequence: pauseStreaming(Stopped)...
11-30 15:33:22.481  2759  3206 D UsbResiliantWebcam|DelCaptureSequence: ...pauseStreaming(Stopped)
11-30 15:33:22.481  2759  3206 D UsbResiliantWebcam|DelCaptureSequence: resumeStreaming(Stopped)...
11-30 15:33:22.482  2759  3206 D UsbResiliantWebcam|DelCaptureSequence: ...resumeStreaming(Stopped)
11-30 15:33:22.482  2759  3206 D UsbResiliantWebcam|DelCaptureSequence: ...onCameraChange(null->CameraImpl(UvcDeviceHandle(pointer=0x71c1f95920|UvcDevice(/dev/bus/usb/003/004))))
11-30 15:33:22.482  2759  3206 D UsbResiliantWebcam|DelCaptureSequence: startStreaming(Stopped)...
11-30 15:33:22.482  2759  3206 D UsbResiliantWebcam|DelCaptureSequence: doStreaming()...
11-30 15:33:22.482  2759  3206 V UvcApiCaptureSession: construct(0x06061599)
11-30 15:33:22.484  2759  3427 D UsbResiliantWebcam|DelCaptureSession: camera session is configured: Webcam(25C90B40)
11-30 15:33:22.485  2759  3206 V UvcApiCameraCaptureSequence: construct(0x0882005e)
11-30 15:33:22.485  2759  3206 D UvcDeviceHandle: getStreamControl(640x480 30)...
11-30 15:33:22.485  2759  3206 V UvcStreamCtrl: construct(0x022afc3f)
11-30 15:33:22.485  2759  3206 D Uvc     : [jni_devicehandle.cpp:114] Java_org_firstinspires_ftc_robotcore_internal_camera_libuvc_nativeobject_UvcDeviceHandle_nativeGetStreamControlFormatSize()...
11-30 15:33:22.485  2759  3206 V Uvc     : API: Java_org_firstinspires_ftc_robotcore_internal_camera_libuvc_nativeobject_UvcDeviceHandle_nativeGetStreamControlFormatSize: enter...
11-30 15:33:22.485  2759  3206 D Uvc     : [stream.cpp:373] uvc_get_stream_ctrl_format_size()...
11-30 15:33:22.485  2759  3206 D Uvc     : [libuvc/libuvc_internal.h:771] uvc_device_handle::claimInterface(idx=1)...
11-30 15:33:22.485  2759  3206 D UvcDevice: claimInterface(1)
11-30 15:33:22.486  2759  3206 D UvcDevice: claimInterface(1) succeeded
11-30 15:33:22.486  2759  3206 D Uvc     : [libuvc/libuvc_internal.h:784] claimInterface(1) succeeded
11-30 15:33:22.486  2759  3206 D Uvc     : [libuvc/libuvc_internal.h:771] ...uvc_device_handle::claimInterface() rc=0
11-30 15:33:22.486  2759  3206 D UvcStream: [stream.cpp:412] 640x480 30fps
11-30 15:33:22.486  2759  3206 D Uvc     : [stream.cpp:162] uvc_query_stream_ctrl()...
11-30 15:33:22.490  2759  3206 D Uvc     : [stream.cpp:162] ...uvc_query_stream_ctrl() rc=0
11-30 15:33:22.490  2759  3206 D Uvc     : [libuvc/libuvc_internal.h:794] uvc_device_handle::releaseInterface()...
11-30 15:33:22.490  2759  3206 D UvcDevice: releaseInterface(1)
11-30 15:33:22.491  2759  3206 D UvcDevice: releaseInterface(1) succeeded
11-30 15:33:22.491  2759  3206 D Uvc     : [libuvc/libuvc_internal.h:794] ...uvc_device_handle::releaseInterface() rc=0
11-30 15:33:22.491  2759  3206 D Uvc     : [stream.cpp:523] uvc_probe_stream_ctrl()...
11-30 15:33:22.491  2759  3206 D Uvc     : [libuvc/libuvc_internal.h:771] uvc_device_handle::claimInterface(idx=1)...
11-30 15:33:22.491  2759  3206 D UvcDevice: claimInterface(1)
11-30 15:33:22.492  2759  3206 D UvcDevice: claimInterface(1) succeeded
11-30 15:33:22.492  2759  3206 D Uvc     : [libuvc/libuvc_internal.h:784] claimInterface(1) succeeded
11-30 15:33:22.492  2759  3206 D Uvc     : [libuvc/libuvc_internal.h:771] ...uvc_device_handle::claimInterface() rc=0
11-30 15:33:22.492  2759  3206 D Uvc     : [stream.cpp:162] uvc_query_stream_ctrl()...
11-30 15:33:22.498  2759  3206 D Uvc     : [stream.cpp:162] ...uvc_query_stream_ctrl() rc=0
11-30 15:33:22.498  2759  3206 D Uvc     : [stream.cpp:162] uvc_query_stream_ctrl()...
11-30 15:33:22.502  2759  3206 D Uvc     : [stream.cpp:162] ...uvc_query_stream_ctrl() rc=0
11-30 15:33:22.502  2759  3206 D Uvc     : [stream.cpp:523] ...uvc_probe_stream_ctrl() rc=0
11-30 15:33:22.502  2759  3206 D Uvc     : [stream.cpp:373] ...uvc_get_stream_ctrl_format_size() rc=0
11-30 15:33:22.502  2759  3206 V Uvc     : API: Java_org_firstinspires_ftc_robotcore_internal_camera_libuvc_nativeobject_UvcDeviceHandle_nativeGetStreamControlFormatSize: ...exit
11-30 15:33:22.502  2759  3206 D Uvc     : [jni_devicehandle.cpp:114] ...Java_org_firstinspires_ftc_robotcore_internal_camera_libuvc_nativeobject_UvcDeviceHandle_nativeGetStreamControlFormatSize()
11-30 15:33:22.502  2759  3206 D UvcDeviceHandle: ...getStreamControl(640x480 30)
11-30 15:33:22.502  2759  3206 D Uvc     : [jni_streamcontrol.cpp:101] Java_org_firstinspires_ftc_robotcore_internal_camera_libuvc_nativeobject_UvcStreamCtrl_nativeOpen()...
11-30 15:33:22.502  2759  3206 V Uvc     : API: Java_org_firstinspires_ftc_robotcore_internal_camera_libuvc_nativeobject_UvcStreamCtrl_nativeOpen: enter...
11-30 15:33:22.502  2759  3206 D Uvc     : [devicehandle.cpp:46] uvc_device_handle::openStreamControl()...
11-30 15:33:22.502  2759  3206 D Uvc     : [streamhandle.cpp:58] uvc_stream_handle::claimInterface()...
11-30 15:33:22.502  2759  3206 D Uvc     : [libuvc/libuvc_internal.h:771] uvc_device_handle::claimInterface(idx=1)...
11-30 15:33:22.503  2759  3206 D UvcDevice: claimInterface(1)
11-30 15:33:22.503  2759  3206 D UvcDevice: claimInterface(1) succeeded
11-30 15:33:22.503  2759  3206 D Uvc     : [libuvc/libuvc_internal.h:784] claimInterface(1) succeeded
11-30 15:33:22.503  2759  3206 D Uvc     : [libuvc/libuvc_internal.h:771] ...uvc_device_handle::claimInterface() rc=0
11-30 15:33:22.503  2759  3206 D Uvc     : [streamhandle.cpp:58] ...uvc_stream_handle::claimInterface() rc=0
11-30 15:33:22.503  2759  3206 D Uvc     : [stream.cpp:162] uvc_query_stream_ctrl()...
11-30 15:33:22.512  2759  3206 D Uvc     : [stream.cpp:162] ...uvc_query_stream_ctrl() rc=0
11-30 15:33:22.512  2759  3206 D Uvc     : [devicehandle.cpp:46] ...uvc_device_handle::openStreamControl() rc=0
11-30 15:33:22.512  2759  3206 V Uvc     : API: Java_org_firstinspires_ftc_robotcore_internal_camera_libuvc_nativeobject_UvcStreamCtrl_nativeOpen: ...exit
11-30 15:33:22.512  2759  3206 D Uvc     : [jni_streamcontrol.cpp:101] ...Java_org_firstinspires_ftc_robotcore_internal_camera_libuvc_nativeobject_UvcStreamCtrl_nativeOpen()
11-30 15:33:22.512  2759  3206 V UvcStreamHandle: construct(pointer=0x71c1f5be00)
11-30 15:33:22.512  2759  3206 D Uvc     : [jni_streamhandle.cpp:184] Java_org_firstinspires_ftc_robotcore_internal_camera_libuvc_nativeobject_UvcStreamHandle_nativeStopStreaming()...
11-30 15:33:22.512  2759  3206 V Uvc     : API: Java_org_firstinspires_ftc_robotcore_internal_camera_libuvc_nativeobject_UvcStreamHandle_nativeStopStreaming: enter...
11-30 15:33:22.512  2759  3206 D Uvc     : [stream.cpp:1515] uvc_stream_stop()...
11-30 15:33:22.512  2759  3206 D Uvc     : [stream.cpp:1515] ...uvc_stream_stop() rc=0
11-30 15:33:22.512  2759  3206 V Uvc     : API: Java_org_firstinspires_ftc_robotcore_internal_camera_libuvc_nativeobject_UvcStreamHandle_nativeStopStreaming: ...exit
11-30 15:33:22.512  2759  3206 D Uvc     : [jni_streamhandle.cpp:184] ...Java_org_firstinspires_ftc_robotcore_internal_camera_libuvc_nativeobject_UvcStreamHandle_nativeStopStreaming()
11-30 15:33:22.513  2759  3206 V UvcFrameCallback: construct(0x0ce2c90c)
11-30 15:33:22.513  2759  3206 V UvcFrameCallbackData: construct(pointer=0x71bbd254f0)
11-30 15:33:22.513  2759  3206 V Uvc     : API: Java_org_firstinspires_ftc_robotcore_internal_camera_libuvc_nativeobject_UvcStreamHandle_nativeStartStreaming: enter...
11-30 15:33:22.513  2759  3206 D Uvc     : [stream.cpp:970] uvc_stream_start_bandwidth()...
11-30 15:33:22.513  2759  3206 D Uvc     : [stream.cpp:1173] uvc_stream_handle::startIsochronousStreaming()...
11-30 15:33:22.513  2759  3206 D Uvc     : [libuvc/libuvc_internal.h:826] uvc_device_handle::setInterfaceAltSetting(setInterfaceAltSetting(intf=1 alt=11))...
11-30 15:33:22.513  2759  3206 D UvcDevice: setInterfaceAltSetting(1,11)
11-30 15:33:22.514  2759  3206 D UvcDevice: setInterfaceAltSetting(1,11) succeeded
11-30 15:33:22.514  2759  3206 D Uvc     : [libuvc/libuvc_internal.h:826] ...uvc_device_handle::setInterfaceAltSetting() rc=0
11-30 15:33:22.514  2759  3206 D Uvc     : [stream.cpp:1173] ...uvc_stream_handle::startIsochronousStreaming() rc=0
11-30 15:33:22.514  2759  3206 D Uvc     : [stream.cpp:1201] uvc_stream_handle::startUserCallbackThread()...
11-30 15:33:22.514  2759  3445 D UvcStream: [stream.cpp:1265] User Callback thread started
11-30 15:33:22.514  2759  3206 D Uvc     : [stream.cpp:1201] ...uvc_stream_handle::startUserCallbackThread() rc=0
11-30 15:33:22.514  2759  3206 D Uvc     : [stream.cpp:1221] uvc_stream_handle::submitTransfers()...
11-30 15:33:22.516  2759  3206 D Uvc     : [stream.cpp:1221] ...uvc_stream_handle::submitTransfers() rc=0
11-30 15:33:22.516  2759  3206 D Uvc     : [stream.cpp:970] ...uvc_stream_start_bandwidth() rc=0
11-30 15:33:22.516  2759  3206 D UvcStreamHandle: [jni_streamhandle.cpp:150] successfully started streaming
11-30 15:33:22.516  2759  3206 V Uvc     : API: Java_org_firstinspires_ftc_robotcore_internal_camera_libuvc_nativeobject_UvcStreamHandle_nativeStartStreaming: ...exit
11-30 15:33:22.516  2759  3206 V UvcStreamCtrl: destroy(pointer=0x71b256df00)
11-30 15:33:22.516  2759  3206 D UsbResiliantWebcam|DelCaptureSequence: ...doStreaming()
11-30 15:33:22.516  2759  3206 D UsbResiliantWebcam|DelCaptureSequence: ...startStreaming(Stopped)
11-30 15:33:22.517  2759  3206 D UsbResiliantWebcam|DelCaptureSession: ...startCapture()
11-30 15:33:22.517  2759  3206 I System.out: OpenCvWebcam: onConfigured
11-30 15:33:22.517  2759  3444 I System.out: OpenCvWebcam: streaming started
11-30 15:33:22.518  2759  3444 D CameraCalibrationManager: CameraCalibration(VendorProductCalibrationIdentity(vid=0x046d,pid=0x0825) 640x480 f=822.317,822.317)
11-30 15:33:22.518  2759  3444 D CameraCalibrationManager: getCameraCalibration(): CameraCalibration(VendorProductCalibrationIdentity(vid=0x046d,pid=0x0825) 640x480 f=822.317,822.317)
11-30 15:33:22.523  2759  2866 D UvcStream: [stream.cpp:729] this is the UVC processTransfer() stream processing thread
11-30 15:33:22.529  2759  3443 D UvcApiExposureControl: getMode()...
11-30 15:33:22.530  2759  3443 D Uvc     : [jni_devicehandle.cpp:502] Java_org_firstinspires_ftc_robotcore_internal_camera_libuvc_nativeobject_UvcDeviceHandle_nativeGetExposureModeId()...
11-30 15:33:22.790  2759  3443 D Uvc     : [jni_devicehandle.cpp:502] ...Java_org_firstinspires_ftc_robotcore_internal_camera_libuvc_nativeobject_UvcDeviceHandle_nativeGetExposureModeId()
11-30 15:33:22.791  2759  3443 D UvcApiExposureControl: ...getMode(): AperturePriority
11-30 15:33:22.792  2759  3443 D UvcApiExposureControl: setMode(Manual)...
11-30 15:33:22.796  2759  3443 D UvcApiExposureControl: ...setMode(Manual): true
11-30 15:33:22.847  2759  3443 D UvcApiExposureControl: setExposure(6 MILLISECONDS)...
11-30 15:33:22.852  2759  3443 D UvcApiExposureControl: ...setExposure(6 MILLISECONDS): true
11-30 15:33:22.874  2759  3443 D UvcApiGainControl: setGain(250)...
11-30 15:33:22.877  2759  3443 D UvcApiGainControl: ...setGain(250): true
11-30 15:33:22.988  2759  3445 D AprilTagProcessorImpl: User did not provide a camera calibration; but we DO have a built in calibration we can use.
11-30 15:33:22.988  2759  3445 D AprilTagProcessorImpl:  [640x480] (may be scaled) VendorProductCalibrationIdentity(vid=0x046d,pid=0x0825)
11-30 15:33:22.988  2759  3445 D AprilTagProcessorImpl: fx=822.317 fy=822.317 cx=319.495 cy=242.502
11-30 15:33:24.873  2759  2857 V Robocol : received command: CMD_RUN_OP_MODE(12306) MoveToAprilTag
11-30 15:33:24.888  2759  3049 V Robocol : sending CMD_NOTIFY_RUN_OP_MODE(3178), attempt: 0
11-30 15:33:28.452  2759  2836 V ProgrammingModeManager: serve uri=/java/file/save
11-30 15:33:33.314  2759  2836 V ProgrammingModeManager: serve uri=/java/file/save
11-30 15:33:33.998  2759  2857 V EventLoopManager: synthetic gamepad received: id=-2 user=TWO atRest=true 
11-30 15:33:47.312  2759  2836 V ProgrammingModeManager: serve uri=/java/file/save
11-30 15:33:53.453  2759  2836 V ProgrammingModeManager: serve uri=/java/file/save
11-30 15:33:54.986  2759  2836 V ProgrammingModeManager: serve uri=/java/file/save
11-30 15:33:58.451  2759  2836 V ProgrammingModeManager: serve uri=/java/file/save
11-30 15:34:03.454  2759  2836 V ProgrammingModeManager: serve uri=/java/file/save
11-30 15:34:08.211  2759  2836 V ProgrammingModeManager: serve uri=/java/file/save
11-30 15:34:13.450  2759  2836 V ProgrammingModeManager: serve uri=/java/file/save
11-30 15:34:18.457  2759  2836 V ProgrammingModeManager: serve uri=/java/file/save
11-30 15:34:23.456  2759  2836 V ProgrammingModeManager: serve uri=/java/file/save
11-30 15:34:33.458  2759  2836 V ProgrammingModeManager: serve uri=/java/file/save
11-30 15:34:38.463  2759  2836 V ProgrammingModeManager: serve uri=/java/file/save
11-30 15:34:43.449  2759  2836 V ProgrammingModeManager: serve uri=/java/file/save
11-30 15:34:52.834  2759  2857 V EventLoopManager: synthetic gamepad received: id=-2 user=ONE atRest=true 
11-30 15:34:58.450  2759  2836 V ProgrammingModeManager: serve uri=/java/file/save
11-30 15:35:03.459  2759  2836 V ProgrammingModeManager: serve uri=/java/file/save
11-30 15:35:07.303  2759  2836 V ProgrammingModeManager: serve uri=/java/file/save
11-30 15:35:13.453  2759  2836 V ProgrammingModeManager: serve uri=/java/file/save
11-30 15:35:23.466  2759  2836 V ProgrammingModeManager: serve uri=/java/file/save
11-30 15:35:35.377  2759  2866 D Uvc     : [device.cpp:1829] transfer: not processing/resubmitting, status=1(LIBUSB_TRANSFER_ERROR)
11-30 15:35:35.850  2759  3049 V UpdateUI: Network: active, disconnected
11-30 15:35:35.851  2759  3049 I EventLoopManager: Lost connection while running OpMode: MoveToAprilTag
11-30 15:35:35.851  2759  3049 V NetworkConnectionHandler: Peer connection lost
11-30 15:35:35.859  2759  2869 D SoundPlayer: playing volume=0.000000 samp=3|ms=901
11-30 15:35:36.131  2759  3443 V RobotCore: nack rec'd mod=173 msg#=0 ref#=0 reason=CANCELLED_FOR_SAFETY:259
11-30 15:35:36.134  2759  3443 V RobotCore: nack rec'd mod=173 msg#=0 ref#=0 reason=CANCELLED_FOR_SAFETY:259
11-30 15:35:36.138  2759  3443 V RobotCore: nack rec'd mod=173 msg#=0 ref#=0 reason=CANCELLED_FOR_SAFETY:259
11-30 15:35:36.141  2759  3443 V RobotCore: nack rec'd mod=173 msg#=0 ref#=0 reason=CANCELLED_FOR_SAFETY:259
11-30 15:35:36.377  2759  3443 D RobotCore: User runOpModeMethod exited
11-30 15:35:36.380  2759  3443 V RobotCore: thread: ...terminating 'OpModeThread'
11-30 15:35:36.386  2759  2870 D UsbResiliantWebcam|DelCaptureSession: stopCapture()...
11-30 15:35:36.387  2759  2870 D UsbResiliantWebcam|DelCaptureSequence: undoStreaming()...
11-30 15:35:36.387  2759  2870 D UvcApiCaptureSession: stopCapture()...
11-30 15:35:36.387  2759  2870 D Uvc     : [jni_streamhandle.cpp:184] Java_org_firstinspires_ftc_robotcore_internal_camera_libuvc_nativeobject_UvcStreamHandle_nativeStopStreaming()...
11-30 15:35:36.387  2759  2870 V Uvc     : API: Java_org_firstinspires_ftc_robotcore_internal_camera_libuvc_nativeobject_UvcStreamHandle_nativeStopStreaming: enter...
11-30 15:35:36.387  2759  2870 D Uvc     : [stream.cpp:1515] uvc_stream_stop()...
11-30 15:35:36.387  2759  2870 D UvcStream: [stream.cpp:1543] cancelling extant transfers
11-30 15:35:36.423  2759  2870 D Uvc     : [stream.cpp:1472] (waitForAllTransfers(waiting for cancelled transfers))...
11-30 15:35:36.424  2759  2870 D UvcStream: [stream.cpp:1486] no extant active transfers: continuing
11-30 15:35:36.424  2759  2870 D Uvc     : [stream.cpp:1472] ...()
11-30 15:35:36.424  2759  2870 D Uvc     : [stream.cpp:1189] uvc_stream_handle::stopIsochronousStreaming()...
11-30 15:35:36.424  2759  2870 D Uvc     : [libuvc/libuvc_internal.h:826] uvc_device_handle::setInterfaceAltSetting(setInterfaceAltSetting(intf=1 alt=0))...
11-30 15:35:36.425  2759  2870 D UvcDevice: setInterfaceAltSetting(1,0)
11-30 15:35:36.429  2759  2870 E UvcDevice: setInterfaceAltSetting(1, 0) failed
11-30 15:35:36.429  2759  2870 E Uvc     : [libuvc/libuvc_internal.h:830] libusb_set_interface_alt_setting() failed: rc=-1(UVC_ERROR_IO)
11-30 15:35:36.429  2759  2870 D Uvc     : [libuvc/libuvc_internal.h:826] ...uvc_device_handle::setInterfaceAltSetting() rc=-1
11-30 15:35:36.429  2759  2870 D Uvc     : [stream.cpp:1189] ...uvc_stream_handle::stopIsochronousStreaming() rc=-1
11-30 15:35:36.429  2759  2870 D UvcStream: [stream.cpp:1559] awakening user thread
11-30 15:35:36.430  2759  2870 D UvcStream: [stream.cpp:1568] waiting for user callback thread to finish
11-30 15:35:36.430  2759  3445 D UvcStream: [stream.cpp:1330] user callback thread stopped
11-30 15:35:36.430  2759  2870 D Uvc     : [stream.cpp:1515] ...uvc_stream_stop() rc=0
11-30 15:35:36.430  2759  2870 V Uvc     : API: Java_org_firstinspires_ftc_robotcore_internal_camera_libuvc_nativeobject_UvcStreamHandle_nativeStopStreaming: ...exit
11-30 15:35:36.430  2759  2870 D Uvc     : [jni_streamhandle.cpp:184] ...Java_org_firstinspires_ftc_robotcore_internal_camera_libuvc_nativeobject_UvcStreamHandle_nativeStopStreaming()
11-30 15:35:36.430  2759  2870 V UvcFrameCallback: destroy(hash=0x0ce2c90c)
11-30 15:35:36.431  2759  2870 V UvcFrameCallbackData: destroy(pointer=0x71bbd254f0)
11-30 15:35:36.431  2759  2870 V Uvc     : API: Java_org_firstinspires_ftc_robotcore_internal_camera_libuvc_nativeobject_UvcFrameCallback_nativeReleaseCallbackState: enter...
11-30 15:35:36.431  2759  2870 V Uvc     : API: Java_org_firstinspires_ftc_robotcore_internal_camera_libuvc_nativeobject_UvcFrameCallback_nativeReleaseCallbackState: ...exit
11-30 15:35:36.432  2759  2870 V UvcStreamHandle: destroy(pointer=0x71c1f5be00)
11-30 15:35:36.432  2759  2870 D Uvc     : [jni_streamhandle.cpp:184] Java_org_firstinspires_ftc_robotcore_internal_camera_libuvc_nativeobject_UvcStreamHandle_nativeStopStreaming()...
11-30 15:35:36.432  2759  2870 V Uvc     : API: Java_org_firstinspires_ftc_robotcore_internal_camera_libuvc_nativeobject_UvcStreamHandle_nativeStopStreaming: enter...
11-30 15:35:36.432  2759  2870 D Uvc     : [stream.cpp:1515] uvc_stream_stop()...
11-30 15:35:36.432  2759  2870 D Uvc     : [stream.cpp:1515] ...uvc_stream_stop() rc=0
11-30 15:35:36.432  2759  2870 V Uvc     : API: Java_org_firstinspires_ftc_robotcore_internal_camera_libuvc_nativeobject_UvcStreamHandle_nativeStopStreaming: ...exit
11-30 15:35:36.432  2759  2870 D Uvc     : [jni_streamhandle.cpp:184] ...Java_org_firstinspires_ftc_robotcore_internal_camera_libuvc_nativeobject_UvcStreamHandle_nativeStopStreaming()
11-30 15:35:36.432  2759  2870 D Uvc     : [jni_streamhandle.cpp:200] Java_org_firstinspires_ftc_robotcore_internal_camera_libuvc_nativeobject_UvcStreamHandle_nativeCloseStreamHandle()...
11-30 15:35:36.432  2759  2870 V Uvc     : API: Java_org_firstinspires_ftc_robotcore_internal_camera_libuvc_nativeobject_UvcStreamHandle_nativeCloseStreamHandle: enter...
11-30 15:35:36.432  2759  2870 D Uvc     : [stream.cpp:1585] uvc_stream_close()...
11-30 15:35:36.433  2759  2870 D Uvc     : [streamhandle.cpp:45] uvc_stream_handle::~uvc_stream_handle()...
11-30 15:35:36.433  2759  2870 D Uvc     : [streamhandle.cpp:66] uvc_stream_handle::releaseInterface()...
11-30 15:35:36.433  2759  2870 D Uvc     : [libuvc/libuvc_internal.h:794] uvc_device_handle::releaseInterface()...
11-30 15:35:36.433  2759  2870 D UvcDevice: releaseInterface(1)
11-30 15:35:36.438  2759  2870 D UvcDevice: releaseInterface(1) succeeded
11-30 15:35:36.438  2759  2870 D Uvc     : [libuvc/libuvc_internal.h:794] ...uvc_device_handle::releaseInterface() rc=0
11-30 15:35:36.438  2759  2870 D Uvc     : [streamhandle.cpp:66] ...uvc_stream_handle::releaseInterface()
11-30 15:35:36.438  2759  2870 D Uvc     : [streamhandle.cpp:45] ...uvc_stream_handle::~uvc_stream_handle()
11-30 15:35:36.438  2759  2870 D Uvc     : [stream.cpp:1585] ...uvc_stream_close()
11-30 15:35:36.438  2759  2870 V Uvc     : API: Java_org_firstinspires_ftc_robotcore_internal_camera_libuvc_nativeobject_UvcStreamHandle_nativeCloseStreamHandle: ...exit
11-30 15:35:36.439  2759  2870 D Uvc     : [jni_streamhandle.cpp:200] ...Java_org_firstinspires_ftc_robotcore_internal_camera_libuvc_nativeobject_UvcStreamHandle_nativeCloseStreamHandle()
11-30 15:35:36.439  2759  2870 V UvcApiCameraCaptureSequence: destroy(hash=0x0882005e)
11-30 15:35:36.440  2759  2870 D UvcApiCaptureSession: ...stopCapture()
11-30 15:35:36.440  2759  2870 D UvcApiCaptureSession: doClose()...
11-30 15:35:36.441  2759  3206 D RobotCore: capture sequence DelegatingCaptureSequenceId(1) reports completed: lastFrame=4047
11-30 15:35:36.442  2759  2870 D UvcApiCaptureSession: ...doClose()
11-30 15:35:36.443  2759  3662 D UsbResiliantWebcam|DelCaptureSession: camera session is closed: Webcam(25C90B40)
11-30 15:35:36.443  2759  2870 D UsbResiliantWebcam|DelCaptureSequence: ...undoStreaming()
11-30 15:35:36.443  2759  3662 V UvcApiCaptureSession: destroy(hash=0x06061599)
11-30 15:35:36.444  2759  3206 D RobotCore: capture sequence DelegatingCaptureSequenceId(1) reports completed: lastFrame=4047
11-30 15:35:36.444  2759  2870 V UsbResiliantWebcam|DelCaptureSequence: destroy(hash=0x0c429ee0)
11-30 15:35:36.445  2759  3662 D UvcApiCaptureSession: destructor...
11-30 15:35:36.445  2759  2870 D UsbResiliantWebcam|DelCaptureSession: ...stopCapture()
11-30 15:35:36.445  2759  3662 D UvcApiCaptureSession: ...destructor
11-30 15:35:36.445  2759  2870 D UsbResiliantWebcam|DelCaptureSession: doClose()...
11-30 15:35:36.445  2759  2870 D UsbResiliantWebcam|DelCaptureSession: ...doClose()
11-30 15:35:36.446  2759  2870 V UsbResiliantWebcam|DelCaptureSession: destroy(hash=0x0a77f4e3)
